
> livemetro-app@1.0.0 test
> jest

PASS src/utils/__tests__/performanceUtils.test.ts

ReferenceError: You are trying to access a property or method of the Jest environment after it has been torn down. From src/hooks/__tests__/useDragReorder.test.ts.

      at Timeout._onTimeout (node_modules/react-native/jest/setup.js:415:26)

ReferenceError: You are trying to access a property or method of the Jest environment after it has been torn down. From src/hooks/__tests__/useDragReorder.test.ts.

      at Timeout._onTimeout (node_modules/react-native/jest/setup.js:415:26)

ReferenceError: You are trying to access a property or method of the Jest environment after it has been torn down. From src/hooks/__tests__/useDragReorder.test.ts.

      at Timeout._onTimeout (node_modules/react-native/jest/setup.js:415:26)

ReferenceError: You are trying to access a property or method of the Jest environment after it has been torn down. From src/hooks/__tests__/useDragReorder.test.ts.

      at Timeout._onTimeout (node_modules/react-native/jest/setup.js:415:26)

ReferenceError: You are trying to access a property or method of the Jest environment after it has been torn down. From src/hooks/__tests__/useDragReorder.test.ts.

      at Timeout._onTimeout (node_modules/react-native/jest/setup.js:415:26)

ReferenceError: You are trying to access a property or method of the Jest environment after it has been torn down. From src/hooks/__tests__/useDragReorder.test.ts.

      at Timeout._onTimeout (node_modules/react-native/jest/setup.js:415:26)

ReferenceError: You are trying to access a property or method of the Jest environment after it has been torn down. From src/hooks/__tests__/useDragReorder.test.ts.

      at Timeout._onTimeout (node_modules/react-native/jest/setup.js:415:26)

ReferenceError: You are trying to access a property or method of the Jest environment after it has been torn down. From src/hooks/__tests__/useDragReorder.test.ts.

      at Timeout._onTimeout (node_modules/react-native/jest/setup.js:415:26)

ReferenceError: You are trying to access a property or method of the Jest environment after it has been torn down. From src/hooks/__tests__/useDragReorder.test.ts.

      at Timeout._onTimeout (node_modules/react-native/jest/setup.js:415:26)

ReferenceError: You are trying to access a property or method of the Jest environment after it has been torn down. From src/hooks/__tests__/useDragReorder.test.ts.

      at Timeout._onTimeout (node_modules/react-native/jest/setup.js:415:26)

ReferenceError: You are trying to access a property or method of the Jest environment after it has been torn down. From src/hooks/__tests__/useDragReorder.test.ts.

      at Timeout._onTimeout (node_modules/react-native/jest/setup.js:415:26)

ReferenceError: You are trying to access a property or method of the Jest environment after it has been torn down. From src/hooks/__tests__/useDragReorder.test.ts.

      at Timeout._onTimeout (node_modules/react-native/jest/setup.js:415:26)
PASS src/hooks/__tests__/useDragReorder.test.ts
PASS src/hooks/__tests__/useNearbyStations.test.ts
  ● Console

    console.error
      Warning: An update to HookContainer inside a test was not wrapped in act(...).
      
      When testing, code that causes React state updates should be wrapped into act(...):
      
      act(() => {
        /* fire events that update state */
      });
      /* assert on the output */
      
      This ensures that you're testing the behavior the user would see in the browser. Learn more at https://reactjs.org/link/wrap-tests-with-act
          at hookProps (/Users/younghwankang/Work/LiveMetro/node_modules/@testing-library/react-native/src/render-hook.tsx:45:28)

      78 |       
      79 |       const stations = stationArrays.flat();
    > 80 |       setAllStations(stations);
         |       ^
      81 |       return stations;
      82 |     } catch (error) {
      83 |       console.error('Error loading stations:', error);

      at printWarning (node_modules/react-test-renderer/cjs/react-test-renderer.development.js:72:30)
      at error (node_modules/react-test-renderer/cjs/react-test-renderer.development.js:46:7)
      at warnIfUpdatesNotWrappedWithActDEV (node_modules/react-test-renderer/cjs/react-test-renderer.development.js:16677:9)
      at scheduleUpdateOnFiber (node_modules/react-test-renderer/cjs/react-test-renderer.development.js:14877:5)
      at dispatchSetState (node_modules/react-test-renderer/cjs/react-test-renderer.development.js:7510:7)
      at setAllStations (src/hooks/useNearbyStations.ts:80:7)
      at asyncGeneratorStep (node_modules/@babel/runtime/helpers/asyncToGenerator.js:3:17)
      at _next (node_modules/@babel/runtime/helpers/asyncToGenerator.js:17:9)

    console.error
      Warning: An update to HookContainer inside a test was not wrapped in act(...).
      
      When testing, code that causes React state updates should be wrapped into act(...):
      
      act(() => {
        /* fire events that update state */
      });
      /* assert on the output */
      
      This ensures that you're testing the behavior the user would see in the browser. Learn more at https://reactjs.org/link/wrap-tests-with-act
          at hookProps (/Users/younghwankang/Work/LiveMetro/node_modules/@testing-library/react-native/src/render-hook.tsx:45:28)

      78 |       
      79 |       const stations = stationArrays.flat();
    > 80 |       setAllStations(stations);
         |       ^
      81 |       return stations;
      82 |     } catch (error) {
      83 |       console.error('Error loading stations:', error);

      at printWarning (node_modules/react-test-renderer/cjs/react-test-renderer.development.js:72:30)
      at error (node_modules/react-test-renderer/cjs/react-test-renderer.development.js:46:7)
      at warnIfUpdatesNotWrappedWithActDEV (node_modules/react-test-renderer/cjs/react-test-renderer.development.js:16677:9)
      at scheduleUpdateOnFiber (node_modules/react-test-renderer/cjs/react-test-renderer.development.js:14877:5)
      at dispatchSetState (node_modules/react-test-renderer/cjs/react-test-renderer.development.js:7510:7)
      at setAllStations (src/hooks/useNearbyStations.ts:80:7)
      at asyncGeneratorStep (node_modules/@babel/runtime/helpers/asyncToGenerator.js:3:17)
      at _next (node_modules/@babel/runtime/helpers/asyncToGenerator.js:17:9)

    console.error
      Warning: An update to HookContainer inside a test was not wrapped in act(...).
      
      When testing, code that causes React state updates should be wrapped into act(...):
      
      act(() => {
        /* fire events that update state */
      });
      /* assert on the output */
      
      This ensures that you're testing the behavior the user would see in the browser. Learn more at https://reactjs.org/link/wrap-tests-with-act
          at hookProps (/Users/younghwankang/Work/LiveMetro/node_modules/@testing-library/react-native/src/render-hook.tsx:45:28)

      64 |
      65 |   const updateState = useCallback((updates: Partial<UseNearbyStationsState>) => {
    > 66 |     setState(prevState => ({ ...prevState, ...updates }));
         |     ^
      67 |   }, []);
      68 |
      69 |   /**

      at printWarning (node_modules/react-test-renderer/cjs/react-test-renderer.development.js:72:30)
      at error (node_modules/react-test-renderer/cjs/react-test-renderer.development.js:46:7)
      at warnIfUpdatesNotWrappedWithActDEV (node_modules/react-test-renderer/cjs/react-test-renderer.development.js:16677:9)
      at scheduleUpdateOnFiber (node_modules/react-test-renderer/cjs/react-test-renderer.development.js:14877:5)
      at dispatchSetState (node_modules/react-test-renderer/cjs/react-test-renderer.development.js:7510:7)
      at setState (src/hooks/useNearbyStations.ts:66:5)
      at updateState (src/hooks/useNearbyStations.ts:127:7)
      at asyncGeneratorStep (node_modules/@babel/runtime/helpers/asyncToGenerator.js:3:17)
      at _next (node_modules/@babel/runtime/helpers/asyncToGenerator.js:17:9)

    console.error
      Warning: An update to HookContainer inside a test was not wrapped in act(...).
      
      When testing, code that causes React state updates should be wrapped into act(...):
      
      act(() => {
        /* fire events that update state */
      });
      /* assert on the output */
      
      This ensures that you're testing the behavior the user would see in the browser. Learn more at https://reactjs.org/link/wrap-tests-with-act
          at hookProps (/Users/younghwankang/Work/LiveMetro/node_modules/@testing-library/react-native/src/render-hook.tsx:45:28)

      132 |       });
      133 |
    > 134 |       setLastUpdateTime(now);
          |       ^
      135 |
      136 |       if (onStationsFound) {
      137 |         onStationsFound(nearbyStations);

      at printWarning (node_modules/react-test-renderer/cjs/react-test-renderer.development.js:72:30)
      at error (node_modules/react-test-renderer/cjs/react-test-renderer.development.js:46:7)
      at warnIfUpdatesNotWrappedWithActDEV (node_modules/react-test-renderer/cjs/react-test-renderer.development.js:16677:9)
      at scheduleUpdateOnFiber (node_modules/react-test-renderer/cjs/react-test-renderer.development.js:14877:5)
      at dispatchSetState (node_modules/react-test-renderer/cjs/react-test-renderer.development.js:7510:7)
      at setLastUpdateTime (src/hooks/useNearbyStations.ts:134:7)
      at asyncGeneratorStep (node_modules/@babel/runtime/helpers/asyncToGenerator.js:3:17)
      at _next (node_modules/@babel/runtime/helpers/asyncToGenerator.js:17:9)

    console.error
      Warning: An update to HookContainer inside a test was not wrapped in act(...).
      
      When testing, code that causes React state updates should be wrapped into act(...):
      
      act(() => {
        /* fire events that update state */
      });
      /* assert on the output */
      
      This ensures that you're testing the behavior the user would see in the browser. Learn more at https://reactjs.org/link/wrap-tests-with-act
          at hookProps (/Users/younghwankang/Work/LiveMetro/node_modules/@testing-library/react-native/src/render-hook.tsx:45:28)

      78 |       
      79 |       const stations = stationArrays.flat();
    > 80 |       setAllStations(stations);
         |       ^
      81 |       return stations;
      82 |     } catch (error) {
      83 |       console.error('Error loading stations:', error);

      at printWarning (node_modules/react-test-renderer/cjs/react-test-renderer.development.js:72:30)
      at error (node_modules/react-test-renderer/cjs/react-test-renderer.development.js:46:7)
      at warnIfUpdatesNotWrappedWithActDEV (node_modules/react-test-renderer/cjs/react-test-renderer.development.js:16677:9)
      at scheduleUpdateOnFiber (node_modules/react-test-renderer/cjs/react-test-renderer.development.js:14877:5)
      at dispatchSetState (node_modules/react-test-renderer/cjs/react-test-renderer.development.js:7510:7)
      at setAllStations (src/hooks/useNearbyStations.ts:80:7)
      at asyncGeneratorStep (node_modules/@babel/runtime/helpers/asyncToGenerator.js:3:17)
      at _next (node_modules/@babel/runtime/helpers/asyncToGenerator.js:17:9)

    console.error
      Warning: An update to HookContainer inside a test was not wrapped in act(...).
      
      When testing, code that causes React state updates should be wrapped into act(...):
      
      act(() => {
        /* fire events that update state */
      });
      /* assert on the output */
      
      This ensures that you're testing the behavior the user would see in the browser. Learn more at https://reactjs.org/link/wrap-tests-with-act
          at hookProps (/Users/younghwankang/Work/LiveMetro/node_modules/@testing-library/react-native/src/render-hook.tsx:45:28)

      78 |       
      79 |       const stations = stationArrays.flat();
    > 80 |       setAllStations(stations);
         |       ^
      81 |       return stations;
      82 |     } catch (error) {
      83 |       console.error('Error loading stations:', error);

      at printWarning (node_modules/react-test-renderer/cjs/react-test-renderer.development.js:72:30)
      at error (node_modules/react-test-renderer/cjs/react-test-renderer.development.js:46:7)
      at warnIfUpdatesNotWrappedWithActDEV (node_modules/react-test-renderer/cjs/react-test-renderer.development.js:16677:9)
      at scheduleUpdateOnFiber (node_modules/react-test-renderer/cjs/react-test-renderer.development.js:14877:5)
      at dispatchSetState (node_modules/react-test-renderer/cjs/react-test-renderer.development.js:7510:7)
      at setAllStations (src/hooks/useNearbyStations.ts:80:7)
      at asyncGeneratorStep (node_modules/@babel/runtime/helpers/asyncToGenerator.js:3:17)
      at _next (node_modules/@babel/runtime/helpers/asyncToGenerator.js:17:9)

    console.error
      Warning: An update to HookContainer inside a test was not wrapped in act(...).
      
      When testing, code that causes React state updates should be wrapped into act(...):
      
      act(() => {
        /* fire events that update state */
      });
      /* assert on the output */
      
      This ensures that you're testing the behavior the user would see in the browser. Learn more at https://reactjs.org/link/wrap-tests-with-act
          at hookProps (/Users/younghwankang/Work/LiveMetro/node_modules/@testing-library/react-native/src/render-hook.tsx:45:28)

      64 |
      65 |   const updateState = useCallback((updates: Partial<UseNearbyStationsState>) => {
    > 66 |     setState(prevState => ({ ...prevState, ...updates }));
         |     ^
      67 |   }, []);
      68 |
      69 |   /**

      at printWarning (node_modules/react-test-renderer/cjs/react-test-renderer.development.js:72:30)
      at error (node_modules/react-test-renderer/cjs/react-test-renderer.development.js:46:7)
      at warnIfUpdatesNotWrappedWithActDEV (node_modules/react-test-renderer/cjs/react-test-renderer.development.js:16677:9)
      at scheduleUpdateOnFiber (node_modules/react-test-renderer/cjs/react-test-renderer.development.js:14877:5)
      at dispatchSetState (node_modules/react-test-renderer/cjs/react-test-renderer.development.js:7510:7)
      at setState (src/hooks/useNearbyStations.ts:66:5)
      at updateState (src/hooks/useNearbyStations.ts:127:7)
      at asyncGeneratorStep (node_modules/@babel/runtime/helpers/asyncToGenerator.js:3:17)
      at _next (node_modules/@babel/runtime/helpers/asyncToGenerator.js:17:9)

    console.error
      Warning: An update to HookContainer inside a test was not wrapped in act(...).
      
      When testing, code that causes React state updates should be wrapped into act(...):
      
      act(() => {
        /* fire events that update state */
      });
      /* assert on the output */
      
      This ensures that you're testing the behavior the user would see in the browser. Learn more at https://reactjs.org/link/wrap-tests-with-act
          at hookProps (/Users/younghwankang/Work/LiveMetro/node_modules/@testing-library/react-native/src/render-hook.tsx:45:28)

      132 |       });
      133 |
    > 134 |       setLastUpdateTime(now);
          |       ^
      135 |
      136 |       if (onStationsFound) {
      137 |         onStationsFound(nearbyStations);

      at printWarning (node_modules/react-test-renderer/cjs/react-test-renderer.development.js:72:30)
      at error (node_modules/react-test-renderer/cjs/react-test-renderer.development.js:46:7)
      at warnIfUpdatesNotWrappedWithActDEV (node_modules/react-test-renderer/cjs/react-test-renderer.development.js:16677:9)
      at scheduleUpdateOnFiber (node_modules/react-test-renderer/cjs/react-test-renderer.development.js:14877:5)
      at dispatchSetState (node_modules/react-test-renderer/cjs/react-test-renderer.development.js:7510:7)
      at setLastUpdateTime (src/hooks/useNearbyStations.ts:134:7)
      at asyncGeneratorStep (node_modules/@babel/runtime/helpers/asyncToGenerator.js:3:17)
      at _next (node_modules/@babel/runtime/helpers/asyncToGenerator.js:17:9)

    console.error
      Error loading stations: Error: Network error
          at Object.<anonymous> (/Users/younghwankang/Work/LiveMetro/src/hooks/__tests__/useNearbyStations.test.ts:339:57)
          at Generator.next (<anonymous>)
          at asyncGeneratorStep (/Users/younghwankang/Work/LiveMetro/node_modules/@babel/runtime/helpers/asyncToGenerator.js:3:17)
          at _next (/Users/younghwankang/Work/LiveMetro/node_modules/@babel/runtime/helpers/asyncToGenerator.js:17:9)
          at /Users/younghwankang/Work/LiveMetro/node_modules/@babel/runtime/helpers/asyncToGenerator.js:22:7
          at new Promise (<anonymous>)
          at Object.<anonymous> (/Users/younghwankang/Work/LiveMetro/node_modules/@babel/runtime/helpers/asyncToGenerator.js:14:12)
          at Promise.then.completed (/Users/younghwankang/Work/LiveMetro/node_modules/jest-circus/build/utils.js:298:28)
          at new Promise (<anonymous>)
          at callAsyncCircusFn (/Users/younghwankang/Work/LiveMetro/node_modules/jest-circus/build/utils.js:231:10)
          at _callCircusTest (/Users/younghwankang/Work/LiveMetro/node_modules/jest-circus/build/run.js:316:40)
          at _runTest (/Users/younghwankang/Work/LiveMetro/node_modules/jest-circus/build/run.js:252:3)
          at _runTestsForDescribeBlock (/Users/younghwankang/Work/LiveMetro/node_modules/jest-circus/build/run.js:126:9)
          at _runTestsForDescribeBlock (/Users/younghwankang/Work/LiveMetro/node_modules/jest-circus/build/run.js:121:9)
          at _runTestsForDescribeBlock (/Users/younghwankang/Work/LiveMetro/node_modules/jest-circus/build/run.js:121:9)
          at run (/Users/younghwankang/Work/LiveMetro/node_modules/jest-circus/build/run.js:71:3)
          at runAndTransformResultsToJestFormat (/Users/younghwankang/Work/LiveMetro/node_modules/jest-circus/build/legacy-code-todo-rewrite/jestAdapterInit.js:122:21)
          at jestAdapter (/Users/younghwankang/Work/LiveMetro/node_modules/jest-circus/build/legacy-code-todo-rewrite/jestAdapter.js:79:19)
          at runTestInternal (/Users/younghwankang/Work/LiveMetro/node_modules/jest-runner/build/runTest.js:367:16)
          at runTest (/Users/younghwankang/Work/LiveMetro/node_modules/jest-runner/build/runTest.js:444:34)
          at Object.worker (/Users/younghwankang/Work/LiveMetro/node_modules/jest-runner/build/testWorker.js:106:12)

      81 |       return stations;
      82 |     } catch (error) {
    > 83 |       console.error('Error loading stations:', error);
         |               ^
      84 |       updateState({ 
      85 |         error: '역 정보를 불러올 수 없습니다.',
      86 |         loading: false 

      at error (src/hooks/useNearbyStations.ts:83:15)
          at Generator.throw (<anonymous>)
      at asyncGeneratorStep (node_modules/@babel/runtime/helpers/asyncToGenerator.js:3:17)
      at _throw (node_modules/@babel/runtime/helpers/asyncToGenerator.js:20:9)

    console.error
      Error loading stations: Error: Network error
          at Object.<anonymous> (/Users/younghwankang/Work/LiveMetro/src/hooks/__tests__/useNearbyStations.test.ts:339:57)
          at Generator.next (<anonymous>)
          at asyncGeneratorStep (/Users/younghwankang/Work/LiveMetro/node_modules/@babel/runtime/helpers/asyncToGenerator.js:3:17)
          at _next (/Users/younghwankang/Work/LiveMetro/node_modules/@babel/runtime/helpers/asyncToGenerator.js:17:9)
          at /Users/younghwankang/Work/LiveMetro/node_modules/@babel/runtime/helpers/asyncToGenerator.js:22:7
          at new Promise (<anonymous>)
          at Object.<anonymous> (/Users/younghwankang/Work/LiveMetro/node_modules/@babel/runtime/helpers/asyncToGenerator.js:14:12)
          at Promise.then.completed (/Users/younghwankang/Work/LiveMetro/node_modules/jest-circus/build/utils.js:298:28)
          at new Promise (<anonymous>)
          at callAsyncCircusFn (/Users/younghwankang/Work/LiveMetro/node_modules/jest-circus/build/utils.js:231:10)
          at _callCircusTest (/Users/younghwankang/Work/LiveMetro/node_modules/jest-circus/build/run.js:316:40)
          at _runTest (/Users/younghwankang/Work/LiveMetro/node_modules/jest-circus/build/run.js:252:3)
          at _runTestsForDescribeBlock (/Users/younghwankang/Work/LiveMetro/node_modules/jest-circus/build/run.js:126:9)
          at _runTestsForDescribeBlock (/Users/younghwankang/Work/LiveMetro/node_modules/jest-circus/build/run.js:121:9)
          at _runTestsForDescribeBlock (/Users/younghwankang/Work/LiveMetro/node_modules/jest-circus/build/run.js:121:9)
          at run (/Users/younghwankang/Work/LiveMetro/node_modules/jest-circus/build/run.js:71:3)
          at runAndTransformResultsToJestFormat (/Users/younghwankang/Work/LiveMetro/node_modules/jest-circus/build/legacy-code-todo-rewrite/jestAdapterInit.js:122:21)
          at jestAdapter (/Users/younghwankang/Work/LiveMetro/node_modules/jest-circus/build/legacy-code-todo-rewrite/jestAdapter.js:79:19)
          at runTestInternal (/Users/younghwankang/Work/LiveMetro/node_modules/jest-runner/build/runTest.js:367:16)
          at runTest (/Users/younghwankang/Work/LiveMetro/node_modules/jest-runner/build/runTest.js:444:34)
          at Object.worker (/Users/younghwankang/Work/LiveMetro/node_modules/jest-runner/build/testWorker.js:106:12)

      81 |       return stations;
      82 |     } catch (error) {
    > 83 |       console.error('Error loading stations:', error);
         |               ^
      84 |       updateState({ 
      85 |         error: '역 정보를 불러올 수 없습니다.',
      86 |         loading: false 

      at error (src/hooks/useNearbyStations.ts:83:15)
          at Generator.throw (<anonymous>)
      at asyncGeneratorStep (node_modules/@babel/runtime/helpers/asyncToGenerator.js:3:17)
      at _throw (node_modules/@babel/runtime/helpers/asyncToGenerator.js:20:9)

    console.error
      Error finding nearby stations: Error: Find error
          at Object.<anonymous> (/Users/younghwankang/Work/LiveMetro/src/hooks/__tests__/useNearbyStations.test.ts:372:15)
          at /Users/younghwankang/Work/LiveMetro/node_modules/jest-mock/build/index.js:397:39
          at Object.<anonymous> (/Users/younghwankang/Work/LiveMetro/node_modules/jest-mock/build/index.js:404:13)
          at Object.mockConstructor (/Users/younghwankang/Work/LiveMetro/node_modules/jest-mock/build/index.js:148:19)
          at Object.findNearbyStations (eval at _createMockFunction (/Users/younghwankang/Work/LiveMetro/node_modules/jest-mock/build/index.js:566:31), <anonymous>:3:64)
          at findNearbyStations (/Users/younghwankang/Work/LiveMetro/src/hooks/useNearbyStations.ts:114:46)
          at Generator.next (<anonymous>)
          at asyncGeneratorStep (/Users/younghwankang/Work/LiveMetro/node_modules/@babel/runtime/helpers/asyncToGenerator.js:3:17)
          at _next (/Users/younghwankang/Work/LiveMetro/node_modules/@babel/runtime/helpers/asyncToGenerator.js:17:9)

      139 |
      140 |     } catch (error) {
    > 141 |       console.error('Error finding nearby stations:', error);
          |               ^
      142 |       updateState({
      143 |         error: '주변 역을 찾을 수 없습니다.',
      144 |         loading: false,

      at error (src/hooks/useNearbyStations.ts:141:15)
      at asyncGeneratorStep (node_modules/@babel/runtime/helpers/asyncToGenerator.js:3:17)
      at _next (node_modules/@babel/runtime/helpers/asyncToGenerator.js:17:9)

    console.error
      Error finding nearby stations: Error: Find error
          at Object.<anonymous> (/Users/younghwankang/Work/LiveMetro/src/hooks/__tests__/useNearbyStations.test.ts:372:15)
          at /Users/younghwankang/Work/LiveMetro/node_modules/jest-mock/build/index.js:397:39
          at Object.<anonymous> (/Users/younghwankang/Work/LiveMetro/node_modules/jest-mock/build/index.js:404:13)
          at Object.mockConstructor (/Users/younghwankang/Work/LiveMetro/node_modules/jest-mock/build/index.js:148:19)
          at Object.findNearbyStations (eval at _createMockFunction (/Users/younghwankang/Work/LiveMetro/node_modules/jest-mock/build/index.js:566:31), <anonymous>:3:64)
          at findNearbyStations (/Users/younghwankang/Work/LiveMetro/src/hooks/useNearbyStations.ts:114:46)
          at Generator.next (<anonymous>)
          at asyncGeneratorStep (/Users/younghwankang/Work/LiveMetro/node_modules/@babel/runtime/helpers/asyncToGenerator.js:3:17)
          at _next (/Users/younghwankang/Work/LiveMetro/node_modules/@babel/runtime/helpers/asyncToGenerator.js:17:9)
          at /Users/younghwankang/Work/LiveMetro/node_modules/@babel/runtime/helpers/asyncToGenerator.js:22:7
          at new Promise (<anonymous>)
          at /Users/younghwankang/Work/LiveMetro/node_modules/@babel/runtime/helpers/asyncToGenerator.js:14:12
          at findNearbyStations (/Users/younghwankang/Work/LiveMetro/src/hooks/useNearbyStations.ts:221:7)
          at commitHookEffectListMount (/Users/younghwankang/Work/LiveMetro/node_modules/react-test-renderer/cjs/react-test-renderer.development.js:12999:26)
          at commitPassiveMountOnFiber (/Users/younghwankang/Work/LiveMetro/node_modules/react-test-renderer/cjs/react-test-renderer.development.js:14422:11)
          at commitPassiveMountEffects_complete (/Users/younghwankang/Work/LiveMetro/node_modules/react-test-renderer/cjs/react-test-renderer.development.js:14382:9)
          at commitPassiveMountEffects_begin (/Users/younghwankang/Work/LiveMetro/node_modules/react-test-renderer/cjs/react-test-renderer.development.js:14369:7)
          at commitPassiveMountEffects (/Users/younghwankang/Work/LiveMetro/node_modules/react-test-renderer/cjs/react-test-renderer.development.js:14357:3)
          at flushPassiveEffectsImpl (/Users/younghwankang/Work/LiveMetro/node_modules/react-test-renderer/cjs/react-test-renderer.development.js:16248:3)
          at flushPassiveEffects (/Users/younghwankang/Work/LiveMetro/node_modules/react-test-renderer/cjs/react-test-renderer.development.js:16197:14)
          at /Users/younghwankang/Work/LiveMetro/node_modules/react-test-renderer/cjs/react-test-renderer.development.js:16012:9
          at flushActQueue (/Users/younghwankang/Work/LiveMetro/node_modules/react/cjs/react.development.js:2667:24)
          at recursivelyFlushAsyncActWork (/Users/younghwankang/Work/LiveMetro/node_modules/react/cjs/react.development.js:2633:9)
          at Immediate._onImmediate (/Users/younghwankang/Work/LiveMetro/node_modules/react/cjs/react.development.js:2641:13)
          at processImmediate (node:internal/timers:504:21)

      139 |
      140 |     } catch (error) {
    > 141 |       console.error('Error finding nearby stations:', error);
          |               ^
      142 |       updateState({
      143 |         error: '주변 역을 찾을 수 없습니다.',
      144 |         loading: false,

      at error (src/hooks/useNearbyStations.ts:141:15)
      at asyncGeneratorStep (node_modules/@babel/runtime/helpers/asyncToGenerator.js:3:17)
      at _next (node_modules/@babel/runtime/helpers/asyncToGenerator.js:17:9)
      at node_modules/@babel/runtime/helpers/asyncToGenerator.js:22:7
      at node_modules/@babel/runtime/helpers/asyncToGenerator.js:14:12
      at findNearbyStations (src/hooks/useNearbyStations.ts:221:7)
      at commitHookEffectListMount (node_modules/react-test-renderer/cjs/react-test-renderer.development.js:12999:26)
      at commitPassiveMountOnFiber (node_modules/react-test-renderer/cjs/react-test-renderer.development.js:14422:11)
      at commitPassiveMountEffects_complete (node_modules/react-test-renderer/cjs/react-test-renderer.development.js:14382:9)
      at commitPassiveMountEffects_begin (node_modules/react-test-renderer/cjs/react-test-renderer.development.js:14369:7)
      at commitPassiveMountEffects (node_modules/react-test-renderer/cjs/react-test-renderer.development.js:14357:3)
      at flushPassiveEffectsImpl (node_modules/react-test-renderer/cjs/react-test-renderer.development.js:16248:3)
      at flushPassiveEffects (node_modules/react-test-renderer/cjs/react-test-renderer.development.js:16197:14)
      at node_modules/react-test-renderer/cjs/react-test-renderer.development.js:16012:9
      at flushActQueue (node_modules/react/cjs/react.development.js:2667:24)
      at recursivelyFlushAsyncActWork (node_modules/react/cjs/react.development.js:2633:9)
      at Immediate._onImmediate (node_modules/react/cjs/react.development.js:2641:13)


ReferenceError: You are trying to access a property or method of the Jest environment after it has been torn down. From src/hooks/__tests__/useDragReorder.test.ts.

      at Timeout._onTimeout (node_modules/react-native/jest/setup.js:415:26)

ReferenceError: You are trying to access a property or method of the Jest environment after it has been torn down. From src/hooks/__tests__/useDragReorder.test.ts.

      at Timeout._onTimeout (node_modules/react-native/jest/setup.js:415:26)

ReferenceError: You are trying to access a property or method of the Jest environment after it has been torn down. From src/hooks/__tests__/useDragReorder.test.ts.

      at Timeout._onTimeout (node_modules/react-native/jest/setup.js:415:26)

ReferenceError: You are trying to access a property or method of the Jest environment after it has been torn down. From src/hooks/__tests__/useDragReorder.test.ts.

      at Timeout._onTimeout (node_modules/react-native/jest/setup.js:415:26)

ReferenceError: You are trying to access a property or method of the Jest environment after it has been torn down. From src/hooks/__tests__/useDragReorder.test.ts.

      at Timeout._onTimeout (node_modules/react-native/jest/setup.js:415:26)

ReferenceError: You are trying to access a property or method of the Jest environment after it has been torn down. From src/hooks/__tests__/useDragReorder.test.ts.

      at Timeout._onTimeout (node_modules/react-native/jest/setup.js:415:26)

ReferenceError: You are trying to access a property or method of the Jest environment after it has been torn down. From src/hooks/__tests__/useDragReorder.test.ts.

      at Timeout._onTimeout (node_modules/react-native/jest/setup.js:415:26)

ReferenceError: You are trying to access a property or method of the Jest environment after it has been torn down. From src/hooks/__tests__/useDragReorder.test.ts.

      at Timeout._onTimeout (node_modules/react-native/jest/setup.js:415:26)

ReferenceError: You are trying to access a property or method of the Jest environment after it has been torn down. From src/hooks/__tests__/useDragReorder.test.ts.

      at Timeout._onTimeout (node_modules/react-native/jest/setup.js:415:26)

ReferenceError: You are trying to access a property or method of the Jest environment after it has been torn down. From src/hooks/__tests__/useDragReorder.test.ts.

      at Timeout._onTimeout (node_modules/react-native/jest/setup.js:415:26)

ReferenceError: You are trying to access a property or method of the Jest environment after it has been torn down. From src/hooks/__tests__/useDragReorder.test.ts.

      at Timeout._onTimeout (node_modules/react-native/jest/setup.js:415:26)

ReferenceError: You are trying to access a property or method of the Jest environment after it has been torn down. From src/hooks/__tests__/useDragReorder.test.ts.

      at Timeout._onTimeout (node_modules/react-native/jest/setup.js:415:26)

ReferenceError: You are trying to access a property or method of the Jest environment after it has been torn down. From src/hooks/__tests__/useDragReorder.test.ts.

      at Timeout._onTimeout (node_modules/react-native/jest/setup.js:415:26)

ReferenceError: You are trying to access a property or method of the Jest environment after it has been torn down. From src/hooks/__tests__/useDragReorder.test.ts.

      at Timeout._onTimeout (node_modules/react-native/jest/setup.js:415:26)

ReferenceError: You are trying to access a property or method of the Jest environment after it has been torn down. From src/hooks/__tests__/useDragReorder.test.ts.

      at Timeout._onTimeout (node_modules/react-native/jest/setup.js:415:26)

ReferenceError: You are trying to access a property or method of the Jest environment after it has been torn down. From src/hooks/__tests__/useDragReorder.test.ts.

      at Timeout._onTimeout (node_modules/react-native/jest/setup.js:415:26)

ReferenceError: You are trying to access a property or method of the Jest environment after it has been torn down. From src/hooks/__tests__/useDragReorder.test.ts.

      at Timeout._onTimeout (node_modules/react-native/jest/setup.js:415:26)

ReferenceError: You are trying to access a property or method of the Jest environment after it has been torn down. From src/hooks/__tests__/useDragReorder.test.ts.

      at Timeout._onTimeout (node_modules/react-native/jest/setup.js:415:26)

ReferenceError: You are trying to access a property or method of the Jest environment after it has been torn down. From src/hooks/__tests__/useDragReorder.test.ts.

      at Timeout._onTimeout (node_modules/react-native/jest/setup.js:415:26)

ReferenceError: You are trying to access a property or method of the Jest environment after it has been torn down. From src/hooks/__tests__/useDragReorder.test.ts.

      at Timeout._onTimeout (node_modules/react-native/jest/setup.js:415:26)

ReferenceError: You are trying to access a property or method of the Jest environment after it has been torn down. From src/hooks/__tests__/useDragReorder.test.ts.

      at Timeout._onTimeout (node_modules/react-native/jest/setup.js:415:26)

ReferenceError: You are trying to access a property or method of the Jest environment after it has been torn down. From src/hooks/__tests__/useDragReorder.test.ts.

      at Timeout._onTimeout (node_modules/react-native/jest/setup.js:415:26)

ReferenceError: You are trying to access a property or method of the Jest environment after it has been torn down. From src/hooks/__tests__/useDragReorder.test.ts.

      at Timeout._onTimeout (node_modules/react-native/jest/setup.js:415:26)

ReferenceError: You are trying to access a property or method of the Jest environment after it has been torn down. From src/hooks/__tests__/useDragReorder.test.ts.

      at Timeout._onTimeout (node_modules/react-native/jest/setup.js:415:26)

ReferenceError: You are trying to access a property or method of the Jest environment after it has been torn down. From src/hooks/__tests__/useDragReorder.test.ts.

      at Timeout._onTimeout (node_modules/react-native/jest/setup.js:415:26)

ReferenceError: You are trying to access a property or method of the Jest environment after it has been torn down. From src/hooks/__tests__/useDragReorder.test.ts.

      at Timeout._onTimeout (node_modules/react-native/jest/setup.js:415:26)

ReferenceError: You are trying to access a property or method of the Jest environment after it has been torn down. From src/hooks/__tests__/useDragReorder.test.ts.

      at Timeout._onTimeout (node_modules/react-native/jest/setup.js:415:26)

ReferenceError: You are trying to access a property or method of the Jest environment after it has been torn down. From src/hooks/__tests__/useDragReorder.test.ts.

      at Timeout._onTimeout (node_modules/react-native/jest/setup.js:415:26)

ReferenceError: You are trying to access a property or method of the Jest environment after it has been torn down. From src/hooks/__tests__/useDragReorder.test.ts.

      at Timeout._onTimeout (node_modules/react-native/jest/setup.js:415:26)

ReferenceError: You are trying to access a property or method of the Jest environment after it has been torn down. From src/hooks/__tests__/useDragReorder.test.ts.

      at Timeout._onTimeout (node_modules/react-native/jest/setup.js:415:26)

ReferenceError: You are trying to access a property or method of the Jest environment after it has been torn down. From src/hooks/__tests__/useDragReorder.test.ts.

      at Timeout._onTimeout (node_modules/react-native/jest/setup.js:415:26)

ReferenceError: You are trying to access a property or method of the Jest environment after it has been torn down. From src/hooks/__tests__/useDragReorder.test.ts.

      at Timeout._onTimeout (node_modules/react-native/jest/setup.js:415:26)

ReferenceError: You are trying to access a property or method of the Jest environment after it has been torn down. From src/hooks/__tests__/useDragReorder.test.ts.

      at Timeout._onTimeout (node_modules/react-native/jest/setup.js:415:26)

ReferenceError: You are trying to access a property or method of the Jest environment after it has been torn down. From src/hooks/__tests__/useDragReorder.test.ts.

      at Timeout._onTimeout (node_modules/react-native/jest/setup.js:415:26)

ReferenceError: You are trying to access a property or method of the Jest environment after it has been torn down. From src/hooks/__tests__/useDragReorder.test.ts.

      at Timeout._onTimeout (node_modules/react-native/jest/setup.js:415:26)

ReferenceError: You are trying to access a property or method of the Jest environment after it has been torn down. From src/hooks/__tests__/useDragReorder.test.ts.

      at Timeout._onTimeout (node_modules/react-native/jest/setup.js:415:26)

ReferenceError: You are trying to access a property or method of the Jest environment after it has been torn down. From src/hooks/__tests__/useDragReorder.test.ts.

      at Timeout._onTimeout (node_modules/react-native/jest/setup.js:415:26)

ReferenceError: You are trying to access a property or method of the Jest environment after it has been torn down. From src/hooks/__tests__/useDragReorder.test.ts.

      at Timeout._onTimeout (node_modules/react-native/jest/setup.js:415:26)

ReferenceError: You are trying to access a property or method of the Jest environment after it has been torn down. From src/hooks/__tests__/useDragReorder.test.ts.

      at Timeout._onTimeout (node_modules/react-native/jest/setup.js:415:26)

ReferenceError: You are trying to access a property or method of the Jest environment after it has been torn down. From src/hooks/__tests__/useDragReorder.test.ts.

      at Timeout._onTimeout (node_modules/react-native/jest/setup.js:415:26)

ReferenceError: You are trying to access a property or method of the Jest environment after it has been torn down. From src/hooks/__tests__/useDragReorder.test.ts.

      at Timeout._onTimeout (node_modules/react-native/jest/setup.js:415:26)

ReferenceError: You are trying to access a property or method of the Jest environment after it has been torn down. From src/hooks/__tests__/useDragReorder.test.ts.

      at Timeout._onTimeout (node_modules/react-native/jest/setup.js:415:26)

ReferenceError: You are trying to access a property or method of the Jest environment after it has been torn down. From src/hooks/__tests__/useDragReorder.test.ts.

      at Timeout._onTimeout (node_modules/react-native/jest/setup.js:415:26)

ReferenceError: You are trying to access a property or method of the Jest environment after it has been torn down. From src/hooks/__tests__/useDragReorder.test.ts.

      at Timeout._onTimeout (node_modules/react-native/jest/setup.js:415:26)

ReferenceError: You are trying to access a property or method of the Jest environment after it has been torn down. From src/hooks/__tests__/useDragReorder.test.ts.

      at Timeout._onTimeout (node_modules/react-native/jest/setup.js:415:26)

ReferenceError: You are trying to access a property or method of the Jest environment after it has been torn down. From src/hooks/__tests__/useDragReorder.test.ts.

      at Timeout._onTimeout (node_modules/react-native/jest/setup.js:415:26)

ReferenceError: You are trying to access a property or method of the Jest environment after it has been torn down. From src/hooks/__tests__/useDragReorder.test.ts.

      at Timeout._onTimeout (node_modules/react-native/jest/setup.js:415:26)

ReferenceError: You are trying to access a property or method of the Jest environment after it has been torn down. From src/hooks/__tests__/useDragReorder.test.ts.

      at Timeout._onTimeout (node_modules/react-native/jest/setup.js:415:26)

ReferenceError: You are trying to access a property or method of the Jest environment after it has been torn down. From src/hooks/__tests__/useDragReorder.test.ts.

      at Timeout._onTimeout (node_modules/react-native/jest/setup.js:415:26)

ReferenceError: You are trying to access a property or method of the Jest environment after it has been torn down. From src/hooks/__tests__/useDragReorder.test.ts.

      at Timeout._onTimeout (node_modules/react-native/jest/setup.js:415:26)

ReferenceError: You are trying to access a property or method of the Jest environment after it has been torn down. From src/hooks/__tests__/useDragReorder.test.ts.

      at Timeout._onTimeout (node_modules/react-native/jest/setup.js:415:26)

ReferenceError: You are trying to access a property or method of the Jest environment after it has been torn down. From src/hooks/__tests__/useDragReorder.test.ts.

      at Timeout._onTimeout (node_modules/react-native/jest/setup.js:415:26)

ReferenceError: You are trying to access a property or method of the Jest environment after it has been torn down. From src/hooks/__tests__/useDragReorder.test.ts.

      at Timeout._onTimeout (node_modules/react-native/jest/setup.js:415:26)

ReferenceError: You are trying to access a property or method of the Jest environment after it has been torn down. From src/hooks/__tests__/useDragReorder.test.ts.

      at Timeout._onTimeout (node_modules/react-native/jest/setup.js:415:26)

ReferenceError: You are trying to access a property or method of the Jest environment after it has been torn down. From src/hooks/__tests__/useDragReorder.test.ts.

      at Timeout._onTimeout (node_modules/react-native/jest/setup.js:415:26)

ReferenceError: You are trying to access a property or method of the Jest environment after it has been torn down. From src/hooks/__tests__/useDragReorder.test.ts.

      at Timeout._onTimeout (node_modules/react-native/jest/setup.js:415:26)

ReferenceError: You are trying to access a property or method of the Jest environment after it has been torn down. From src/hooks/__tests__/useDragReorder.test.ts.

      at Timeout._onTimeout (node_modules/react-native/jest/setup.js:415:26)

ReferenceError: You are trying to access a property or method of the Jest environment after it has been torn down. From src/hooks/__tests__/useDragReorder.test.ts.

      at Timeout._onTimeout (node_modules/react-native/jest/setup.js:415:26)

ReferenceError: You are trying to access a property or method of the Jest environment after it has been torn down. From src/hooks/__tests__/useDragReorder.test.ts.

      at Timeout._onTimeout (node_modules/react-native/jest/setup.js:415:26)

ReferenceError: You are trying to access a property or method of the Jest environment after it has been torn down. From src/hooks/__tests__/useDragReorder.test.ts.

      at Timeout._onTimeout (node_modules/react-native/jest/setup.js:415:26)

ReferenceError: You are trying to access a property or method of the Jest environment after it has been torn down. From src/hooks/__tests__/useDragReorder.test.ts.

      at Timeout._onTimeout (node_modules/react-native/jest/setup.js:415:26)

ReferenceError: You are trying to access a property or method of the Jest environment after it has been torn down. From src/hooks/__tests__/useDragReorder.test.ts.

      at Timeout._onTimeout (node_modules/react-native/jest/setup.js:415:26)

ReferenceError: You are trying to access a property or method of the Jest environment after it has been torn down. From src/hooks/__tests__/useDragReorder.test.ts.

      at Timeout._onTimeout (node_modules/react-native/jest/setup.js:415:26)

ReferenceError: You are trying to access a property or method of the Jest environment after it has been torn down. From src/hooks/__tests__/useDragReorder.test.ts.

      at Timeout._onTimeout (node_modules/react-native/jest/setup.js:415:26)

ReferenceError: You are trying to access a property or method of the Jest environment after it has been torn down. From src/hooks/__tests__/useDragReorder.test.ts.

      at Timeout._onTimeout (node_modules/react-native/jest/setup.js:415:26)

ReferenceError: You are trying to access a property or method of the Jest environment after it has been torn down. From src/hooks/__tests__/useDragReorder.test.ts.

      at Timeout._onTimeout (node_modules/react-native/jest/setup.js:415:26)

ReferenceError: You are trying to access a property or method of the Jest environment after it has been torn down. From src/hooks/__tests__/useDragReorder.test.ts.

      at Timeout._onTimeout (node_modules/react-native/jest/setup.js:415:26)

ReferenceError: You are trying to access a property or method of the Jest environment after it has been torn down. From src/hooks/__tests__/useDragReorder.test.ts.

      at Timeout._onTimeout (node_modules/react-native/jest/setup.js:415:26)

ReferenceError: You are trying to access a property or method of the Jest environment after it has been torn down. From src/hooks/__tests__/useDragReorder.test.ts.

      at Timeout._onTimeout (node_modules/react-native/jest/setup.js:415:26)

ReferenceError: You are trying to access a property or method of the Jest environment after it has been torn down. From src/hooks/__tests__/useDragReorder.test.ts.

      at Timeout._onTimeout (node_modules/react-native/jest/setup.js:415:26)

ReferenceError: You are trying to access a property or method of the Jest environment after it has been torn down. From src/hooks/__tests__/useDragReorder.test.ts.

      at Timeout._onTimeout (node_modules/react-native/jest/setup.js:415:26)

ReferenceError: You are trying to access a property or method of the Jest environment after it has been torn down. From src/hooks/__tests__/useDragReorder.test.ts.

      at Timeout._onTimeout (node_modules/react-native/jest/setup.js:415:26)

ReferenceError: You are trying to access a property or method of the Jest environment after it has been torn down. From src/hooks/__tests__/useDragReorder.test.ts.

      at Timeout._onTimeout (node_modules/react-native/jest/setup.js:415:26)

ReferenceError: You are trying to access a property or method of the Jest environment after it has been torn down. From src/hooks/__tests__/useDragReorder.test.ts.

      at Timeout._onTimeout (node_modules/react-native/jest/setup.js:415:26)

ReferenceError: You are trying to access a property or method of the Jest environment after it has been torn down. From src/hooks/__tests__/useDragReorder.test.ts.

      at Timeout._onTimeout (node_modules/react-native/jest/setup.js:415:26)

ReferenceError: You are trying to access a property or method of the Jest environment after it has been torn down. From src/hooks/__tests__/useDragReorder.test.ts.

      at Timeout._onTimeout (node_modules/react-native/jest/setup.js:415:26)

ReferenceError: You are trying to access a property or method of the Jest environment after it has been torn down. From src/hooks/__tests__/useDragReorder.test.ts.

      at Timeout._onTimeout (node_modules/react-native/jest/setup.js:415:26)

ReferenceError: You are trying to access a property or method of the Jest environment after it has been torn down. From src/hooks/__tests__/useDragReorder.test.ts.

      at Timeout._onTimeout (node_modules/react-native/jest/setup.js:415:26)

ReferenceError: You are trying to access a property or method of the Jest environment after it has been torn down. From src/hooks/__tests__/useDragReorder.test.ts.

      at Timeout._onTimeout (node_modules/react-native/jest/setup.js:415:26)

ReferenceError: You are trying to access a property or method of the Jest environment after it has been torn down. From src/hooks/__tests__/useDragReorder.test.ts.

      at Timeout._onTimeout (node_modules/react-native/jest/setup.js:415:26)

ReferenceError: You are trying to access a property or method of the Jest environment after it has been torn down. From src/hooks/__tests__/useDragReorder.test.ts.

      at Timeout._onTimeout (node_modules/react-native/jest/setup.js:415:26)

ReferenceError: You are trying to access a property or method of the Jest environment after it has been torn down. From src/hooks/__tests__/useDragReorder.test.ts.

      at Timeout._onTimeout (node_modules/react-native/jest/setup.js:415:26)

ReferenceError: You are trying to access a property or method of the Jest environment after it has been torn down. From src/hooks/__tests__/useDragReorder.test.ts.

      at Timeout._onTimeout (node_modules/react-native/jest/setup.js:415:26)

ReferenceError: You are trying to access a property or method of the Jest environment after it has been torn down. From src/hooks/__tests__/useDragReorder.test.ts.

      at Timeout._onTimeout (node_modules/react-native/jest/setup.js:415:26)

ReferenceError: You are trying to access a property or method of the Jest environment after it has been torn down. From src/hooks/__tests__/useDragReorder.test.ts.

      at Timeout._onTimeout (node_modules/react-native/jest/setup.js:415:26)

ReferenceError: You are trying to access a property or method of the Jest environment after it has been torn down. From src/hooks/__tests__/useDragReorder.test.ts.

      at Timeout._onTimeout (node_modules/react-native/jest/setup.js:415:26)

ReferenceError: You are trying to access a property or method of the Jest environment after it has been torn down. From src/hooks/__tests__/useDragReorder.test.ts.

      at Timeout._onTimeout (node_modules/react-native/jest/setup.js:415:26)

ReferenceError: You are trying to access a property or method of the Jest environment after it has been torn down. From src/hooks/__tests__/useDragReorder.test.ts.

      at Timeout._onTimeout (node_modules/react-native/jest/setup.js:415:26)

ReferenceError: You are trying to access a property or method of the Jest environment after it has been torn down. From src/hooks/__tests__/useDragReorder.test.ts.

      at Timeout._onTimeout (node_modules/react-native/jest/setup.js:415:26)

ReferenceError: You are trying to access a property or method of the Jest environment after it has been torn down. From src/hooks/__tests__/useDragReorder.test.ts.

      at Timeout._onTimeout (node_modules/react-native/jest/setup.js:415:26)

ReferenceError: You are trying to access a property or method of the Jest environment after it has been torn down. From src/hooks/__tests__/useDragReorder.test.ts.

      at Timeout._onTimeout (node_modules/react-native/jest/setup.js:415:26)

ReferenceError: You are trying to access a property or method of the Jest environment after it has been torn down. From src/hooks/__tests__/useDragReorder.test.ts.

      at Timeout._onTimeout (node_modules/react-native/jest/setup.js:415:26)

ReferenceError: You are trying to access a property or method of the Jest environment after it has been torn down. From src/hooks/__tests__/useDragReorder.test.ts.

      at Timeout._onTimeout (node_modules/react-native/jest/setup.js:415:26)

ReferenceError: You are trying to access a property or method of the Jest environment after it has been torn down. From src/hooks/__tests__/useDragReorder.test.ts.

      at Timeout._onTimeout (node_modules/react-native/jest/setup.js:415:26)

ReferenceError: You are trying to access a property or method of the Jest environment after it has been torn down. From src/hooks/__tests__/useDragReorder.test.ts.

      at Timeout._onTimeout (node_modules/react-native/jest/setup.js:415:26)

ReferenceError: You are trying to access a property or method of the Jest environment after it has been torn down. From src/hooks/__tests__/useDragReorder.test.ts.

      at Timeout._onTimeout (node_modules/react-native/jest/setup.js:415:26)

ReferenceError: You are trying to access a property or method of the Jest environment after it has been torn down. From src/hooks/__tests__/useDragReorder.test.ts.

      at Timeout._onTimeout (node_modules/react-native/jest/setup.js:415:26)

ReferenceError: You are trying to access a property or method of the Jest environment after it has been torn down. From src/hooks/__tests__/useDragReorder.test.ts.

      at Timeout._onTimeout (node_modules/react-native/jest/setup.js:415:26)

ReferenceError: You are trying to access a property or method of the Jest environment after it has been torn down. From src/hooks/__tests__/useDragReorder.test.ts.

      at Timeout._onTimeout (node_modules/react-native/jest/setup.js:415:26)

ReferenceError: You are trying to access a property or method of the Jest environment after it has been torn down. From src/hooks/__tests__/useDragReorder.test.ts.

      at Timeout._onTimeout (node_modules/react-native/jest/setup.js:415:26)

ReferenceError: You are trying to access a property or method of the Jest environment after it has been torn down. From src/hooks/__tests__/useDragReorder.test.ts.

      at Timeout._onTimeout (node_modules/react-native/jest/setup.js:415:26)

ReferenceError: You are trying to access a property or method of the Jest environment after it has been torn down. From src/hooks/__tests__/useDragReorder.test.ts.

      at Timeout._onTimeout (node_modules/react-native/jest/setup.js:415:26)

ReferenceError: You are trying to access a property or method of the Jest environment after it has been torn down. From src/hooks/__tests__/useDragReorder.test.ts.

      at Timeout._onTimeout (node_modules/react-native/jest/setup.js:415:26)

ReferenceError: You are trying to access a property or method of the Jest environment after it has been torn down. From src/hooks/__tests__/useDragReorder.test.ts.

      at Timeout._onTimeout (node_modules/react-native/jest/setup.js:415:26)

ReferenceError: You are trying to access a property or method of the Jest environment after it has been torn down. From src/hooks/__tests__/useDragReorder.test.ts.

      at Timeout._onTimeout (node_modules/react-native/jest/setup.js:415:26)

ReferenceError: You are trying to access a property or method of the Jest environment after it has been torn down. From src/hooks/__tests__/useDragReorder.test.ts.

      at Timeout._onTimeout (node_modules/react-native/jest/setup.js:415:26)

ReferenceError: You are trying to access a property or method of the Jest environment after it has been torn down. From src/hooks/__tests__/useDragReorder.test.ts.

      at Timeout._onTimeout (node_modules/react-native/jest/setup.js:415:26)

ReferenceError: You are trying to access a property or method of the Jest environment after it has been torn down. From src/hooks/__tests__/useDragReorder.test.ts.

      at Timeout._onTimeout (node_modules/react-native/jest/setup.js:415:26)

ReferenceError: You are trying to access a property or method of the Jest environment after it has been torn down. From src/hooks/__tests__/useDragReorder.test.ts.

      at Timeout._onTimeout (node_modules/react-native/jest/setup.js:415:26)

ReferenceError: You are trying to access a property or method of the Jest environment after it has been torn down. From src/hooks/__tests__/useDragReorder.test.ts.

      at Timeout._onTimeout (node_modules/react-native/jest/setup.js:415:26)

ReferenceError: You are trying to access a property or method of the Jest environment after it has been torn down. From src/hooks/__tests__/useDragReorder.test.ts.

      at Timeout._onTimeout (node_modules/react-native/jest/setup.js:415:26)

ReferenceError: You are trying to access a property or method of the Jest environment after it has been torn down. From src/hooks/__tests__/useDragReorder.test.ts.

      at Timeout._onTimeout (node_modules/react-native/jest/setup.js:415:26)

ReferenceError: You are trying to access a property or method of the Jest environment after it has been torn down. From src/hooks/__tests__/useDragReorder.test.ts.

      at Timeout._onTimeout (node_modules/react-native/jest/setup.js:415:26)

ReferenceError: You are trying to access a property or method of the Jest environment after it has been torn down. From src/hooks/__tests__/useDragReorder.test.ts.

      at Timeout._onTimeout (node_modules/react-native/jest/setup.js:415:26)

ReferenceError: You are trying to access a property or method of the Jest environment after it has been torn down. From src/hooks/__tests__/useDragReorder.test.ts.

      at Timeout._onTimeout (node_modules/react-native/jest/setup.js:415:26)

ReferenceError: You are trying to access a property or method of the Jest environment after it has been torn down. From src/hooks/__tests__/useDragReorder.test.ts.

      at Timeout._onTimeout (node_modules/react-native/jest/setup.js:415:26)

ReferenceError: You are trying to access a property or method of the Jest environment after it has been torn down. From src/hooks/__tests__/useDragReorder.test.ts.

      at Timeout._onTimeout (node_modules/react-native/jest/setup.js:415:26)

ReferenceError: You are trying to access a property or method of the Jest environment after it has been torn down. From src/hooks/__tests__/useDragReorder.test.ts.

      at Timeout._onTimeout (node_modules/react-native/jest/setup.js:415:26)

ReferenceError: You are trying to access a property or method of the Jest environment after it has been torn down. From src/hooks/__tests__/useDragReorder.test.ts.

      at Timeout._onTimeout (node_modules/react-native/jest/setup.js:415:26)

ReferenceError: You are trying to access a property or method of the Jest environment after it has been torn down. From src/hooks/__tests__/useDragReorder.test.ts.

      at Timeout._onTimeout (node_modules/react-native/jest/setup.js:415:26)

ReferenceError: You are trying to access a property or method of the Jest environment after it has been torn down. From src/hooks/__tests__/useDragReorder.test.ts.

      at Timeout._onTimeout (node_modules/react-native/jest/setup.js:415:26)

ReferenceError: You are trying to access a property or method of the Jest environment after it has been torn down. From src/hooks/__tests__/useDragReorder.test.ts.

      at Timeout._onTimeout (node_modules/react-native/jest/setup.js:415:26)

ReferenceError: You are trying to access a property or method of the Jest environment after it has been torn down. From src/hooks/__tests__/useDragReorder.test.ts.

      at Timeout._onTimeout (node_modules/react-native/jest/setup.js:415:26)

ReferenceError: You are trying to access a property or method of the Jest environment after it has been torn down. From src/hooks/__tests__/useDragReorder.test.ts.

      at Timeout._onTimeout (node_modules/react-native/jest/setup.js:415:26)

ReferenceError: You are trying to access a property or method of the Jest environment after it has been torn down. From src/hooks/__tests__/useDragReorder.test.ts.

      at Timeout._onTimeout (node_modules/react-native/jest/setup.js:415:26)

ReferenceError: You are trying to access a property or method of the Jest environment after it has been torn down. From src/hooks/__tests__/useDragReorder.test.ts.

      at Timeout._onTimeout (node_modules/react-native/jest/setup.js:415:26)

ReferenceError: You are trying to access a property or method of the Jest environment after it has been torn down. From src/hooks/__tests__/useDragReorder.test.ts.

      at Timeout._onTimeout (node_modules/react-native/jest/setup.js:415:26)

ReferenceError: You are trying to access a property or method of the Jest environment after it has been torn down. From src/hooks/__tests__/useDragReorder.test.ts.

      at Timeout._onTimeout (node_modules/react-native/jest/setup.js:415:26)

ReferenceError: You are trying to access a property or method of the Jest environment after it has been torn down. From src/hooks/__tests__/useDragReorder.test.ts.

      at Timeout._onTimeout (node_modules/react-native/jest/setup.js:415:26)

ReferenceError: You are trying to access a property or method of the Jest environment after it has been torn down. From src/hooks/__tests__/useDragReorder.test.ts.

      at Timeout._onTimeout (node_modules/react-native/jest/setup.js:415:26)

ReferenceError: You are trying to access a property or method of the Jest environment after it has been torn down. From src/hooks/__tests__/useDragReorder.test.ts.

      at Timeout._onTimeout (node_modules/react-native/jest/setup.js:415:26)

ReferenceError: You are trying to access a property or method of the Jest environment after it has been torn down. From src/hooks/__tests__/useDragReorder.test.ts.

      at Timeout._onTimeout (node_modules/react-native/jest/setup.js:415:26)

ReferenceError: You are trying to access a property or method of the Jest environment after it has been torn down. From src/hooks/__tests__/useDragReorder.test.ts.

      at Timeout._onTimeout (node_modules/react-native/jest/setup.js:415:26)

ReferenceError: You are trying to access a property or method of the Jest environment after it has been torn down. From src/hooks/__tests__/useDragReorder.test.ts.

      at Timeout._onTimeout (node_modules/react-native/jest/setup.js:415:26)

ReferenceError: You are trying to access a property or method of the Jest environment after it has been torn down. From src/hooks/__tests__/useDragReorder.test.ts.

      at Timeout._onTimeout (node_modules/react-native/jest/setup.js:415:26)

ReferenceError: You are trying to access a property or method of the Jest environment after it has been torn down. From src/hooks/__tests__/useDragReorder.test.ts.

      at Timeout._onTimeout (node_modules/react-native/jest/setup.js:415:26)

ReferenceError: You are trying to access a property or method of the Jest environment after it has been torn down. From src/hooks/__tests__/useDragReorder.test.ts.

      at Timeout._onTimeout (node_modules/react-native/jest/setup.js:415:26)

ReferenceError: You are trying to access a property or method of the Jest environment after it has been torn down. From src/hooks/__tests__/useDragReorder.test.ts.

      at Timeout._onTimeout (node_modules/react-native/jest/setup.js:415:26)

ReferenceError: You are trying to access a property or method of the Jest environment after it has been torn down. From src/hooks/__tests__/useDragReorder.test.ts.

      at Timeout._onTimeout (node_modules/react-native/jest/setup.js:415:26)

ReferenceError: You are trying to access a property or method of the Jest environment after it has been torn down. From src/hooks/__tests__/useDragReorder.test.ts.

      at Timeout._onTimeout (node_modules/react-native/jest/setup.js:415:26)

ReferenceError: You are trying to access a property or method of the Jest environment after it has been torn down. From src/hooks/__tests__/useDragReorder.test.ts.

      at Timeout._onTimeout (node_modules/react-native/jest/setup.js:415:26)

ReferenceError: You are trying to access a property or method of the Jest environment after it has been torn down. From src/hooks/__tests__/useDragReorder.test.ts.

      at Timeout._onTimeout (node_modules/react-native/jest/setup.js:415:26)

ReferenceError: You are trying to access a property or method of the Jest environment after it has been torn down. From src/hooks/__tests__/useDragReorder.test.ts.

      at Timeout._onTimeout (node_modules/react-native/jest/setup.js:415:26)

ReferenceError: You are trying to access a property or method of the Jest environment after it has been torn down. From src/hooks/__tests__/useDragReorder.test.ts.

      at Timeout._onTimeout (node_modules/react-native/jest/setup.js:415:26)

ReferenceError: You are trying to access a property or method of the Jest environment after it has been torn down. From src/hooks/__tests__/useDragReorder.test.ts.

      at Timeout._onTimeout (node_modules/react-native/jest/setup.js:415:26)

ReferenceError: You are trying to access a property or method of the Jest environment after it has been torn down. From src/hooks/__tests__/useDragReorder.test.ts.

      at Timeout._onTimeout (node_modules/react-native/jest/setup.js:415:26)

ReferenceError: You are trying to access a property or method of the Jest environment after it has been torn down. From src/hooks/__tests__/useDragReorder.test.ts.

      at Timeout._onTimeout (node_modules/react-native/jest/setup.js:415:26)

ReferenceError: You are trying to access a property or method of the Jest environment after it has been torn down. From src/hooks/__tests__/useDragReorder.test.ts.

      at Timeout._onTimeout (node_modules/react-native/jest/setup.js:415:26)

ReferenceError: You are trying to access a property or method of the Jest environment after it has been torn down. From src/hooks/__tests__/useDragReorder.test.ts.

      at Timeout._onTimeout (node_modules/react-native/jest/setup.js:415:26)

ReferenceError: You are trying to access a property or method of the Jest environment after it has been torn down. From src/hooks/__tests__/useDragReorder.test.ts.

      at Timeout._onTimeout (node_modules/react-native/jest/setup.js:415:26)

ReferenceError: You are trying to access a property or method of the Jest environment after it has been torn down. From src/hooks/__tests__/useDragReorder.test.ts.

      at Timeout._onTimeout (node_modules/react-native/jest/setup.js:415:26)

ReferenceError: You are trying to access a property or method of the Jest environment after it has been torn down. From src/hooks/__tests__/useDragReorder.test.ts.

      at Timeout._onTimeout (node_modules/react-native/jest/setup.js:415:26)

ReferenceError: You are trying to access a property or method of the Jest environment after it has been torn down. From src/hooks/__tests__/useDragReorder.test.ts.

      at Timeout._onTimeout (node_modules/react-native/jest/setup.js:415:26)

ReferenceError: You are trying to access a property or method of the Jest environment after it has been torn down. From src/hooks/__tests__/useDragReorder.test.ts.

      at Timeout._onTimeout (node_modules/react-native/jest/setup.js:415:26)

ReferenceError: You are trying to access a property or method of the Jest environment after it has been torn down. From src/hooks/__tests__/useDragReorder.test.ts.

      at Timeout._onTimeout (node_modules/react-native/jest/setup.js:415:26)

ReferenceError: You are trying to access a property or method of the Jest environment after it has been torn down. From src/hooks/__tests__/useDragReorder.test.ts.

      at Timeout._onTimeout (node_modules/react-native/jest/setup.js:415:26)

ReferenceError: You are trying to access a property or method of the Jest environment after it has been torn down. From src/hooks/__tests__/useDragReorder.test.ts.

      at Timeout._onTimeout (node_modules/react-native/jest/setup.js:415:26)

ReferenceError: You are trying to access a property or method of the Jest environment after it has been torn down. From src/hooks/__tests__/useDragReorder.test.ts.

      at Timeout._onTimeout (node_modules/react-native/jest/setup.js:415:26)

ReferenceError: You are trying to access a property or method of the Jest environment after it has been torn down. From src/hooks/__tests__/useDragReorder.test.ts.

      at Timeout._onTimeout (node_modules/react-native/jest/setup.js:415:26)

ReferenceError: You are trying to access a property or method of the Jest environment after it has been torn down. From src/hooks/__tests__/useDragReorder.test.ts.

      at Timeout._onTimeout (node_modules/react-native/jest/setup.js:415:26)

ReferenceError: You are trying to access a property or method of the Jest environment after it has been torn down. From src/hooks/__tests__/useDragReorder.test.ts.

      at Timeout._onTimeout (node_modules/react-native/jest/setup.js:415:26)

ReferenceError: You are trying to access a property or method of the Jest environment after it has been torn down. From src/hooks/__tests__/useDragReorder.test.ts.

      at Timeout._onTimeout (node_modules/react-native/jest/setup.js:415:26)

ReferenceError: You are trying to access a property or method of the Jest environment after it has been torn down. From src/hooks/__tests__/useDragReorder.test.ts.

      at Timeout._onTimeout (node_modules/react-native/jest/setup.js:415:26)

ReferenceError: You are trying to access a property or method of the Jest environment after it has been torn down. From src/hooks/__tests__/useDragReorder.test.ts.

      at Timeout._onTimeout (node_modules/react-native/jest/setup.js:415:26)

ReferenceError: You are trying to access a property or method of the Jest environment after it has been torn down. From src/hooks/__tests__/useDragReorder.test.ts.

      at Timeout._onTimeout (node_modules/react-native/jest/setup.js:415:26)

ReferenceError: You are trying to access a property or method of the Jest environment after it has been torn down. From src/hooks/__tests__/useDragReorder.test.ts.

      at Timeout._onTimeout (node_modules/react-native/jest/setup.js:415:26)

ReferenceError: You are trying to access a property or method of the Jest environment after it has been torn down. From src/hooks/__tests__/useDragReorder.test.ts.

      at Timeout._onTimeout (node_modules/react-native/jest/setup.js:415:26)

ReferenceError: You are trying to access a property or method of the Jest environment after it has been torn down. From src/hooks/__tests__/useDragReorder.test.ts.

      at Timeout._onTimeout (node_modules/react-native/jest/setup.js:415:26)

ReferenceError: You are trying to access a property or method of the Jest environment after it has been torn down. From src/hooks/__tests__/useDragReorder.test.ts.

      at Timeout._onTimeout (node_modules/react-native/jest/setup.js:415:26)

ReferenceError: You are trying to access a property or method of the Jest environment after it has been torn down. From src/hooks/__tests__/useDragReorder.test.ts.

      at Timeout._onTimeout (node_modules/react-native/jest/setup.js:415:26)

ReferenceError: You are trying to access a property or method of the Jest environment after it has been torn down. From src/hooks/__tests__/useDragReorder.test.ts.

      at Timeout._onTimeout (node_modules/react-native/jest/setup.js:415:26)

ReferenceError: You are trying to access a property or method of the Jest environment after it has been torn down. From src/hooks/__tests__/useDragReorder.test.ts.

      at Timeout._onTimeout (node_modules/react-native/jest/setup.js:415:26)

ReferenceError: You are trying to access a property or method of the Jest environment after it has been torn down. From src/hooks/__tests__/useDragReorder.test.ts.

      at Timeout._onTimeout (node_modules/react-native/jest/setup.js:415:26)

ReferenceError: You are trying to access a property or method of the Jest environment after it has been torn down. From src/hooks/__tests__/useDragReorder.test.ts.

      at Timeout._onTimeout (node_modules/react-native/jest/setup.js:415:26)

ReferenceError: You are trying to access a property or method of the Jest environment after it has been torn down. From src/hooks/__tests__/useDragReorder.test.ts.

      at Timeout._onTimeout (node_modules/react-native/jest/setup.js:415:26)

ReferenceError: You are trying to access a property or method of the Jest environment after it has been torn down. From src/hooks/__tests__/useDragReorder.test.ts.

      at Timeout._onTimeout (node_modules/react-native/jest/setup.js:415:26)

ReferenceError: You are trying to access a property or method of the Jest environment after it has been torn down. From src/hooks/__tests__/useDragReorder.test.ts.

      at Timeout._onTimeout (node_modules/react-native/jest/setup.js:415:26)

ReferenceError: You are trying to access a property or method of the Jest environment after it has been torn down. From src/hooks/__tests__/useDragReorder.test.ts.

      at Timeout._onTimeout (node_modules/react-native/jest/setup.js:415:26)

ReferenceError: You are trying to access a property or method of the Jest environment after it has been torn down. From src/hooks/__tests__/useDragReorder.test.ts.

      at Timeout._onTimeout (node_modules/react-native/jest/setup.js:415:26)

ReferenceError: You are trying to access a property or method of the Jest environment after it has been torn down. From src/hooks/__tests__/useDragReorder.test.ts.

      at Timeout._onTimeout (node_modules/react-native/jest/setup.js:415:26)

ReferenceError: You are trying to access a property or method of the Jest environment after it has been torn down. From src/hooks/__tests__/useDragReorder.test.ts.

      at Timeout._onTimeout (node_modules/react-native/jest/setup.js:415:26)

ReferenceError: You are trying to access a property or method of the Jest environment after it has been torn down. From src/hooks/__tests__/useDragReorder.test.ts.

      at Timeout._onTimeout (node_modules/react-native/jest/setup.js:415:26)

ReferenceError: You are trying to access a property or method of the Jest environment after it has been torn down. From src/hooks/__tests__/useDragReorder.test.ts.

      at Timeout._onTimeout (node_modules/react-native/jest/setup.js:415:26)

ReferenceError: You are trying to access a property or method of the Jest environment after it has been torn down. From src/hooks/__tests__/useDragReorder.test.ts.

      at Timeout._onTimeout (node_modules/react-native/jest/setup.js:415:26)

ReferenceError: You are trying to access a property or method of the Jest environment after it has been torn down. From src/hooks/__tests__/useDragReorder.test.ts.

      at Timeout._onTimeout (node_modules/react-native/jest/setup.js:415:26)

ReferenceError: You are trying to access a property or method of the Jest environment after it has been torn down. From src/hooks/__tests__/useDragReorder.test.ts.

      at Timeout._onTimeout (node_modules/react-native/jest/setup.js:415:26)

ReferenceError: You are trying to access a property or method of the Jest environment after it has been torn down. From src/hooks/__tests__/useDragReorder.test.ts.

      at Timeout._onTimeout (node_modules/react-native/jest/setup.js:415:26)

ReferenceError: You are trying to access a property or method of the Jest environment after it has been torn down. From src/hooks/__tests__/useDragReorder.test.ts.

      at Timeout._onTimeout (node_modules/react-native/jest/setup.js:415:26)

ReferenceError: You are trying to access a property or method of the Jest environment after it has been torn down. From src/hooks/__tests__/useDragReorder.test.ts.

      at Timeout._onTimeout (node_modules/react-native/jest/setup.js:415:26)

ReferenceError: You are trying to access a property or method of the Jest environment after it has been torn down. From src/hooks/__tests__/useDragReorder.test.ts.

      at Timeout._onTimeout (node_modules/react-native/jest/setup.js:415:26)

ReferenceError: You are trying to access a property or method of the Jest environment after it has been torn down. From src/hooks/__tests__/useDragReorder.test.ts.

      at Timeout._onTimeout (node_modules/react-native/jest/setup.js:415:26)

ReferenceError: You are trying to access a property or method of the Jest environment after it has been torn down. From src/hooks/__tests__/useDragReorder.test.ts.

      at Timeout._onTimeout (node_modules/react-native/jest/setup.js:415:26)

ReferenceError: You are trying to access a property or method of the Jest environment after it has been torn down. From src/hooks/__tests__/useDragReorder.test.ts.

      at Timeout._onTimeout (node_modules/react-native/jest/setup.js:415:26)

ReferenceError: You are trying to access a property or method of the Jest environment after it has been torn down. From src/hooks/__tests__/useDragReorder.test.ts.

      at Timeout._onTimeout (node_modules/react-native/jest/setup.js:415:26)

ReferenceError: You are trying to access a property or method of the Jest environment after it has been torn down. From src/hooks/__tests__/useDragReorder.test.ts.

      at Timeout._onTimeout (node_modules/react-native/jest/setup.js:415:26)

ReferenceError: You are trying to access a property or method of the Jest environment after it has been torn down. From src/hooks/__tests__/useDragReorder.test.ts.

      at Timeout._onTimeout (node_modules/react-native/jest/setup.js:415:26)

ReferenceError: You are trying to access a property or method of the Jest environment after it has been torn down. From src/hooks/__tests__/useDragReorder.test.ts.

      at Timeout._onTimeout (node_modules/react-native/jest/setup.js:415:26)

ReferenceError: You are trying to access a property or method of the Jest environment after it has been torn down. From src/hooks/__tests__/useDragReorder.test.ts.

      at Timeout._onTimeout (node_modules/react-native/jest/setup.js:415:26)

ReferenceError: You are trying to access a property or method of the Jest environment after it has been torn down. From src/hooks/__tests__/useDragReorder.test.ts.

      at Timeout._onTimeout (node_modules/react-native/jest/setup.js:415:26)

ReferenceError: You are trying to access a property or method of the Jest environment after it has been torn down. From src/hooks/__tests__/useDragReorder.test.ts.

      at Timeout._onTimeout (node_modules/react-native/jest/setup.js:415:26)

ReferenceError: You are trying to access a property or method of the Jest environment after it has been torn down. From src/hooks/__tests__/useDragReorder.test.ts.

      at Timeout._onTimeout (node_modules/react-native/jest/setup.js:415:26)

ReferenceError: You are trying to access a property or method of the Jest environment after it has been torn down. From src/hooks/__tests__/useDragReorder.test.ts.

      at Timeout._onTimeout (node_modules/react-native/jest/setup.js:415:26)

ReferenceError: You are trying to access a property or method of the Jest environment after it has been torn down. From src/hooks/__tests__/useDragReorder.test.ts.

      at Timeout._onTimeout (node_modules/react-native/jest/setup.js:415:26)

ReferenceError: You are trying to access a property or method of the Jest environment after it has been torn down. From src/hooks/__tests__/useDragReorder.test.ts.

      at Timeout._onTimeout (node_modules/react-native/jest/setup.js:415:26)

ReferenceError: You are trying to access a property or method of the Jest environment after it has been torn down. From src/hooks/__tests__/useDragReorder.test.ts.

      at Timeout._onTimeout (node_modules/react-native/jest/setup.js:415:26)

ReferenceError: You are trying to access a property or method of the Jest environment after it has been torn down. From src/hooks/__tests__/useDragReorder.test.ts.

      at Timeout._onTimeout (node_modules/react-native/jest/setup.js:415:26)

ReferenceError: You are trying to access a property or method of the Jest environment after it has been torn down. From src/hooks/__tests__/useDragReorder.test.ts.

      at Timeout._onTimeout (node_modules/react-native/jest/setup.js:415:26)

ReferenceError: You are trying to access a property or method of the Jest environment after it has been torn down. From src/hooks/__tests__/useDragReorder.test.ts.

      at Timeout._onTimeout (node_modules/react-native/jest/setup.js:415:26)

ReferenceError: You are trying to access a property or method of the Jest environment after it has been torn down. From src/hooks/__tests__/useDragReorder.test.ts.

      at Timeout._onTimeout (node_modules/react-native/jest/setup.js:415:26)

ReferenceError: You are trying to access a property or method of the Jest environment after it has been torn down. From src/hooks/__tests__/useDragReorder.test.ts.

      at Timeout._onTimeout (node_modules/react-native/jest/setup.js:415:26)

ReferenceError: You are trying to access a property or method of the Jest environment after it has been torn down. From src/hooks/__tests__/useDragReorder.test.ts.

      at Timeout._onTimeout (node_modules/react-native/jest/setup.js:415:26)

ReferenceError: You are trying to access a property or method of the Jest environment after it has been torn down. From src/hooks/__tests__/useDragReorder.test.ts.

      at Timeout._onTimeout (node_modules/react-native/jest/setup.js:415:26)

ReferenceError: You are trying to access a property or method of the Jest environment after it has been torn down. From src/hooks/__tests__/useDragReorder.test.ts.

      at Timeout._onTimeout (node_modules/react-native/jest/setup.js:415:26)

ReferenceError: You are trying to access a property or method of the Jest environment after it has been torn down. From src/hooks/__tests__/useDragReorder.test.ts.

      at Timeout._onTimeout (node_modules/react-native/jest/setup.js:415:26)

ReferenceError: You are trying to access a property or method of the Jest environment after it has been torn down. From src/hooks/__tests__/useDragReorder.test.ts.

      at Timeout._onTimeout (node_modules/react-native/jest/setup.js:415:26)

ReferenceError: You are trying to access a property or method of the Jest environment after it has been torn down. From src/hooks/__tests__/useDragReorder.test.ts.

      at Timeout._onTimeout (node_modules/react-native/jest/setup.js:415:26)

ReferenceError: You are trying to access a property or method of the Jest environment after it has been torn down. From src/hooks/__tests__/useDragReorder.test.ts.

      at Timeout._onTimeout (node_modules/react-native/jest/setup.js:415:26)

ReferenceError: You are trying to access a property or method of the Jest environment after it has been torn down. From src/hooks/__tests__/useDragReorder.test.ts.

      at Timeout._onTimeout (node_modules/react-native/jest/setup.js:415:26)

ReferenceError: You are trying to access a property or method of the Jest environment after it has been torn down. From src/hooks/__tests__/useDragReorder.test.ts.

      at Timeout._onTimeout (node_modules/react-native/jest/setup.js:415:26)

ReferenceError: You are trying to access a property or method of the Jest environment after it has been torn down. From src/hooks/__tests__/useDragReorder.test.ts.

      at Timeout._onTimeout (node_modules/react-native/jest/setup.js:415:26)

ReferenceError: You are trying to access a property or method of the Jest environment after it has been torn down. From src/hooks/__tests__/useDragReorder.test.ts.

      at Timeout._onTimeout (node_modules/react-native/jest/setup.js:415:26)

ReferenceError: You are trying to access a property or method of the Jest environment after it has been torn down. From src/hooks/__tests__/useDragReorder.test.ts.

      at Timeout._onTimeout (node_modules/react-native/jest/setup.js:415:26)

ReferenceError: You are trying to access a property or method of the Jest environment after it has been torn down. From src/hooks/__tests__/useDragReorder.test.ts.

      at Timeout._onTimeout (node_modules/react-native/jest/setup.js:415:26)

ReferenceError: You are trying to access a property or method of the Jest environment after it has been torn down. From src/hooks/__tests__/useDragReorder.test.ts.

      at Timeout._onTimeout (node_modules/react-native/jest/setup.js:415:26)

ReferenceError: You are trying to access a property or method of the Jest environment after it has been torn down. From src/hooks/__tests__/useDragReorder.test.ts.

      at Timeout._onTimeout (node_modules/react-native/jest/setup.js:415:26)

ReferenceError: You are trying to access a property or method of the Jest environment after it has been torn down. From src/hooks/__tests__/useDragReorder.test.ts.

      at Timeout._onTimeout (node_modules/react-native/jest/setup.js:415:26)

ReferenceError: You are trying to access a property or method of the Jest environment after it has been torn down. From src/hooks/__tests__/useDragReorder.test.ts.

      at Timeout._onTimeout (node_modules/react-native/jest/setup.js:415:26)

ReferenceError: You are trying to access a property or method of the Jest environment after it has been torn down. From src/hooks/__tests__/useDragReorder.test.ts.

      at Timeout._onTimeout (node_modules/react-native/jest/setup.js:415:26)

ReferenceError: You are trying to access a property or method of the Jest environment after it has been torn down. From src/hooks/__tests__/useDragReorder.test.ts.

      at Timeout._onTimeout (node_modules/react-native/jest/setup.js:415:26)

ReferenceError: You are trying to access a property or method of the Jest environment after it has been torn down. From src/hooks/__tests__/useDragReorder.test.ts.

      at Timeout._onTimeout (node_modules/react-native/jest/setup.js:415:26)

ReferenceError: You are trying to access a property or method of the Jest environment after it has been torn down. From src/hooks/__tests__/useDragReorder.test.ts.

      at Timeout._onTimeout (node_modules/react-native/jest/setup.js:415:26)

ReferenceError: You are trying to access a property or method of the Jest environment after it has been torn down. From src/hooks/__tests__/useDragReorder.test.ts.

      at Timeout._onTimeout (node_modules/react-native/jest/setup.js:415:26)

ReferenceError: You are trying to access a property or method of the Jest environment after it has been torn down. From src/hooks/__tests__/useDragReorder.test.ts.

      at Timeout._onTimeout (node_modules/react-native/jest/setup.js:415:26)

ReferenceError: You are trying to access a property or method of the Jest environment after it has been torn down. From src/hooks/__tests__/useDragReorder.test.ts.

      at Timeout._onTimeout (node_modules/react-native/jest/setup.js:415:26)

ReferenceError: You are trying to access a property or method of the Jest environment after it has been torn down. From src/hooks/__tests__/useDragReorder.test.ts.

      at Timeout._onTimeout (node_modules/react-native/jest/setup.js:415:26)

ReferenceError: You are trying to access a property or method of the Jest environment after it has been torn down. From src/hooks/__tests__/useDragReorder.test.ts.

      at Timeout._onTimeout (node_modules/react-native/jest/setup.js:415:26)

ReferenceError: You are trying to access a property or method of the Jest environment after it has been torn down. From src/hooks/__tests__/useDragReorder.test.ts.

      at Timeout._onTimeout (node_modules/react-native/jest/setup.js:415:26)

ReferenceError: You are trying to access a property or method of the Jest environment after it has been torn down. From src/hooks/__tests__/useDragReorder.test.ts.

      at Timeout._onTimeout (node_modules/react-native/jest/setup.js:415:26)

ReferenceError: You are trying to access a property or method of the Jest environment after it has been torn down. From src/hooks/__tests__/useDragReorder.test.ts.

      at Timeout._onTimeout (node_modules/react-native/jest/setup.js:415:26)

ReferenceError: You are trying to access a property or method of the Jest environment after it has been torn down. From src/hooks/__tests__/useDragReorder.test.ts.

      at Timeout._onTimeout (node_modules/react-native/jest/setup.js:415:26)

ReferenceError: You are trying to access a property or method of the Jest environment after it has been torn down. From src/hooks/__tests__/useDragReorder.test.ts.

      at Timeout._onTimeout (node_modules/react-native/jest/setup.js:415:26)

ReferenceError: You are trying to access a property or method of the Jest environment after it has been torn down. From src/hooks/__tests__/useDragReorder.test.ts.

      at Timeout._onTimeout (node_modules/react-native/jest/setup.js:415:26)

ReferenceError: You are trying to access a property or method of the Jest environment after it has been torn down. From src/hooks/__tests__/useDragReorder.test.ts.

      at Timeout._onTimeout (node_modules/react-native/jest/setup.js:415:26)

ReferenceError: You are trying to access a property or method of the Jest environment after it has been torn down. From src/hooks/__tests__/useDragReorder.test.ts.

      at Timeout._onTimeout (node_modules/react-native/jest/setup.js:415:26)

ReferenceError: You are trying to access a property or method of the Jest environment after it has been torn down. From src/hooks/__tests__/useDragReorder.test.ts.

      at Timeout._onTimeout (node_modules/react-native/jest/setup.js:415:26)

ReferenceError: You are trying to access a property or method of the Jest environment after it has been torn down. From src/hooks/__tests__/useDragReorder.test.ts.

      at Timeout._onTimeout (node_modules/react-native/jest/setup.js:415:26)

ReferenceError: You are trying to access a property or method of the Jest environment after it has been torn down. From src/hooks/__tests__/useDragReorder.test.ts.

      at Timeout._onTimeout (node_modules/react-native/jest/setup.js:415:26)

ReferenceError: You are trying to access a property or method of the Jest environment after it has been torn down. From src/hooks/__tests__/useDragReorder.test.ts.

      at Timeout._onTimeout (node_modules/react-native/jest/setup.js:415:26)

ReferenceError: You are trying to access a property or method of the Jest environment after it has been torn down. From src/hooks/__tests__/useDragReorder.test.ts.

      at Timeout._onTimeout (node_modules/react-native/jest/setup.js:415:26)

ReferenceError: You are trying to access a property or method of the Jest environment after it has been torn down. From src/hooks/__tests__/useDragReorder.test.ts.

      at Timeout._onTimeout (node_modules/react-native/jest/setup.js:415:26)

ReferenceError: You are trying to access a property or method of the Jest environment after it has been torn down. From src/hooks/__tests__/useDragReorder.test.ts.

      at Timeout._onTimeout (node_modules/react-native/jest/setup.js:415:26)

ReferenceError: You are trying to access a property or method of the Jest environment after it has been torn down. From src/hooks/__tests__/useDragReorder.test.ts.

      at Timeout._onTimeout (node_modules/react-native/jest/setup.js:415:26)

ReferenceError: You are trying to access a property or method of the Jest environment after it has been torn down. From src/hooks/__tests__/useDragReorder.test.ts.

      at Timeout._onTimeout (node_modules/react-native/jest/setup.js:415:26)

ReferenceError: You are trying to access a property or method of the Jest environment after it has been torn down. From src/hooks/__tests__/useDragReorder.test.ts.

      at Timeout._onTimeout (node_modules/react-native/jest/setup.js:415:26)

ReferenceError: You are trying to access a property or method of the Jest environment after it has been torn down. From src/hooks/__tests__/useDragReorder.test.ts.

      at Timeout._onTimeout (node_modules/react-native/jest/setup.js:415:26)

ReferenceError: You are trying to access a property or method of the Jest environment after it has been torn down. From src/hooks/__tests__/useDragReorder.test.ts.

      at Timeout._onTimeout (node_modules/react-native/jest/setup.js:415:26)

ReferenceError: You are trying to access a property or method of the Jest environment after it has been torn down. From src/hooks/__tests__/useDragReorder.test.ts.

      at Timeout._onTimeout (node_modules/react-native/jest/setup.js:415:26)

ReferenceError: You are trying to access a property or method of the Jest environment after it has been torn down. From src/hooks/__tests__/useDragReorder.test.ts.

      at Timeout._onTimeout (node_modules/react-native/jest/setup.js:415:26)

ReferenceError: You are trying to access a property or method of the Jest environment after it has been torn down. From src/hooks/__tests__/useDragReorder.test.ts.

      at Timeout._onTimeout (node_modules/react-native/jest/setup.js:415:26)

ReferenceError: You are trying to access a property or method of the Jest environment after it has been torn down. From src/hooks/__tests__/useDragReorder.test.ts.

      at Timeout._onTimeout (node_modules/react-native/jest/setup.js:415:26)

ReferenceError: You are trying to access a property or method of the Jest environment after it has been torn down. From src/hooks/__tests__/useDragReorder.test.ts.

      at Timeout._onTimeout (node_modules/react-native/jest/setup.js:415:26)

ReferenceError: You are trying to access a property or method of the Jest environment after it has been torn down. From src/hooks/__tests__/useDragReorder.test.ts.

      at Timeout._onTimeout (node_modules/react-native/jest/setup.js:415:26)

ReferenceError: You are trying to access a property or method of the Jest environment after it has been torn down. From src/hooks/__tests__/useDragReorder.test.ts.

      at Timeout._onTimeout (node_modules/react-native/jest/setup.js:415:26)

ReferenceError: You are trying to access a property or method of the Jest environment after it has been torn down. From src/hooks/__tests__/useDragReorder.test.ts.

      at Timeout._onTimeout (node_modules/react-native/jest/setup.js:415:26)

ReferenceError: You are trying to access a property or method of the Jest environment after it has been torn down. From src/hooks/__tests__/useDragReorder.test.ts.

      at Timeout._onTimeout (node_modules/react-native/jest/setup.js:415:26)

ReferenceError: You are trying to access a property or method of the Jest environment after it has been torn down. From src/hooks/__tests__/useDragReorder.test.ts.

      at Timeout._onTimeout (node_modules/react-native/jest/setup.js:415:26)

ReferenceError: You are trying to access a property or method of the Jest environment after it has been torn down. From src/hooks/__tests__/useDragReorder.test.ts.

      at Timeout._onTimeout (node_modules/react-native/jest/setup.js:415:26)

ReferenceError: You are trying to access a property or method of the Jest environment after it has been torn down. From src/hooks/__tests__/useDragReorder.test.ts.

      at Timeout._onTimeout (node_modules/react-native/jest/setup.js:415:26)

ReferenceError: You are trying to access a property or method of the Jest environment after it has been torn down. From src/hooks/__tests__/useDragReorder.test.ts.

      at Timeout._onTimeout (node_modules/react-native/jest/setup.js:415:26)

ReferenceError: You are trying to access a property or method of the Jest environment after it has been torn down. From src/hooks/__tests__/useDragReorder.test.ts.

      at Timeout._onTimeout (node_modules/react-native/jest/setup.js:415:26)

ReferenceError: You are trying to access a property or method of the Jest environment after it has been torn down. From src/hooks/__tests__/useDragReorder.test.ts.

      at Timeout._onTimeout (node_modules/react-native/jest/setup.js:415:26)

ReferenceError: You are trying to access a property or method of the Jest environment after it has been torn down. From src/hooks/__tests__/useDragReorder.test.ts.

      at Timeout._onTimeout (node_modules/react-native/jest/setup.js:415:26)

ReferenceError: You are trying to access a property or method of the Jest environment after it has been torn down. From src/hooks/__tests__/useDragReorder.test.ts.

      at Timeout._onTimeout (node_modules/react-native/jest/setup.js:415:26)

ReferenceError: You are trying to access a property or method of the Jest environment after it has been torn down. From src/hooks/__tests__/useDragReorder.test.ts.

      at Timeout._onTimeout (node_modules/react-native/jest/setup.js:415:26)

ReferenceError: You are trying to access a property or method of the Jest environment after it has been torn down. From src/hooks/__tests__/useDragReorder.test.ts.

      at Timeout._onTimeout (node_modules/react-native/jest/setup.js:415:26)

ReferenceError: You are trying to access a property or method of the Jest environment after it has been torn down. From src/hooks/__tests__/useDragReorder.test.ts.

      at Timeout._onTimeout (node_modules/react-native/jest/setup.js:415:26)

ReferenceError: You are trying to access a property or method of the Jest environment after it has been torn down. From src/hooks/__tests__/useDragReorder.test.ts.

      at Timeout._onTimeout (node_modules/react-native/jest/setup.js:415:26)

ReferenceError: You are trying to access a property or method of the Jest environment after it has been torn down. From src/hooks/__tests__/useDragReorder.test.ts.

      at Timeout._onTimeout (node_modules/react-native/jest/setup.js:415:26)

ReferenceError: You are trying to access a property or method of the Jest environment after it has been torn down. From src/hooks/__tests__/useDragReorder.test.ts.

      at Timeout._onTimeout (node_modules/react-native/jest/setup.js:415:26)

ReferenceError: You are trying to access a property or method of the Jest environment after it has been torn down. From src/hooks/__tests__/useDragReorder.test.ts.

      at Timeout._onTimeout (node_modules/react-native/jest/setup.js:415:26)

ReferenceError: You are trying to access a property or method of the Jest environment after it has been torn down. From src/hooks/__tests__/useDragReorder.test.ts.

      at Timeout._onTimeout (node_modules/react-native/jest/setup.js:415:26)

ReferenceError: You are trying to access a property or method of the Jest environment after it has been torn down. From src/hooks/__tests__/useDragReorder.test.ts.

      at Timeout._onTimeout (node_modules/react-native/jest/setup.js:415:26)

ReferenceError: You are trying to access a property or method of the Jest environment after it has been torn down. From src/hooks/__tests__/useDragReorder.test.ts.

      at Timeout._onTimeout (node_modules/react-native/jest/setup.js:415:26)

ReferenceError: You are trying to access a property or method of the Jest environment after it has been torn down. From src/hooks/__tests__/useDragReorder.test.ts.

      at Timeout._onTimeout (node_modules/react-native/jest/setup.js:415:26)

ReferenceError: You are trying to access a property or method of the Jest environment after it has been torn down. From src/hooks/__tests__/useDragReorder.test.ts.

      at Timeout._onTimeout (node_modules/react-native/jest/setup.js:415:26)

ReferenceError: You are trying to access a property or method of the Jest environment after it has been torn down. From src/hooks/__tests__/useDragReorder.test.ts.

      at Timeout._onTimeout (node_modules/react-native/jest/setup.js:415:26)

ReferenceError: You are trying to access a property or method of the Jest environment after it has been torn down. From src/hooks/__tests__/useDragReorder.test.ts.

      at Timeout._onTimeout (node_modules/react-native/jest/setup.js:415:26)

ReferenceError: You are trying to access a property or method of the Jest environment after it has been torn down. From src/hooks/__tests__/useDragReorder.test.ts.

      at Timeout._onTimeout (node_modules/react-native/jest/setup.js:415:26)

ReferenceError: You are trying to access a property or method of the Jest environment after it has been torn down. From src/hooks/__tests__/useDragReorder.test.ts.

      at Timeout._onTimeout (node_modules/react-native/jest/setup.js:415:26)

ReferenceError: You are trying to access a property or method of the Jest environment after it has been torn down. From src/hooks/__tests__/useDragReorder.test.ts.

      at Timeout._onTimeout (node_modules/react-native/jest/setup.js:415:26)

ReferenceError: You are trying to access a property or method of the Jest environment after it has been torn down. From src/hooks/__tests__/useDragReorder.test.ts.

      at Timeout._onTimeout (node_modules/react-native/jest/setup.js:415:26)

ReferenceError: You are trying to access a property or method of the Jest environment after it has been torn down. From src/hooks/__tests__/useDragReorder.test.ts.

      at Timeout._onTimeout (node_modules/react-native/jest/setup.js:415:26)

ReferenceError: You are trying to access a property or method of the Jest environment after it has been torn down. From src/hooks/__tests__/useDragReorder.test.ts.

      at Timeout._onTimeout (node_modules/react-native/jest/setup.js:415:26)

ReferenceError: You are trying to access a property or method of the Jest environment after it has been torn down. From src/hooks/__tests__/useDragReorder.test.ts.

      at Timeout._onTimeout (node_modules/react-native/jest/setup.js:415:26)

ReferenceError: You are trying to access a property or method of the Jest environment after it has been torn down. From src/hooks/__tests__/useDragReorder.test.ts.

      at Timeout._onTimeout (node_modules/react-native/jest/setup.js:415:26)

ReferenceError: You are trying to access a property or method of the Jest environment after it has been torn down. From src/hooks/__tests__/useDragReorder.test.ts.

      at Timeout._onTimeout (node_modules/react-native/jest/setup.js:415:26)

ReferenceError: You are trying to access a property or method of the Jest environment after it has been torn down. From src/hooks/__tests__/useDragReorder.test.ts.

      at Timeout._onTimeout (node_modules/react-native/jest/setup.js:415:26)

ReferenceError: You are trying to access a property or method of the Jest environment after it has been torn down. From src/hooks/__tests__/useDragReorder.test.ts.

      at Timeout._onTimeout (node_modules/react-native/jest/setup.js:415:26)

ReferenceError: You are trying to access a property or method of the Jest environment after it has been torn down. From src/hooks/__tests__/useDragReorder.test.ts.

      at Timeout._onTimeout (node_modules/react-native/jest/setup.js:415:26)

ReferenceError: You are trying to access a property or method of the Jest environment after it has been torn down. From src/hooks/__tests__/useDragReorder.test.ts.

      at Timeout._onTimeout (node_modules/react-native/jest/setup.js:415:26)

ReferenceError: You are trying to access a property or method of the Jest environment after it has been torn down. From src/hooks/__tests__/useDragReorder.test.ts.

      at Timeout._onTimeout (node_modules/react-native/jest/setup.js:415:26)

ReferenceError: You are trying to access a property or method of the Jest environment after it has been torn down. From src/hooks/__tests__/useDragReorder.test.ts.

      at Timeout._onTimeout (node_modules/react-native/jest/setup.js:415:26)

ReferenceError: You are trying to access a property or method of the Jest environment after it has been torn down. From src/hooks/__tests__/useDragReorder.test.ts.

      at Timeout._onTimeout (node_modules/react-native/jest/setup.js:415:26)

ReferenceError: You are trying to access a property or method of the Jest environment after it has been torn down. From src/hooks/__tests__/useDragReorder.test.ts.

      at Timeout._onTimeout (node_modules/react-native/jest/setup.js:415:26)

ReferenceError: You are trying to access a property or method of the Jest environment after it has been torn down. From src/hooks/__tests__/useDragReorder.test.ts.

      at Timeout._onTimeout (node_modules/react-native/jest/setup.js:415:26)

ReferenceError: You are trying to access a property or method of the Jest environment after it has been torn down. From src/hooks/__tests__/useDragReorder.test.ts.

      at Timeout._onTimeout (node_modules/react-native/jest/setup.js:415:26)

ReferenceError: You are trying to access a property or method of the Jest environment after it has been torn down. From src/hooks/__tests__/useDragReorder.test.ts.

      at Timeout._onTimeout (node_modules/react-native/jest/setup.js:415:26)

ReferenceError: You are trying to access a property or method of the Jest environment after it has been torn down. From src/hooks/__tests__/useDragReorder.test.ts.

      at Timeout._onTimeout (node_modules/react-native/jest/setup.js:415:26)

ReferenceError: You are trying to access a property or method of the Jest environment after it has been torn down. From src/hooks/__tests__/useDragReorder.test.ts.

      at Timeout._onTimeout (node_modules/react-native/jest/setup.js:415:26)

ReferenceError: You are trying to access a property or method of the Jest environment after it has been torn down. From src/hooks/__tests__/useDragReorder.test.ts.

      at Timeout._onTimeout (node_modules/react-native/jest/setup.js:415:26)

ReferenceError: You are trying to access a property or method of the Jest environment after it has been torn down. From src/hooks/__tests__/useDragReorder.test.ts.

      at Timeout._onTimeout (node_modules/react-native/jest/setup.js:415:26)

ReferenceError: You are trying to access a property or method of the Jest environment after it has been torn down. From src/hooks/__tests__/useDragReorder.test.ts.

      at Timeout._onTimeout (node_modules/react-native/jest/setup.js:415:26)

ReferenceError: You are trying to access a property or method of the Jest environment after it has been torn down. From src/hooks/__tests__/useDragReorder.test.ts.

      at Timeout._onTimeout (node_modules/react-native/jest/setup.js:415:26)

ReferenceError: You are trying to access a property or method of the Jest environment after it has been torn down. From src/hooks/__tests__/useDragReorder.test.ts.

      at Timeout._onTimeout (node_modules/react-native/jest/setup.js:415:26)

ReferenceError: You are trying to access a property or method of the Jest environment after it has been torn down. From src/hooks/__tests__/useDragReorder.test.ts.

      at Timeout._onTimeout (node_modules/react-native/jest/setup.js:415:26)

ReferenceError: You are trying to access a property or method of the Jest environment after it has been torn down. From src/hooks/__tests__/useDragReorder.test.ts.

      at Timeout._onTimeout (node_modules/react-native/jest/setup.js:415:26)

ReferenceError: You are trying to access a property or method of the Jest environment after it has been torn down. From src/hooks/__tests__/useDragReorder.test.ts.

      at Timeout._onTimeout (node_modules/react-native/jest/setup.js:415:26)

ReferenceError: You are trying to access a property or method of the Jest environment after it has been torn down. From src/hooks/__tests__/useDragReorder.test.ts.

      at Timeout._onTimeout (node_modules/react-native/jest/setup.js:415:26)

ReferenceError: You are trying to access a property or method of the Jest environment after it has been torn down. From src/hooks/__tests__/useDragReorder.test.ts.

      at Timeout._onTimeout (node_modules/react-native/jest/setup.js:415:26)

ReferenceError: You are trying to access a property or method of the Jest environment after it has been torn down. From src/hooks/__tests__/useDragReorder.test.ts.

      at Timeout._onTimeout (node_modules/react-native/jest/setup.js:415:26)

ReferenceError: You are trying to access a property or method of the Jest environment after it has been torn down. From src/hooks/__tests__/useDragReorder.test.ts.

      at Timeout._onTimeout (node_modules/react-native/jest/setup.js:415:26)

ReferenceError: You are trying to access a property or method of the Jest environment after it has been torn down. From src/hooks/__tests__/useDragReorder.test.ts.

      at Timeout._onTimeout (node_modules/react-native/jest/setup.js:415:26)

ReferenceError: You are trying to access a property or method of the Jest environment after it has been torn down. From src/hooks/__tests__/useDragReorder.test.ts.

      at Timeout._onTimeout (node_modules/react-native/jest/setup.js:415:26)

ReferenceError: You are trying to access a property or method of the Jest environment after it has been torn down. From src/hooks/__tests__/useDragReorder.test.ts.

      at Timeout._onTimeout (node_modules/react-native/jest/setup.js:415:26)

ReferenceError: You are trying to access a property or method of the Jest environment after it has been torn down. From src/hooks/__tests__/useDragReorder.test.ts.

      at Timeout._onTimeout (node_modules/react-native/jest/setup.js:415:26)

ReferenceError: You are trying to access a property or method of the Jest environment after it has been torn down. From src/hooks/__tests__/useDragReorder.test.ts.

      at Timeout._onTimeout (node_modules/react-native/jest/setup.js:415:26)

ReferenceError: You are trying to access a property or method of the Jest environment after it has been torn down. From src/hooks/__tests__/useDragReorder.test.ts.

      at Timeout._onTimeout (node_modules/react-native/jest/setup.js:415:26)

ReferenceError: You are trying to access a property or method of the Jest environment after it has been torn down. From src/hooks/__tests__/useDragReorder.test.ts.

      at Timeout._onTimeout (node_modules/react-native/jest/setup.js:415:26)

ReferenceError: You are trying to access a property or method of the Jest environment after it has been torn down. From src/hooks/__tests__/useDragReorder.test.ts.

      at Timeout._onTimeout (node_modules/react-native/jest/setup.js:415:26)

ReferenceError: You are trying to access a property or method of the Jest environment after it has been torn down. From src/hooks/__tests__/useDragReorder.test.ts.

      at Timeout._onTimeout (node_modules/react-native/jest/setup.js:415:26)

ReferenceError: You are trying to access a property or method of the Jest environment after it has been torn down. From src/hooks/__tests__/useDragReorder.test.ts.

      at Timeout._onTimeout (node_modules/react-native/jest/setup.js:415:26)

ReferenceError: You are trying to access a property or method of the Jest environment after it has been torn down. From src/hooks/__tests__/useDragReorder.test.ts.

      at Timeout._onTimeout (node_modules/react-native/jest/setup.js:415:26)

ReferenceError: You are trying to access a property or method of the Jest environment after it has been torn down. From src/hooks/__tests__/useDragReorder.test.ts.

      at Timeout._onTimeout (node_modules/react-native/jest/setup.js:415:26)

ReferenceError: You are trying to access a property or method of the Jest environment after it has been torn down. From src/hooks/__tests__/useDragReorder.test.ts.

      at Timeout._onTimeout (node_modules/react-native/jest/setup.js:415:26)
PASS src/hooks/__tests__/useRealtimeTrains.test.ts
  ● Console

    console.error
      Realtime trains error: 최대 재시도 횟수(2)에 도달했습니다.

      58 |
      59 |   const handleError = useCallback((error: string) => {
    > 60 |     console.error('Realtime trains error:', error);
         |             ^
      61 |     updateState({ 
      62 |       error, 
      63 |       loading: false 

      at error (src/hooks/useRealtimeTrains.ts:60:13)
      at handleError (src/hooks/useRealtimeTrains.ts:100:9)
      at dataCallback (src/hooks/__tests__/useRealtimeTrains.test.ts:185:9)
      at asyncGeneratorStep (node_modules/@babel/runtime/helpers/asyncToGenerator.js:3:17)
      at _next (node_modules/@babel/runtime/helpers/asyncToGenerator.js:17:9)
      at node_modules/@babel/runtime/helpers/asyncToGenerator.js:22:7
      at node_modules/@babel/runtime/helpers/asyncToGenerator.js:14:12
      at callback (node_modules/@testing-library/react-native/src/act.ts:31:24)
      at act (node_modules/react/cjs/react.development.js:2512:16)
      at actImplementation (node_modules/@testing-library/react-native/src/act.ts:30:25)
      at Object.<anonymous> (src/hooks/__tests__/useRealtimeTrains.test.ts:184:16)
      at asyncGeneratorStep (node_modules/@babel/runtime/helpers/asyncToGenerator.js:3:17)
      at _next (node_modules/@babel/runtime/helpers/asyncToGenerator.js:17:9)

    console.error
      Realtime trains error: 최대 재시도 횟수(1)에 도달했습니다.

      58 |
      59 |   const handleError = useCallback((error: string) => {
    > 60 |     console.error('Realtime trains error:', error);
         |             ^
      61 |     updateState({ 
      62 |       error, 
      63 |       loading: false 

      at error (src/hooks/useRealtimeTrains.ts:60:13)
      at handleError (src/hooks/useRealtimeTrains.ts:100:9)
      at dataCallback (src/hooks/__tests__/useRealtimeTrains.test.ts:225:9)
      at asyncGeneratorStep (node_modules/@babel/runtime/helpers/asyncToGenerator.js:3:17)
      at _next (node_modules/@babel/runtime/helpers/asyncToGenerator.js:17:9)
      at node_modules/@babel/runtime/helpers/asyncToGenerator.js:22:7
      at node_modules/@babel/runtime/helpers/asyncToGenerator.js:14:12
      at callback (node_modules/@testing-library/react-native/src/act.ts:31:24)
      at act (node_modules/react/cjs/react.development.js:2512:16)
      at actImplementation (node_modules/@testing-library/react-native/src/act.ts:30:25)
      at Object.<anonymous> (src/hooks/__tests__/useRealtimeTrains.test.ts:224:16)
      at asyncGeneratorStep (node_modules/@babel/runtime/helpers/asyncToGenerator.js:3:17)
      at _next (node_modules/@babel/runtime/helpers/asyncToGenerator.js:17:9)
      at node_modules/@babel/runtime/helpers/asyncToGenerator.js:22:7
      at Object.<anonymous> (node_modules/@babel/runtime/helpers/asyncToGenerator.js:14:12)

    console.error
      Realtime trains error: 최대 재시도 횟수(1)에 도달했습니다.

      58 |
      59 |   const handleError = useCallback((error: string) => {
    > 60 |     console.error('Realtime trains error:', error);
         |             ^
      61 |     updateState({ 
      62 |       error, 
      63 |       loading: false 

      at error (src/hooks/useRealtimeTrains.ts:60:13)
      at handleError (src/hooks/useRealtimeTrains.ts:100:9)
      at dataCallback (src/hooks/__tests__/useRealtimeTrains.test.ts:385:9)
      at asyncGeneratorStep (node_modules/@babel/runtime/helpers/asyncToGenerator.js:3:17)
      at _next (node_modules/@babel/runtime/helpers/asyncToGenerator.js:17:9)
      at node_modules/@babel/runtime/helpers/asyncToGenerator.js:22:7
      at node_modules/@babel/runtime/helpers/asyncToGenerator.js:14:12
      at callback (node_modules/@testing-library/react-native/src/act.ts:31:24)
      at act (node_modules/react/cjs/react.development.js:2512:16)
      at actImplementation (node_modules/@testing-library/react-native/src/act.ts:30:25)
      at Object.<anonymous> (src/hooks/__tests__/useRealtimeTrains.test.ts:384:16)
      at asyncGeneratorStep (node_modules/@babel/runtime/helpers/asyncToGenerator.js:3:17)
      at _next (node_modules/@babel/runtime/helpers/asyncToGenerator.js:17:9)
      at node_modules/@babel/runtime/helpers/asyncToGenerator.js:22:7
      at Object.<anonymous> (node_modules/@babel/runtime/helpers/asyncToGenerator.js:14:12)


ReferenceError: You are trying to access a property or method of the Jest environment after it has been torn down. From src/hooks/__tests__/useDragReorder.test.ts.

      at Timeout._onTimeout (node_modules/react-native/jest/setup.js:415:26)

ReferenceError: You are trying to access a property or method of the Jest environment after it has been torn down. From src/hooks/__tests__/useDragReorder.test.ts.

      at Timeout._onTimeout (node_modules/react-native/jest/setup.js:415:26)

ReferenceError: You are trying to access a property or method of the Jest environment after it has been torn down. From src/hooks/__tests__/useDragReorder.test.ts.

      at Timeout._onTimeout (node_modules/react-native/jest/setup.js:415:26)

ReferenceError: You are trying to access a property or method of the Jest environment after it has been torn down. From src/hooks/__tests__/useDragReorder.test.ts.

      at Timeout._onTimeout (node_modules/react-native/jest/setup.js:415:26)

ReferenceError: You are trying to access a property or method of the Jest environment after it has been torn down. From src/hooks/__tests__/useDragReorder.test.ts.

      at Timeout._onTimeout (node_modules/react-native/jest/setup.js:415:26)

ReferenceError: You are trying to access a property or method of the Jest environment after it has been torn down. From src/hooks/__tests__/useDragReorder.test.ts.

      at Timeout._onTimeout (node_modules/react-native/jest/setup.js:415:26)

ReferenceError: You are trying to access a property or method of the Jest environment after it has been torn down. From src/hooks/__tests__/useDragReorder.test.ts.

      at Timeout._onTimeout (node_modules/react-native/jest/setup.js:415:26)

ReferenceError: You are trying to access a property or method of the Jest environment after it has been torn down. From src/hooks/__tests__/useDragReorder.test.ts.

      at Timeout._onTimeout (node_modules/react-native/jest/setup.js:415:26)

ReferenceError: You are trying to access a property or method of the Jest environment after it has been torn down. From src/hooks/__tests__/useDragReorder.test.ts.

      at Timeout._onTimeout (node_modules/react-native/jest/setup.js:415:26)

ReferenceError: You are trying to access a property or method of the Jest environment after it has been torn down. From src/hooks/__tests__/useDragReorder.test.ts.

      at Timeout._onTimeout (node_modules/react-native/jest/setup.js:415:26)

ReferenceError: You are trying to access a property or method of the Jest environment after it has been torn down. From src/hooks/__tests__/useDragReorder.test.ts.

      at Timeout._onTimeout (node_modules/react-native/jest/setup.js:415:26)

ReferenceError: You are trying to access a property or method of the Jest environment after it has been torn down. From src/hooks/__tests__/useDragReorder.test.ts.

      at Timeout._onTimeout (node_modules/react-native/jest/setup.js:415:26)

ReferenceError: You are trying to access a property or method of the Jest environment after it has been torn down. From src/hooks/__tests__/useDragReorder.test.ts.

      at Timeout._onTimeout (node_modules/react-native/jest/setup.js:415:26)

ReferenceError: You are trying to access a property or method of the Jest environment after it has been torn down. From src/hooks/__tests__/useDragReorder.test.ts.

      at Timeout._onTimeout (node_modules/react-native/jest/setup.js:415:26)

ReferenceError: You are trying to access a property or method of the Jest environment after it has been torn down. From src/hooks/__tests__/useDragReorder.test.ts.

      at Timeout._onTimeout (node_modules/react-native/jest/setup.js:415:26)

ReferenceError: You are trying to access a property or method of the Jest environment after it has been torn down. From src/hooks/__tests__/useDragReorder.test.ts.

      at Timeout._onTimeout (node_modules/react-native/jest/setup.js:415:26)

ReferenceError: You are trying to access a property or method of the Jest environment after it has been torn down. From src/hooks/__tests__/useDragReorder.test.ts.

      at Timeout._onTimeout (node_modules/react-native/jest/setup.js:415:26)

ReferenceError: You are trying to access a property or method of the Jest environment after it has been torn down. From src/hooks/__tests__/useDragReorder.test.ts.

      at Timeout._onTimeout (node_modules/react-native/jest/setup.js:415:26)

ReferenceError: You are trying to access a property or method of the Jest environment after it has been torn down. From src/hooks/__tests__/useDragReorder.test.ts.

      at Timeout._onTimeout (node_modules/react-native/jest/setup.js:415:26)

ReferenceError: You are trying to access a property or method of the Jest environment after it has been torn down. From src/hooks/__tests__/useDragReorder.test.ts.

      at Timeout._onTimeout (node_modules/react-native/jest/setup.js:415:26)

ReferenceError: You are trying to access a property or method of the Jest environment after it has been torn down. From src/hooks/__tests__/useDragReorder.test.ts.

      at Timeout._onTimeout (node_modules/react-native/jest/setup.js:415:26)

ReferenceError: You are trying to access a property or method of the Jest environment after it has been torn down. From src/hooks/__tests__/useDragReorder.test.ts.

      at Timeout._onTimeout (node_modules/react-native/jest/setup.js:415:26)

ReferenceError: You are trying to access a property or method of the Jest environment after it has been torn down. From src/hooks/__tests__/useDragReorder.test.ts.

      at Timeout._onTimeout (node_modules/react-native/jest/setup.js:415:26)

ReferenceError: You are trying to access a property or method of the Jest environment after it has been torn down. From src/hooks/__tests__/useDragReorder.test.ts.

      at Timeout._onTimeout (node_modules/react-native/jest/setup.js:415:26)

ReferenceError: You are trying to access a property or method of the Jest environment after it has been torn down. From src/hooks/__tests__/useDragReorder.test.ts.

      at Timeout._onTimeout (node_modules/react-native/jest/setup.js:415:26)

ReferenceError: You are trying to access a property or method of the Jest environment after it has been torn down. From src/hooks/__tests__/useDragReorder.test.ts.

      at Timeout._onTimeout (node_modules/react-native/jest/setup.js:415:26)

ReferenceError: You are trying to access a property or method of the Jest environment after it has been torn down. From src/hooks/__tests__/useDragReorder.test.ts.

      at Timeout._onTimeout (node_modules/react-native/jest/setup.js:415:26)

ReferenceError: You are trying to access a property or method of the Jest environment after it has been torn down. From src/hooks/__tests__/useDragReorder.test.ts.

      at Timeout._onTimeout (node_modules/react-native/jest/setup.js:415:26)

ReferenceError: You are trying to access a property or method of the Jest environment after it has been torn down. From src/hooks/__tests__/useDragReorder.test.ts.

      at Timeout._onTimeout (node_modules/react-native/jest/setup.js:415:26)

ReferenceError: You are trying to access a property or method of the Jest environment after it has been torn down. From src/hooks/__tests__/useDragReorder.test.ts.

      at Timeout._onTimeout (node_modules/react-native/jest/setup.js:415:26)

ReferenceError: You are trying to access a property or method of the Jest environment after it has been torn down. From src/hooks/__tests__/useDragReorder.test.ts.

      at Timeout._onTimeout (node_modules/react-native/jest/setup.js:415:26)

ReferenceError: You are trying to access a property or method of the Jest environment after it has been torn down. From src/hooks/__tests__/useDragReorder.test.ts.

      at Timeout._onTimeout (node_modules/react-native/jest/setup.js:415:26)

ReferenceError: You are trying to access a property or method of the Jest environment after it has been torn down. From src/hooks/__tests__/useDragReorder.test.ts.

      at Timeout._onTimeout (node_modules/react-native/jest/setup.js:415:26)

ReferenceError: You are trying to access a property or method of the Jest environment after it has been torn down. From src/hooks/__tests__/useDragReorder.test.ts.

      at Timeout._onTimeout (node_modules/react-native/jest/setup.js:415:26)

ReferenceError: You are trying to access a property or method of the Jest environment after it has been torn down. From src/hooks/__tests__/useDragReorder.test.ts.

      at Timeout._onTimeout (node_modules/react-native/jest/setup.js:415:26)

ReferenceError: You are trying to access a property or method of the Jest environment after it has been torn down. From src/hooks/__tests__/useDragReorder.test.ts.

      at Timeout._onTimeout (node_modules/react-native/jest/setup.js:415:26)

ReferenceError: You are trying to access a property or method of the Jest environment after it has been torn down. From src/hooks/__tests__/useDragReorder.test.ts.

      at Timeout._onTimeout (node_modules/react-native/jest/setup.js:415:26)

ReferenceError: You are trying to access a property or method of the Jest environment after it has been torn down. From src/hooks/__tests__/useDragReorder.test.ts.

      at Timeout._onTimeout (node_modules/react-native/jest/setup.js:415:26)

ReferenceError: You are trying to access a property or method of the Jest environment after it has been torn down. From src/hooks/__tests__/useDragReorder.test.ts.

      at Timeout._onTimeout (node_modules/react-native/jest/setup.js:415:26)

ReferenceError: You are trying to access a property or method of the Jest environment after it has been torn down. From src/hooks/__tests__/useDragReorder.test.ts.

      at Timeout._onTimeout (node_modules/react-native/jest/setup.js:415:26)

ReferenceError: You are trying to access a property or method of the Jest environment after it has been torn down. From src/hooks/__tests__/useDragReorder.test.ts.

      at Timeout._onTimeout (node_modules/react-native/jest/setup.js:415:26)

ReferenceError: You are trying to access a property or method of the Jest environment after it has been torn down. From src/hooks/__tests__/useDragReorder.test.ts.

      at Timeout._onTimeout (node_modules/react-native/jest/setup.js:415:26)

ReferenceError: You are trying to access a property or method of the Jest environment after it has been torn down. From src/hooks/__tests__/useDragReorder.test.ts.

      at Timeout._onTimeout (node_modules/react-native/jest/setup.js:415:26)

ReferenceError: You are trying to access a property or method of the Jest environment after it has been torn down. From src/hooks/__tests__/useDragReorder.test.ts.

      at Timeout._onTimeout (node_modules/react-native/jest/setup.js:415:26)

ReferenceError: You are trying to access a property or method of the Jest environment after it has been torn down. From src/hooks/__tests__/useDragReorder.test.ts.

      at Timeout._onTimeout (node_modules/react-native/jest/setup.js:415:26)

ReferenceError: You are trying to access a property or method of the Jest environment after it has been torn down. From src/hooks/__tests__/useDragReorder.test.ts.

      at Timeout._onTimeout (node_modules/react-native/jest/setup.js:415:26)

ReferenceError: You are trying to access a property or method of the Jest environment after it has been torn down. From src/hooks/__tests__/useDragReorder.test.ts.

      at Timeout._onTimeout (node_modules/react-native/jest/setup.js:415:26)

ReferenceError: You are trying to access a property or method of the Jest environment after it has been torn down. From src/hooks/__tests__/useDragReorder.test.ts.

      at Timeout._onTimeout (node_modules/react-native/jest/setup.js:415:26)

ReferenceError: You are trying to access a property or method of the Jest environment after it has been torn down. From src/hooks/__tests__/useDragReorder.test.ts.

      at Timeout._onTimeout (node_modules/react-native/jest/setup.js:415:26)

ReferenceError: You are trying to access a property or method of the Jest environment after it has been torn down. From src/hooks/__tests__/useDragReorder.test.ts.

      at Timeout._onTimeout (node_modules/react-native/jest/setup.js:415:26)

ReferenceError: You are trying to access a property or method of the Jest environment after it has been torn down. From src/hooks/__tests__/useDragReorder.test.ts.

      at Timeout._onTimeout (node_modules/react-native/jest/setup.js:415:26)

ReferenceError: You are trying to access a property or method of the Jest environment after it has been torn down. From src/hooks/__tests__/useDragReorder.test.ts.

      at Timeout._onTimeout (node_modules/react-native/jest/setup.js:415:26)

ReferenceError: You are trying to access a property or method of the Jest environment after it has been torn down. From src/hooks/__tests__/useDragReorder.test.ts.

      at Timeout._onTimeout (node_modules/react-native/jest/setup.js:415:26)

ReferenceError: You are trying to access a property or method of the Jest environment after it has been torn down. From src/hooks/__tests__/useDragReorder.test.ts.

      at Timeout._onTimeout (node_modules/react-native/jest/setup.js:415:26)

ReferenceError: You are trying to access a property or method of the Jest environment after it has been torn down. From src/hooks/__tests__/useDragReorder.test.ts.

      at Timeout._onTimeout (node_modules/react-native/jest/setup.js:415:26)

ReferenceError: You are trying to access a property or method of the Jest environment after it has been torn down. From src/hooks/__tests__/useDragReorder.test.ts.

      at Timeout._onTimeout (node_modules/react-native/jest/setup.js:415:26)

ReferenceError: You are trying to access a property or method of the Jest environment after it has been torn down. From src/hooks/__tests__/useDragReorder.test.ts.

      at Timeout._onTimeout (node_modules/react-native/jest/setup.js:415:26)

ReferenceError: You are trying to access a property or method of the Jest environment after it has been torn down. From src/hooks/__tests__/useDragReorder.test.ts.

      at Timeout._onTimeout (node_modules/react-native/jest/setup.js:415:26)

ReferenceError: You are trying to access a property or method of the Jest environment after it has been torn down. From src/hooks/__tests__/useDragReorder.test.ts.

      at Timeout._onTimeout (node_modules/react-native/jest/setup.js:415:26)

ReferenceError: You are trying to access a property or method of the Jest environment after it has been torn down. From src/hooks/__tests__/useDragReorder.test.ts.

      at Timeout._onTimeout (node_modules/react-native/jest/setup.js:415:26)

ReferenceError: You are trying to access a property or method of the Jest environment after it has been torn down. From src/hooks/__tests__/useDragReorder.test.ts.

      at Timeout._onTimeout (node_modules/react-native/jest/setup.js:415:26)

ReferenceError: You are trying to access a property or method of the Jest environment after it has been torn down. From src/hooks/__tests__/useDragReorder.test.ts.

      at Timeout._onTimeout (node_modules/react-native/jest/setup.js:415:26)

ReferenceError: You are trying to access a property or method of the Jest environment after it has been torn down. From src/hooks/__tests__/useDragReorder.test.ts.

      at Timeout._onTimeout (node_modules/react-native/jest/setup.js:415:26)

ReferenceError: You are trying to access a property or method of the Jest environment after it has been torn down. From src/hooks/__tests__/useDragReorder.test.ts.

      at Timeout._onTimeout (node_modules/react-native/jest/setup.js:415:26)

ReferenceError: You are trying to access a property or method of the Jest environment after it has been torn down. From src/hooks/__tests__/useDragReorder.test.ts.

      at Timeout._onTimeout (node_modules/react-native/jest/setup.js:415:26)

ReferenceError: You are trying to access a property or method of the Jest environment after it has been torn down. From src/hooks/__tests__/useDragReorder.test.ts.

      at Timeout._onTimeout (node_modules/react-native/jest/setup.js:415:26)

ReferenceError: You are trying to access a property or method of the Jest environment after it has been torn down. From src/hooks/__tests__/useDragReorder.test.ts.

      at Timeout._onTimeout (node_modules/react-native/jest/setup.js:415:26)

ReferenceError: You are trying to access a property or method of the Jest environment after it has been torn down. From src/hooks/__tests__/useDragReorder.test.ts.

      at Timeout._onTimeout (node_modules/react-native/jest/setup.js:415:26)

ReferenceError: You are trying to access a property or method of the Jest environment after it has been torn down. From src/hooks/__tests__/useDragReorder.test.ts.

      at Timeout._onTimeout (node_modules/react-native/jest/setup.js:415:26)

ReferenceError: You are trying to access a property or method of the Jest environment after it has been torn down. From src/hooks/__tests__/useDragReorder.test.ts.

      at Timeout._onTimeout (node_modules/react-native/jest/setup.js:415:26)

ReferenceError: You are trying to access a property or method of the Jest environment after it has been torn down. From src/hooks/__tests__/useDragReorder.test.ts.

      at Timeout._onTimeout (node_modules/react-native/jest/setup.js:415:26)

ReferenceError: You are trying to access a property or method of the Jest environment after it has been torn down. From src/hooks/__tests__/useDragReorder.test.ts.

      at Timeout._onTimeout (node_modules/react-native/jest/setup.js:415:26)

ReferenceError: You are trying to access a property or method of the Jest environment after it has been torn down. From src/hooks/__tests__/useDragReorder.test.ts.

      at Timeout._onTimeout (node_modules/react-native/jest/setup.js:415:26)

ReferenceError: You are trying to access a property or method of the Jest environment after it has been torn down. From src/hooks/__tests__/useDragReorder.test.ts.

      at Timeout._onTimeout (node_modules/react-native/jest/setup.js:415:26)

ReferenceError: You are trying to access a property or method of the Jest environment after it has been torn down. From src/hooks/__tests__/useDragReorder.test.ts.

      at Timeout._onTimeout (node_modules/react-native/jest/setup.js:415:26)

ReferenceError: You are trying to access a property or method of the Jest environment after it has been torn down. From src/hooks/__tests__/useDragReorder.test.ts.

      at Timeout._onTimeout (node_modules/react-native/jest/setup.js:415:26)

ReferenceError: You are trying to access a property or method of the Jest environment after it has been torn down. From src/hooks/__tests__/useDragReorder.test.ts.

      at Timeout._onTimeout (node_modules/react-native/jest/setup.js:415:26)

ReferenceError: You are trying to access a property or method of the Jest environment after it has been torn down. From src/hooks/__tests__/useDragReorder.test.ts.

      at Timeout._onTimeout (node_modules/react-native/jest/setup.js:415:26)

ReferenceError: You are trying to access a property or method of the Jest environment after it has been torn down. From src/hooks/__tests__/useDragReorder.test.ts.

      at Timeout._onTimeout (node_modules/react-native/jest/setup.js:415:26)

ReferenceError: You are trying to access a property or method of the Jest environment after it has been torn down. From src/hooks/__tests__/useDragReorder.test.ts.

      at Timeout._onTimeout (node_modules/react-native/jest/setup.js:415:26)

ReferenceError: You are trying to access a property or method of the Jest environment after it has been torn down. From src/hooks/__tests__/useDragReorder.test.ts.

      at Timeout._onTimeout (node_modules/react-native/jest/setup.js:415:26)

ReferenceError: You are trying to access a property or method of the Jest environment after it has been torn down. From src/hooks/__tests__/useDragReorder.test.ts.

      at Timeout._onTimeout (node_modules/react-native/jest/setup.js:415:26)

ReferenceError: You are trying to access a property or method of the Jest environment after it has been torn down. From src/hooks/__tests__/useDragReorder.test.ts.

      at Timeout._onTimeout (node_modules/react-native/jest/setup.js:415:26)

ReferenceError: You are trying to access a property or method of the Jest environment after it has been torn down. From src/hooks/__tests__/useDragReorder.test.ts.

      at Timeout._onTimeout (node_modules/react-native/jest/setup.js:415:26)

ReferenceError: You are trying to access a property or method of the Jest environment after it has been torn down. From src/hooks/__tests__/useDragReorder.test.ts.

      at Timeout._onTimeout (node_modules/react-native/jest/setup.js:415:26)

ReferenceError: You are trying to access a property or method of the Jest environment after it has been torn down. From src/hooks/__tests__/useDragReorder.test.ts.

      at Timeout._onTimeout (node_modules/react-native/jest/setup.js:415:26)

ReferenceError: You are trying to access a property or method of the Jest environment after it has been torn down. From src/hooks/__tests__/useDragReorder.test.ts.

      at Timeout._onTimeout (node_modules/react-native/jest/setup.js:415:26)

ReferenceError: You are trying to access a property or method of the Jest environment after it has been torn down. From src/hooks/__tests__/useDragReorder.test.ts.

      at Timeout._onTimeout (node_modules/react-native/jest/setup.js:415:26)

ReferenceError: You are trying to access a property or method of the Jest environment after it has been torn down. From src/hooks/__tests__/useDragReorder.test.ts.

      at Timeout._onTimeout (node_modules/react-native/jest/setup.js:415:26)

ReferenceError: You are trying to access a property or method of the Jest environment after it has been torn down. From src/hooks/__tests__/useDragReorder.test.ts.

      at Timeout._onTimeout (node_modules/react-native/jest/setup.js:415:26)

ReferenceError: You are trying to access a property or method of the Jest environment after it has been torn down. From src/hooks/__tests__/useDragReorder.test.ts.

      at Timeout._onTimeout (node_modules/react-native/jest/setup.js:415:26)

ReferenceError: You are trying to access a property or method of the Jest environment after it has been torn down. From src/hooks/__tests__/useDragReorder.test.ts.

      at Timeout._onTimeout (node_modules/react-native/jest/setup.js:415:26)

ReferenceError: You are trying to access a property or method of the Jest environment after it has been torn down. From src/hooks/__tests__/useDragReorder.test.ts.

      at Timeout._onTimeout (node_modules/react-native/jest/setup.js:415:26)

ReferenceError: You are trying to access a property or method of the Jest environment after it has been torn down. From src/hooks/__tests__/useDragReorder.test.ts.

      at Timeout._onTimeout (node_modules/react-native/jest/setup.js:415:26)

ReferenceError: You are trying to access a property or method of the Jest environment after it has been torn down. From src/hooks/__tests__/useDragReorder.test.ts.

      at Timeout._onTimeout (node_modules/react-native/jest/setup.js:415:26)

ReferenceError: You are trying to access a property or method of the Jest environment after it has been torn down. From src/hooks/__tests__/useDragReorder.test.ts.

      at Timeout._onTimeout (node_modules/react-native/jest/setup.js:415:26)

ReferenceError: You are trying to access a property or method of the Jest environment after it has been torn down. From src/hooks/__tests__/useDragReorder.test.ts.

      at Timeout._onTimeout (node_modules/react-native/jest/setup.js:415:26)

ReferenceError: You are trying to access a property or method of the Jest environment after it has been torn down. From src/hooks/__tests__/useDragReorder.test.ts.

      at Timeout._onTimeout (node_modules/react-native/jest/setup.js:415:26)

ReferenceError: You are trying to access a property or method of the Jest environment after it has been torn down. From src/hooks/__tests__/useDragReorder.test.ts.

      at Timeout._onTimeout (node_modules/react-native/jest/setup.js:415:26)

ReferenceError: You are trying to access a property or method of the Jest environment after it has been torn down. From src/hooks/__tests__/useDragReorder.test.ts.

      at Timeout._onTimeout (node_modules/react-native/jest/setup.js:415:26)

ReferenceError: You are trying to access a property or method of the Jest environment after it has been torn down. From src/hooks/__tests__/useDragReorder.test.ts.

      at Timeout._onTimeout (node_modules/react-native/jest/setup.js:415:26)

ReferenceError: You are trying to access a property or method of the Jest environment after it has been torn down. From src/hooks/__tests__/useDragReorder.test.ts.

      at Timeout._onTimeout (node_modules/react-native/jest/setup.js:415:26)

ReferenceError: You are trying to access a property or method of the Jest environment after it has been torn down. From src/hooks/__tests__/useDragReorder.test.ts.

      at Timeout._onTimeout (node_modules/react-native/jest/setup.js:415:26)

ReferenceError: You are trying to access a property or method of the Jest environment after it has been torn down. From src/hooks/__tests__/useDragReorder.test.ts.

      at Timeout._onTimeout (node_modules/react-native/jest/setup.js:415:26)

ReferenceError: You are trying to access a property or method of the Jest environment after it has been torn down. From src/hooks/__tests__/useDragReorder.test.ts.

      at Timeout._onTimeout (node_modules/react-native/jest/setup.js:415:26)

ReferenceError: You are trying to access a property or method of the Jest environment after it has been torn down. From src/hooks/__tests__/useDragReorder.test.ts.

      at Timeout._onTimeout (node_modules/react-native/jest/setup.js:415:26)

ReferenceError: You are trying to access a property or method of the Jest environment after it has been torn down. From src/hooks/__tests__/useDragReorder.test.ts.

      at Timeout._onTimeout (node_modules/react-native/jest/setup.js:415:26)

ReferenceError: You are trying to access a property or method of the Jest environment after it has been torn down. From src/hooks/__tests__/useDragReorder.test.ts.

      at Timeout._onTimeout (node_modules/react-native/jest/setup.js:415:26)

ReferenceError: You are trying to access a property or method of the Jest environment after it has been torn down. From src/hooks/__tests__/useDragReorder.test.ts.

      at Timeout._onTimeout (node_modules/react-native/jest/setup.js:415:26)

ReferenceError: You are trying to access a property or method of the Jest environment after it has been torn down. From src/hooks/__tests__/useDragReorder.test.ts.

      at Timeout._onTimeout (node_modules/react-native/jest/setup.js:415:26)

ReferenceError: You are trying to access a property or method of the Jest environment after it has been torn down. From src/hooks/__tests__/useDragReorder.test.ts.

      at Timeout._onTimeout (node_modules/react-native/jest/setup.js:415:26)

ReferenceError: You are trying to access a property or method of the Jest environment after it has been torn down. From src/hooks/__tests__/useDragReorder.test.ts.

      at Timeout._onTimeout (node_modules/react-native/jest/setup.js:415:26)

ReferenceError: You are trying to access a property or method of the Jest environment after it has been torn down. From src/hooks/__tests__/useDragReorder.test.ts.

      at Timeout._onTimeout (node_modules/react-native/jest/setup.js:415:26)

ReferenceError: You are trying to access a property or method of the Jest environment after it has been torn down. From src/hooks/__tests__/useDragReorder.test.ts.

      at Timeout._onTimeout (node_modules/react-native/jest/setup.js:415:26)

ReferenceError: You are trying to access a property or method of the Jest environment after it has been torn down. From src/hooks/__tests__/useDragReorder.test.ts.

      at Timeout._onTimeout (node_modules/react-native/jest/setup.js:415:26)

ReferenceError: You are trying to access a property or method of the Jest environment after it has been torn down. From src/hooks/__tests__/useDragReorder.test.ts.

      at Timeout._onTimeout (node_modules/react-native/jest/setup.js:415:26)

ReferenceError: You are trying to access a property or method of the Jest environment after it has been torn down. From src/hooks/__tests__/useDragReorder.test.ts.

      at Timeout._onTimeout (node_modules/react-native/jest/setup.js:415:26)

ReferenceError: You are trying to access a property or method of the Jest environment after it has been torn down. From src/hooks/__tests__/useDragReorder.test.ts.

      at Timeout._onTimeout (node_modules/react-native/jest/setup.js:415:26)

ReferenceError: You are trying to access a property or method of the Jest environment after it has been torn down. From src/hooks/__tests__/useDragReorder.test.ts.

      at Timeout._onTimeout (node_modules/react-native/jest/setup.js:415:26)

ReferenceError: You are trying to access a property or method of the Jest environment after it has been torn down. From src/hooks/__tests__/useDragReorder.test.ts.

      at Timeout._onTimeout (node_modules/react-native/jest/setup.js:415:26)

ReferenceError: You are trying to access a property or method of the Jest environment after it has been torn down. From src/hooks/__tests__/useDragReorder.test.ts.

      at Timeout._onTimeout (node_modules/react-native/jest/setup.js:415:26)

ReferenceError: You are trying to access a property or method of the Jest environment after it has been torn down. From src/hooks/__tests__/useDragReorder.test.ts.

      at Timeout._onTimeout (node_modules/react-native/jest/setup.js:415:26)

ReferenceError: You are trying to access a property or method of the Jest environment after it has been torn down. From src/hooks/__tests__/useDragReorder.test.ts.

      at Timeout._onTimeout (node_modules/react-native/jest/setup.js:415:26)

ReferenceError: You are trying to access a property or method of the Jest environment after it has been torn down. From src/hooks/__tests__/useDragReorder.test.ts.

      at Timeout._onTimeout (node_modules/react-native/jest/setup.js:415:26)

ReferenceError: You are trying to access a property or method of the Jest environment after it has been torn down. From src/hooks/__tests__/useDragReorder.test.ts.

      at Timeout._onTimeout (node_modules/react-native/jest/setup.js:415:26)

ReferenceError: You are trying to access a property or method of the Jest environment after it has been torn down. From src/hooks/__tests__/useDragReorder.test.ts.

      at Timeout._onTimeout (node_modules/react-native/jest/setup.js:415:26)

ReferenceError: You are trying to access a property or method of the Jest environment after it has been torn down. From src/hooks/__tests__/useDragReorder.test.ts.

      at Timeout._onTimeout (node_modules/react-native/jest/setup.js:415:26)

ReferenceError: You are trying to access a property or method of the Jest environment after it has been torn down. From src/hooks/__tests__/useDragReorder.test.ts.

      at Timeout._onTimeout (node_modules/react-native/jest/setup.js:415:26)

ReferenceError: You are trying to access a property or method of the Jest environment after it has been torn down. From src/hooks/__tests__/useDragReorder.test.ts.

      at Timeout._onTimeout (node_modules/react-native/jest/setup.js:415:26)

ReferenceError: You are trying to access a property or method of the Jest environment after it has been torn down. From src/hooks/__tests__/useDragReorder.test.ts.

      at Timeout._onTimeout (node_modules/react-native/jest/setup.js:415:26)

ReferenceError: You are trying to access a property or method of the Jest environment after it has been torn down. From src/hooks/__tests__/useDragReorder.test.ts.

      at Timeout._onTimeout (node_modules/react-native/jest/setup.js:415:26)

ReferenceError: You are trying to access a property or method of the Jest environment after it has been torn down. From src/hooks/__tests__/useDragReorder.test.ts.

      at Timeout._onTimeout (node_modules/react-native/jest/setup.js:415:26)

ReferenceError: You are trying to access a property or method of the Jest environment after it has been torn down. From src/hooks/__tests__/useDragReorder.test.ts.

      at Timeout._onTimeout (node_modules/react-native/jest/setup.js:415:26)

ReferenceError: You are trying to access a property or method of the Jest environment after it has been torn down. From src/hooks/__tests__/useDragReorder.test.ts.

      at Timeout._onTimeout (node_modules/react-native/jest/setup.js:415:26)

ReferenceError: You are trying to access a property or method of the Jest environment after it has been torn down. From src/hooks/__tests__/useDragReorder.test.ts.

      at Timeout._onTimeout (node_modules/react-native/jest/setup.js:415:26)

ReferenceError: You are trying to access a property or method of the Jest environment after it has been torn down. From src/hooks/__tests__/useDragReorder.test.ts.

      at Timeout._onTimeout (node_modules/react-native/jest/setup.js:415:26)

ReferenceError: You are trying to access a property or method of the Jest environment after it has been torn down. From src/hooks/__tests__/useDragReorder.test.ts.

      at Timeout._onTimeout (node_modules/react-native/jest/setup.js:415:26)

ReferenceError: You are trying to access a property or method of the Jest environment after it has been torn down. From src/hooks/__tests__/useDragReorder.test.ts.

      at Timeout._onTimeout (node_modules/react-native/jest/setup.js:415:26)

ReferenceError: You are trying to access a property or method of the Jest environment after it has been torn down. From src/hooks/__tests__/useDragReorder.test.ts.

      at Timeout._onTimeout (node_modules/react-native/jest/setup.js:415:26)

ReferenceError: You are trying to access a property or method of the Jest environment after it has been torn down. From src/hooks/__tests__/useDragReorder.test.ts.

      at Timeout._onTimeout (node_modules/react-native/jest/setup.js:415:26)

ReferenceError: You are trying to access a property or method of the Jest environment after it has been torn down. From src/hooks/__tests__/useDragReorder.test.ts.

      at Timeout._onTimeout (node_modules/react-native/jest/setup.js:415:26)

ReferenceError: You are trying to access a property or method of the Jest environment after it has been torn down. From src/hooks/__tests__/useDragReorder.test.ts.

      at Timeout._onTimeout (node_modules/react-native/jest/setup.js:415:26)

ReferenceError: You are trying to access a property or method of the Jest environment after it has been torn down. From src/hooks/__tests__/useDragReorder.test.ts.

      at Timeout._onTimeout (node_modules/react-native/jest/setup.js:415:26)

ReferenceError: You are trying to access a property or method of the Jest environment after it has been torn down. From src/hooks/__tests__/useDragReorder.test.ts.

      at Timeout._onTimeout (node_modules/react-native/jest/setup.js:415:26)

ReferenceError: You are trying to access a property or method of the Jest environment after it has been torn down. From src/hooks/__tests__/useDragReorder.test.ts.

      at Timeout._onTimeout (node_modules/react-native/jest/setup.js:415:26)

ReferenceError: You are trying to access a property or method of the Jest environment after it has been torn down. From src/hooks/__tests__/useDragReorder.test.ts.

      at Timeout._onTimeout (node_modules/react-native/jest/setup.js:415:26)

ReferenceError: You are trying to access a property or method of the Jest environment after it has been torn down. From src/hooks/__tests__/useDragReorder.test.ts.

      at Timeout._onTimeout (node_modules/react-native/jest/setup.js:415:26)

ReferenceError: You are trying to access a property or method of the Jest environment after it has been torn down. From src/hooks/__tests__/useDragReorder.test.ts.

      at Timeout._onTimeout (node_modules/react-native/jest/setup.js:415:26)

ReferenceError: You are trying to access a property or method of the Jest environment after it has been torn down. From src/hooks/__tests__/useDragReorder.test.ts.

      at Timeout._onTimeout (node_modules/react-native/jest/setup.js:415:26)

ReferenceError: You are trying to access a property or method of the Jest environment after it has been torn down. From src/hooks/__tests__/useDragReorder.test.ts.

      at Timeout._onTimeout (node_modules/react-native/jest/setup.js:415:26)

ReferenceError: You are trying to access a property or method of the Jest environment after it has been torn down. From src/hooks/__tests__/useDragReorder.test.ts.

      at Timeout._onTimeout (node_modules/react-native/jest/setup.js:415:26)

ReferenceError: You are trying to access a property or method of the Jest environment after it has been torn down. From src/hooks/__tests__/useDragReorder.test.ts.

      at Timeout._onTimeout (node_modules/react-native/jest/setup.js:415:26)

ReferenceError: You are trying to access a property or method of the Jest environment after it has been torn down. From src/hooks/__tests__/useDragReorder.test.ts.

      at Timeout._onTimeout (node_modules/react-native/jest/setup.js:415:26)

ReferenceError: You are trying to access a property or method of the Jest environment after it has been torn down. From src/hooks/__tests__/useDragReorder.test.ts.

      at Timeout._onTimeout (node_modules/react-native/jest/setup.js:415:26)

ReferenceError: You are trying to access a property or method of the Jest environment after it has been torn down. From src/hooks/__tests__/useDragReorder.test.ts.

      at Timeout._onTimeout (node_modules/react-native/jest/setup.js:415:26)

ReferenceError: You are trying to access a property or method of the Jest environment after it has been torn down. From src/hooks/__tests__/useDragReorder.test.ts.

      at Timeout._onTimeout (node_modules/react-native/jest/setup.js:415:26)

ReferenceError: You are trying to access a property or method of the Jest environment after it has been torn down. From src/hooks/__tests__/useDragReorder.test.ts.

      at Timeout._onTimeout (node_modules/react-native/jest/setup.js:415:26)

ReferenceError: You are trying to access a property or method of the Jest environment after it has been torn down. From src/hooks/__tests__/useDragReorder.test.ts.

      at Timeout._onTimeout (node_modules/react-native/jest/setup.js:415:26)

ReferenceError: You are trying to access a property or method of the Jest environment after it has been torn down. From src/hooks/__tests__/useDragReorder.test.ts.

      at Timeout._onTimeout (node_modules/react-native/jest/setup.js:415:26)

ReferenceError: You are trying to access a property or method of the Jest environment after it has been torn down. From src/hooks/__tests__/useDragReorder.test.ts.

      at Timeout._onTimeout (node_modules/react-native/jest/setup.js:415:26)

ReferenceError: You are trying to access a property or method of the Jest environment after it has been torn down. From src/hooks/__tests__/useDragReorder.test.ts.

      at Timeout._onTimeout (node_modules/react-native/jest/setup.js:415:26)

ReferenceError: You are trying to access a property or method of the Jest environment after it has been torn down. From src/hooks/__tests__/useDragReorder.test.ts.

      at Timeout._onTimeout (node_modules/react-native/jest/setup.js:415:26)

ReferenceError: You are trying to access a property or method of the Jest environment after it has been torn down. From src/hooks/__tests__/useDragReorder.test.ts.

      at Timeout._onTimeout (node_modules/react-native/jest/setup.js:415:26)

ReferenceError: You are trying to access a property or method of the Jest environment after it has been torn down. From src/hooks/__tests__/useDragReorder.test.ts.

      at Timeout._onTimeout (node_modules/react-native/jest/setup.js:415:26)

ReferenceError: You are trying to access a property or method of the Jest environment after it has been torn down. From src/hooks/__tests__/useDragReorder.test.ts.

      at Timeout._onTimeout (node_modules/react-native/jest/setup.js:415:26)

ReferenceError: You are trying to access a property or method of the Jest environment after it has been torn down. From src/hooks/__tests__/useDragReorder.test.ts.

      at Timeout._onTimeout (node_modules/react-native/jest/setup.js:415:26)

ReferenceError: You are trying to access a property or method of the Jest environment after it has been torn down. From src/hooks/__tests__/useDragReorder.test.ts.

      at Timeout._onTimeout (node_modules/react-native/jest/setup.js:415:26)

ReferenceError: You are trying to access a property or method of the Jest environment after it has been torn down. From src/hooks/__tests__/useDragReorder.test.ts.

      at Timeout._onTimeout (node_modules/react-native/jest/setup.js:415:26)

ReferenceError: You are trying to access a property or method of the Jest environment after it has been torn down. From src/hooks/__tests__/useDragReorder.test.ts.

      at Timeout._onTimeout (node_modules/react-native/jest/setup.js:415:26)

ReferenceError: You are trying to access a property or method of the Jest environment after it has been torn down. From src/hooks/__tests__/useDragReorder.test.ts.

      at Timeout._onTimeout (node_modules/react-native/jest/setup.js:415:26)

ReferenceError: You are trying to access a property or method of the Jest environment after it has been torn down. From src/hooks/__tests__/useDragReorder.test.ts.

      at Timeout._onTimeout (node_modules/react-native/jest/setup.js:415:26)

ReferenceError: You are trying to access a property or method of the Jest environment after it has been torn down. From src/hooks/__tests__/useDragReorder.test.ts.

      at Timeout._onTimeout (node_modules/react-native/jest/setup.js:415:26)

ReferenceError: You are trying to access a property or method of the Jest environment after it has been torn down. From src/hooks/__tests__/useDragReorder.test.ts.

      at Timeout._onTimeout (node_modules/react-native/jest/setup.js:415:26)

ReferenceError: You are trying to access a property or method of the Jest environment after it has been torn down. From src/hooks/__tests__/useDragReorder.test.ts.

      at Timeout._onTimeout (node_modules/react-native/jest/setup.js:415:26)

ReferenceError: You are trying to access a property or method of the Jest environment after it has been torn down. From src/hooks/__tests__/useDragReorder.test.ts.

      at Timeout._onTimeout (node_modules/react-native/jest/setup.js:415:26)

ReferenceError: You are trying to access a property or method of the Jest environment after it has been torn down. From src/hooks/__tests__/useDragReorder.test.ts.

      at Timeout._onTimeout (node_modules/react-native/jest/setup.js:415:26)

ReferenceError: You are trying to access a property or method of the Jest environment after it has been torn down. From src/hooks/__tests__/useDragReorder.test.ts.

      at Timeout._onTimeout (node_modules/react-native/jest/setup.js:415:26)

ReferenceError: You are trying to access a property or method of the Jest environment after it has been torn down. From src/hooks/__tests__/useDragReorder.test.ts.

      at Timeout._onTimeout (node_modules/react-native/jest/setup.js:415:26)

ReferenceError: You are trying to access a property or method of the Jest environment after it has been torn down. From src/hooks/__tests__/useDragReorder.test.ts.

      at Timeout._onTimeout (node_modules/react-native/jest/setup.js:415:26)

ReferenceError: You are trying to access a property or method of the Jest environment after it has been torn down. From src/hooks/__tests__/useDragReorder.test.ts.

      at Timeout._onTimeout (node_modules/react-native/jest/setup.js:415:26)

ReferenceError: You are trying to access a property or method of the Jest environment after it has been torn down. From src/hooks/__tests__/useDragReorder.test.ts.

      at Timeout._onTimeout (node_modules/react-native/jest/setup.js:415:26)

ReferenceError: You are trying to access a property or method of the Jest environment after it has been torn down. From src/hooks/__tests__/useDragReorder.test.ts.

      at Timeout._onTimeout (node_modules/react-native/jest/setup.js:415:26)

ReferenceError: You are trying to access a property or method of the Jest environment after it has been torn down. From src/hooks/__tests__/useDragReorder.test.ts.

      at Timeout._onTimeout (node_modules/react-native/jest/setup.js:415:26)

ReferenceError: You are trying to access a property or method of the Jest environment after it has been torn down. From src/hooks/__tests__/useDragReorder.test.ts.

      at Timeout._onTimeout (node_modules/react-native/jest/setup.js:415:26)

ReferenceError: You are trying to access a property or method of the Jest environment after it has been torn down. From src/hooks/__tests__/useDragReorder.test.ts.

      at Timeout._onTimeout (node_modules/react-native/jest/setup.js:415:26)

ReferenceError: You are trying to access a property or method of the Jest environment after it has been torn down. From src/hooks/__tests__/useDragReorder.test.ts.

      at Timeout._onTimeout (node_modules/react-native/jest/setup.js:415:26)

ReferenceError: You are trying to access a property or method of the Jest environment after it has been torn down. From src/hooks/__tests__/useDragReorder.test.ts.

      at Timeout._onTimeout (node_modules/react-native/jest/setup.js:415:26)

ReferenceError: You are trying to access a property or method of the Jest environment after it has been torn down. From src/hooks/__tests__/useDragReorder.test.ts.

      at Timeout._onTimeout (node_modules/react-native/jest/setup.js:415:26)

ReferenceError: You are trying to access a property or method of the Jest environment after it has been torn down. From src/hooks/__tests__/useDragReorder.test.ts.

      at Timeout._onTimeout (node_modules/react-native/jest/setup.js:415:26)

ReferenceError: You are trying to access a property or method of the Jest environment after it has been torn down. From src/hooks/__tests__/useDragReorder.test.ts.

      at Timeout._onTimeout (node_modules/react-native/jest/setup.js:415:26)

ReferenceError: You are trying to access a property or method of the Jest environment after it has been torn down. From src/hooks/__tests__/useDragReorder.test.ts.

      at Timeout._onTimeout (node_modules/react-native/jest/setup.js:415:26)

ReferenceError: You are trying to access a property or method of the Jest environment after it has been torn down. From src/hooks/__tests__/useDragReorder.test.ts.

      at Timeout._onTimeout (node_modules/react-native/jest/setup.js:415:26)

ReferenceError: You are trying to access a property or method of the Jest environment after it has been torn down. From src/hooks/__tests__/useDragReorder.test.ts.

      at Timeout._onTimeout (node_modules/react-native/jest/setup.js:415:26)
PASS src/hooks/__tests__/useNotifications.test.ts
  ● Console

    console.error
      Warning: An update to HookContainer inside a test was not wrapped in act(...).
      
      When testing, code that causes React state updates should be wrapped into act(...):
      
      act(() => {
        /* fire events that update state */
      });
      /* assert on the output */
      
      This ensures that you're testing the behavior the user would see in the browser. Learn more at https://reactjs.org/link/wrap-tests-with-act
          at hookProps (/Users/younghwankang/Work/LiveMetro/node_modules/@testing-library/react-native/src/render-hook.tsx:45:28)

      57 |
      58 |   const updateState = useCallback((updates: Partial<UseNotificationsState>) => {
    > 59 |     setState(prevState => ({ ...prevState, ...updates }));
         |     ^
      60 |   }, []);
      61 |
      62 |   /**

      at printWarning (node_modules/react-test-renderer/cjs/react-test-renderer.development.js:72:30)
      at error (node_modules/react-test-renderer/cjs/react-test-renderer.development.js:46:7)
      at warnIfUpdatesNotWrappedWithActDEV (node_modules/react-test-renderer/cjs/react-test-renderer.development.js:16677:9)
      at scheduleUpdateOnFiber (node_modules/react-test-renderer/cjs/react-test-renderer.development.js:14877:5)
      at dispatchSetState (node_modules/react-test-renderer/cjs/react-test-renderer.development.js:7510:7)
      at setState (src/hooks/useNotifications.ts:59:5)
      at updateState (src/hooks/useNotifications.ts:75:9)
      at asyncGeneratorStep (node_modules/@babel/runtime/helpers/asyncToGenerator.js:3:17)
      at _next (node_modules/@babel/runtime/helpers/asyncToGenerator.js:17:9)

    console.error
      Error initializing notifications: Error: Init failed
          at Object.<anonymous> (/Users/younghwankang/Work/LiveMetro/src/hooks/__tests__/useNotifications.test.ts:152:60)
          at Generator.next (<anonymous>)
          at asyncGeneratorStep (/Users/younghwankang/Work/LiveMetro/node_modules/@babel/runtime/helpers/asyncToGenerator.js:3:17)
          at _next (/Users/younghwankang/Work/LiveMetro/node_modules/@babel/runtime/helpers/asyncToGenerator.js:17:9)
          at /Users/younghwankang/Work/LiveMetro/node_modules/@babel/runtime/helpers/asyncToGenerator.js:22:7
          at new Promise (<anonymous>)
          at Object.<anonymous> (/Users/younghwankang/Work/LiveMetro/node_modules/@babel/runtime/helpers/asyncToGenerator.js:14:12)
          at Promise.then.completed (/Users/younghwankang/Work/LiveMetro/node_modules/jest-circus/build/utils.js:298:28)
          at new Promise (<anonymous>)
          at callAsyncCircusFn (/Users/younghwankang/Work/LiveMetro/node_modules/jest-circus/build/utils.js:231:10)
          at _callCircusTest (/Users/younghwankang/Work/LiveMetro/node_modules/jest-circus/build/run.js:316:40)
          at _runTest (/Users/younghwankang/Work/LiveMetro/node_modules/jest-circus/build/run.js:252:3)
          at _runTestsForDescribeBlock (/Users/younghwankang/Work/LiveMetro/node_modules/jest-circus/build/run.js:126:9)
          at _runTestsForDescribeBlock (/Users/younghwankang/Work/LiveMetro/node_modules/jest-circus/build/run.js:121:9)
          at _runTestsForDescribeBlock (/Users/younghwankang/Work/LiveMetro/node_modules/jest-circus/build/run.js:121:9)
          at run (/Users/younghwankang/Work/LiveMetro/node_modules/jest-circus/build/run.js:71:3)
          at runAndTransformResultsToJestFormat (/Users/younghwankang/Work/LiveMetro/node_modules/jest-circus/build/legacy-code-todo-rewrite/jestAdapterInit.js:122:21)
          at jestAdapter (/Users/younghwankang/Work/LiveMetro/node_modules/jest-circus/build/legacy-code-todo-rewrite/jestAdapter.js:79:19)
          at runTestInternal (/Users/younghwankang/Work/LiveMetro/node_modules/jest-runner/build/runTest.js:367:16)
          at runTest (/Users/younghwankang/Work/LiveMetro/node_modules/jest-runner/build/runTest.js:444:34)
          at Object.worker (/Users/younghwankang/Work/LiveMetro/node_modules/jest-runner/build/testWorker.js:106:12)

      89 |       }
      90 |     } catch (error) {
    > 91 |       console.error('Error initializing notifications:', error);
         |               ^
      92 |       updateState({
      93 |         error: error instanceof Error ? error.message : '알림 초기화 실패',
      94 |         loading: false,

      at error (src/hooks/useNotifications.ts:91:15)
          at Generator.throw (<anonymous>)
      at asyncGeneratorStep (node_modules/@babel/runtime/helpers/asyncToGenerator.js:3:17)
      at _throw (node_modules/@babel/runtime/helpers/asyncToGenerator.js:20:9)

    console.warn
      No notification permission

      103 |   const sendTestNotification = useCallback(async () => {
      104 |     if (!state.hasPermission) {
    > 105 |       console.warn('No notification permission');
          |               ^
      106 |       return false;
      107 |     }
      108 |

      at Object.warn (src/hooks/useNotifications.ts:105:15)
      at asyncGeneratorStep (node_modules/@babel/runtime/helpers/asyncToGenerator.js:3:17)
      at _next (node_modules/@babel/runtime/helpers/asyncToGenerator.js:17:9)
      at node_modules/@babel/runtime/helpers/asyncToGenerator.js:22:7
      at Object.sendTestNotification (node_modules/@babel/runtime/helpers/asyncToGenerator.js:14:12)
      at sendTestNotification (src/hooks/__tests__/useNotifications.test.ts:197:40)
      at asyncGeneratorStep (node_modules/@babel/runtime/helpers/asyncToGenerator.js:3:17)
      at _next (node_modules/@babel/runtime/helpers/asyncToGenerator.js:17:9)
      at node_modules/@babel/runtime/helpers/asyncToGenerator.js:22:7
      at node_modules/@babel/runtime/helpers/asyncToGenerator.js:14:12
      at callback (node_modules/@testing-library/react-native/src/act.ts:31:24)
      at act (node_modules/react/cjs/react.development.js:2512:16)
      at actImplementation (node_modules/@testing-library/react-native/src/act.ts:30:25)
      at Object.<anonymous> (src/hooks/__tests__/useNotifications.test.ts:196:16)
      at asyncGeneratorStep (node_modules/@babel/runtime/helpers/asyncToGenerator.js:3:17)
      at _next (node_modules/@babel/runtime/helpers/asyncToGenerator.js:17:9)

    console.error
      Error sending test notification: Error: Send failed
          at Object.<anonymous> (/Users/younghwankang/Work/LiveMetro/src/hooks/__tests__/useNotifications.test.ts:204:71)
          at Generator.next (<anonymous>)
          at asyncGeneratorStep (/Users/younghwankang/Work/LiveMetro/node_modules/@babel/runtime/helpers/asyncToGenerator.js:3:17)
          at _next (/Users/younghwankang/Work/LiveMetro/node_modules/@babel/runtime/helpers/asyncToGenerator.js:17:9)
          at /Users/younghwankang/Work/LiveMetro/node_modules/@babel/runtime/helpers/asyncToGenerator.js:22:7
          at new Promise (<anonymous>)
          at Object.<anonymous> (/Users/younghwankang/Work/LiveMetro/node_modules/@babel/runtime/helpers/asyncToGenerator.js:14:12)
          at Promise.then.completed (/Users/younghwankang/Work/LiveMetro/node_modules/jest-circus/build/utils.js:298:28)
          at new Promise (<anonymous>)
          at callAsyncCircusFn (/Users/younghwankang/Work/LiveMetro/node_modules/jest-circus/build/utils.js:231:10)
          at _callCircusTest (/Users/younghwankang/Work/LiveMetro/node_modules/jest-circus/build/run.js:316:40)
          at _runTest (/Users/younghwankang/Work/LiveMetro/node_modules/jest-circus/build/run.js:252:3)
          at _runTestsForDescribeBlock (/Users/younghwankang/Work/LiveMetro/node_modules/jest-circus/build/run.js:126:9)
          at _runTestsForDescribeBlock (/Users/younghwankang/Work/LiveMetro/node_modules/jest-circus/build/run.js:121:9)
          at _runTestsForDescribeBlock (/Users/younghwankang/Work/LiveMetro/node_modules/jest-circus/build/run.js:121:9)
          at run (/Users/younghwankang/Work/LiveMetro/node_modules/jest-circus/build/run.js:71:3)
          at runAndTransformResultsToJestFormat (/Users/younghwankang/Work/LiveMetro/node_modules/jest-circus/build/legacy-code-todo-rewrite/jestAdapterInit.js:122:21)
          at jestAdapter (/Users/younghwankang/Work/LiveMetro/node_modules/jest-circus/build/legacy-code-todo-rewrite/jestAdapter.js:79:19)
          at runTestInternal (/Users/younghwankang/Work/LiveMetro/node_modules/jest-runner/build/runTest.js:367:16)
          at runTest (/Users/younghwankang/Work/LiveMetro/node_modules/jest-runner/build/runTest.js:444:34)
          at Object.worker (/Users/younghwankang/Work/LiveMetro/node_modules/jest-runner/build/testWorker.js:106:12)

      118 |       return !!identifier;
      119 |     } catch (error) {
    > 120 |       console.error('Error sending test notification:', error);
          |               ^
      121 |       return false;
      122 |     }
      123 |   }, [state.hasPermission]);

      at Object.error (src/hooks/useNotifications.ts:120:15)
          at Generator.throw (<anonymous>)
      at asyncGeneratorStep (node_modules/@babel/runtime/helpers/asyncToGenerator.js:3:17)
      at _throw (node_modules/@babel/runtime/helpers/asyncToGenerator.js:20:9)

    console.error
      Error canceling notification: Error: Cancel failed
          at Object.<anonymous> (/Users/younghwankang/Work/LiveMetro/src/hooks/__tests__/useNotifications.test.ts:510:68)
          at Generator.next (<anonymous>)
          at asyncGeneratorStep (/Users/younghwankang/Work/LiveMetro/node_modules/@babel/runtime/helpers/asyncToGenerator.js:3:17)
          at _next (/Users/younghwankang/Work/LiveMetro/node_modules/@babel/runtime/helpers/asyncToGenerator.js:17:9)
          at /Users/younghwankang/Work/LiveMetro/node_modules/@babel/runtime/helpers/asyncToGenerator.js:22:7
          at new Promise (<anonymous>)
          at Object.<anonymous> (/Users/younghwankang/Work/LiveMetro/node_modules/@babel/runtime/helpers/asyncToGenerator.js:14:12)
          at Promise.then.completed (/Users/younghwankang/Work/LiveMetro/node_modules/jest-circus/build/utils.js:298:28)
          at new Promise (<anonymous>)
          at callAsyncCircusFn (/Users/younghwankang/Work/LiveMetro/node_modules/jest-circus/build/utils.js:231:10)
          at _callCircusTest (/Users/younghwankang/Work/LiveMetro/node_modules/jest-circus/build/run.js:316:40)
          at _runTest (/Users/younghwankang/Work/LiveMetro/node_modules/jest-circus/build/run.js:252:3)
          at _runTestsForDescribeBlock (/Users/younghwankang/Work/LiveMetro/node_modules/jest-circus/build/run.js:126:9)
          at _runTestsForDescribeBlock (/Users/younghwankang/Work/LiveMetro/node_modules/jest-circus/build/run.js:121:9)
          at _runTestsForDescribeBlock (/Users/younghwankang/Work/LiveMetro/node_modules/jest-circus/build/run.js:121:9)
          at run (/Users/younghwankang/Work/LiveMetro/node_modules/jest-circus/build/run.js:71:3)
          at runAndTransformResultsToJestFormat (/Users/younghwankang/Work/LiveMetro/node_modules/jest-circus/build/legacy-code-todo-rewrite/jestAdapterInit.js:122:21)
          at jestAdapter (/Users/younghwankang/Work/LiveMetro/node_modules/jest-circus/build/legacy-code-todo-rewrite/jestAdapter.js:79:19)
          at runTestInternal (/Users/younghwankang/Work/LiveMetro/node_modules/jest-runner/build/runTest.js:367:16)
          at runTest (/Users/younghwankang/Work/LiveMetro/node_modules/jest-runner/build/runTest.js:444:34)
          at Object.worker (/Users/younghwankang/Work/LiveMetro/node_modules/jest-runner/build/testWorker.js:106:12)

      324 |       return true;
      325 |     } catch (error) {
    > 326 |       console.error('Error canceling notification:', error);
          |               ^
      327 |       return false;
      328 |     }
      329 |   }, []);

      at Object.error (src/hooks/useNotifications.ts:326:15)
          at Generator.throw (<anonymous>)
      at asyncGeneratorStep (node_modules/@babel/runtime/helpers/asyncToGenerator.js:3:17)
      at _throw (node_modules/@babel/runtime/helpers/asyncToGenerator.js:20:9)

    console.error
      Error sending notification: Error: 알림 권한이 없습니다.
          at Object.<anonymous> (/Users/younghwankang/Work/LiveMetro/src/hooks/useNotifications.ts:450:15)
          at Generator.next (<anonymous>)
          at asyncGeneratorStep (/Users/younghwankang/Work/LiveMetro/node_modules/@babel/runtime/helpers/asyncToGenerator.js:3:17)
          at _next (/Users/younghwankang/Work/LiveMetro/node_modules/@babel/runtime/helpers/asyncToGenerator.js:17:9)

      460 |       return !!identifier;
      461 |     } catch (error) {
    > 462 |       console.error('Error sending notification:', error);
          |               ^
      463 |       return false;
      464 |     } finally {
      465 |       setLoading(false);

      at Object.error (src/hooks/useNotifications.ts:462:15)
      at asyncGeneratorStep (node_modules/@babel/runtime/helpers/asyncToGenerator.js:3:17)
      at _next (node_modules/@babel/runtime/helpers/asyncToGenerator.js:17:9)

    console.error
      Error sending notification: Error: Send failed
          at Object.<anonymous> (/Users/younghwankang/Work/LiveMetro/src/hooks/__tests__/useNotifications.test.ts:735:71)
          at Generator.next (<anonymous>)
          at asyncGeneratorStep (/Users/younghwankang/Work/LiveMetro/node_modules/@babel/runtime/helpers/asyncToGenerator.js:3:17)
          at _next (/Users/younghwankang/Work/LiveMetro/node_modules/@babel/runtime/helpers/asyncToGenerator.js:17:9)
          at /Users/younghwankang/Work/LiveMetro/node_modules/@babel/runtime/helpers/asyncToGenerator.js:22:7
          at new Promise (<anonymous>)
          at Object.<anonymous> (/Users/younghwankang/Work/LiveMetro/node_modules/@babel/runtime/helpers/asyncToGenerator.js:14:12)
          at Promise.then.completed (/Users/younghwankang/Work/LiveMetro/node_modules/jest-circus/build/utils.js:298:28)
          at new Promise (<anonymous>)
          at callAsyncCircusFn (/Users/younghwankang/Work/LiveMetro/node_modules/jest-circus/build/utils.js:231:10)
          at _callCircusTest (/Users/younghwankang/Work/LiveMetro/node_modules/jest-circus/build/run.js:316:40)
          at _runTest (/Users/younghwankang/Work/LiveMetro/node_modules/jest-circus/build/run.js:252:3)
          at _runTestsForDescribeBlock (/Users/younghwankang/Work/LiveMetro/node_modules/jest-circus/build/run.js:126:9)
          at _runTestsForDescribeBlock (/Users/younghwankang/Work/LiveMetro/node_modules/jest-circus/build/run.js:121:9)
          at _runTestsForDescribeBlock (/Users/younghwankang/Work/LiveMetro/node_modules/jest-circus/build/run.js:121:9)
          at run (/Users/younghwankang/Work/LiveMetro/node_modules/jest-circus/build/run.js:71:3)
          at runAndTransformResultsToJestFormat (/Users/younghwankang/Work/LiveMetro/node_modules/jest-circus/build/legacy-code-todo-rewrite/jestAdapterInit.js:122:21)
          at jestAdapter (/Users/younghwankang/Work/LiveMetro/node_modules/jest-circus/build/legacy-code-todo-rewrite/jestAdapter.js:79:19)
          at runTestInternal (/Users/younghwankang/Work/LiveMetro/node_modules/jest-runner/build/runTest.js:367:16)
          at runTest (/Users/younghwankang/Work/LiveMetro/node_modules/jest-runner/build/runTest.js:444:34)
          at Object.worker (/Users/younghwankang/Work/LiveMetro/node_modules/jest-runner/build/testWorker.js:106:12)

      460 |       return !!identifier;
      461 |     } catch (error) {
    > 462 |       console.error('Error sending notification:', error);
          |               ^
      463 |       return false;
      464 |     } finally {
      465 |       setLoading(false);

      at Object.error (src/hooks/useNotifications.ts:462:15)
          at Generator.throw (<anonymous>)
      at asyncGeneratorStep (node_modules/@babel/runtime/helpers/asyncToGenerator.js:3:17)
      at _throw (node_modules/@babel/runtime/helpers/asyncToGenerator.js:20:9)

PASS src/hooks/__tests__/useCommuteSetup.test.ts
PASS src/services/data/__tests__/dataManager.test.ts
  ● Console

    console.warn
      Seoul API failed, trying Firebase: Error: Seoul API unavailable
          at Object.<anonymous> (/Users/younghwankang/Work/LiveMetro/src/services/data/__tests__/dataManager.test.ts:102:23)
          at Generator.next (<anonymous>)
          at asyncGeneratorStep (/Users/younghwankang/Work/LiveMetro/node_modules/@babel/runtime/helpers/asyncToGenerator.js:3:17)
          at _next (/Users/younghwankang/Work/LiveMetro/node_modules/@babel/runtime/helpers/asyncToGenerator.js:17:9)
          at /Users/younghwankang/Work/LiveMetro/node_modules/@babel/runtime/helpers/asyncToGenerator.js:22:7
          at new Promise (<anonymous>)
          at Object.<anonymous> (/Users/younghwankang/Work/LiveMetro/node_modules/@babel/runtime/helpers/asyncToGenerator.js:14:12)
          at Promise.then.completed (/Users/younghwankang/Work/LiveMetro/node_modules/jest-circus/build/utils.js:298:28)
          at new Promise (<anonymous>)
          at callAsyncCircusFn (/Users/younghwankang/Work/LiveMetro/node_modules/jest-circus/build/utils.js:231:10)
          at _callCircusTest (/Users/younghwankang/Work/LiveMetro/node_modules/jest-circus/build/run.js:316:40)
          at processTicksAndRejections (node:internal/process/task_queues:103:5)
          at _runTest (/Users/younghwankang/Work/LiveMetro/node_modules/jest-circus/build/run.js:252:3)
          at _runTestsForDescribeBlock (/Users/younghwankang/Work/LiveMetro/node_modules/jest-circus/build/run.js:126:9)
          at _runTestsForDescribeBlock (/Users/younghwankang/Work/LiveMetro/node_modules/jest-circus/build/run.js:121:9)
          at _runTestsForDescribeBlock (/Users/younghwankang/Work/LiveMetro/node_modules/jest-circus/build/run.js:121:9)
          at _runTestsForDescribeBlock (/Users/younghwankang/Work/LiveMetro/node_modules/jest-circus/build/run.js:121:9)
          at run (/Users/younghwankang/Work/LiveMetro/node_modules/jest-circus/build/run.js:71:3)
          at runAndTransformResultsToJestFormat (/Users/younghwankang/Work/LiveMetro/node_modules/jest-circus/build/legacy-code-todo-rewrite/jestAdapterInit.js:122:21)
          at jestAdapter (/Users/younghwankang/Work/LiveMetro/node_modules/jest-circus/build/legacy-code-todo-rewrite/jestAdapter.js:79:19)
          at runTestInternal (/Users/younghwankang/Work/LiveMetro/node_modules/jest-runner/build/runTest.js:367:16)
          at runTest (/Users/younghwankang/Work/LiveMetro/node_modules/jest-runner/build/runTest.js:444:34)
          at Object.worker (/Users/younghwankang/Work/LiveMetro/node_modules/jest-runner/build/testWorker.js:106:12)

      77 |       }
      78 |     } catch (error) {
    > 79 |       console.warn('Seoul API failed, trying Firebase:', error);
         |               ^
      80 |       this.updateSyncStatus(false, error instanceof Error ? error.message : 'Seoul API error');
      81 |     }
      82 |

      at DataManager.warn (src/services/data/dataManager.ts:79:15)
          at Generator.throw (<anonymous>)
      at asyncGeneratorStep (node_modules/@babel/runtime/helpers/asyncToGenerator.js:3:17)
      at _throw (node_modules/@babel/runtime/helpers/asyncToGenerator.js:20:9)

    console.warn
      Station with name "강남역" not found in local data

      76 |     }
      77 |
    > 78 |     console.warn(`Station with name "${stationName}" not found in local data`);
         |             ^
      79 |     return null;
      80 |   } catch (error) {
      81 |     console.error('Error loading local station by name:', error);

      at warn (src/services/data/stationsDataService.ts:78:13)
      at DataManager.<anonymous> (src/services/data/dataManager.ts:85:49)
          at Generator.throw (<anonymous>)
      at asyncGeneratorStep (node_modules/@babel/runtime/helpers/asyncToGenerator.js:3:17)
      at _throw (node_modules/@babel/runtime/helpers/asyncToGenerator.js:20:9)

    console.error
      No data available for station: 강남역

      120 |     }
      121 |
    > 122 |     console.error('No data available for station:', stationName);
          |             ^
      123 |     return null;
      124 |   }
      125 |

      at DataManager.error (src/services/data/dataManager.ts:122:13)
      at asyncGeneratorStep (node_modules/@babel/runtime/helpers/asyncToGenerator.js:3:17)
      at _next (node_modules/@babel/runtime/helpers/asyncToGenerator.js:17:9)

    console.warn
      Seoul API failed, trying Firebase: Error: Seoul API unavailable
          at Object.<anonymous> (/Users/younghwankang/Work/LiveMetro/src/services/data/__tests__/dataManager.test.ts:126:26)
          at Generator.next (<anonymous>)
          at asyncGeneratorStep (/Users/younghwankang/Work/LiveMetro/node_modules/@babel/runtime/helpers/asyncToGenerator.js:3:17)
          at _next (/Users/younghwankang/Work/LiveMetro/node_modules/@babel/runtime/helpers/asyncToGenerator.js:17:9)
          at /Users/younghwankang/Work/LiveMetro/node_modules/@babel/runtime/helpers/asyncToGenerator.js:22:7
          at new Promise (<anonymous>)
          at Object.<anonymous> (/Users/younghwankang/Work/LiveMetro/node_modules/@babel/runtime/helpers/asyncToGenerator.js:14:12)
          at Promise.then.completed (/Users/younghwankang/Work/LiveMetro/node_modules/jest-circus/build/utils.js:298:28)
          at new Promise (<anonymous>)
          at callAsyncCircusFn (/Users/younghwankang/Work/LiveMetro/node_modules/jest-circus/build/utils.js:231:10)
          at _callCircusTest (/Users/younghwankang/Work/LiveMetro/node_modules/jest-circus/build/run.js:316:40)
          at processTicksAndRejections (node:internal/process/task_queues:103:5)
          at _runTest (/Users/younghwankang/Work/LiveMetro/node_modules/jest-circus/build/run.js:252:3)
          at _runTestsForDescribeBlock (/Users/younghwankang/Work/LiveMetro/node_modules/jest-circus/build/run.js:126:9)
          at _runTestsForDescribeBlock (/Users/younghwankang/Work/LiveMetro/node_modules/jest-circus/build/run.js:121:9)
          at _runTestsForDescribeBlock (/Users/younghwankang/Work/LiveMetro/node_modules/jest-circus/build/run.js:121:9)
          at _runTestsForDescribeBlock (/Users/younghwankang/Work/LiveMetro/node_modules/jest-circus/build/run.js:121:9)
          at run (/Users/younghwankang/Work/LiveMetro/node_modules/jest-circus/build/run.js:71:3)
          at runAndTransformResultsToJestFormat (/Users/younghwankang/Work/LiveMetro/node_modules/jest-circus/build/legacy-code-todo-rewrite/jestAdapterInit.js:122:21)
          at jestAdapter (/Users/younghwankang/Work/LiveMetro/node_modules/jest-circus/build/legacy-code-todo-rewrite/jestAdapter.js:79:19)
          at runTestInternal (/Users/younghwankang/Work/LiveMetro/node_modules/jest-runner/build/runTest.js:367:16)
          at runTest (/Users/younghwankang/Work/LiveMetro/node_modules/jest-runner/build/runTest.js:444:34)
          at Object.worker (/Users/younghwankang/Work/LiveMetro/node_modules/jest-runner/build/testWorker.js:106:12)

      77 |       }
      78 |     } catch (error) {
    > 79 |       console.warn('Seoul API failed, trying Firebase:', error);
         |               ^
      80 |       this.updateSyncStatus(false, error instanceof Error ? error.message : 'Seoul API error');
      81 |     }
      82 |

      at DataManager.warn (src/services/data/dataManager.ts:79:15)
          at Generator.throw (<anonymous>)
      at asyncGeneratorStep (node_modules/@babel/runtime/helpers/asyncToGenerator.js:3:17)
      at _throw (node_modules/@babel/runtime/helpers/asyncToGenerator.js:20:9)

    console.warn
      Station with name "강남역" not found in local data

      76 |     }
      77 |
    > 78 |     console.warn(`Station with name "${stationName}" not found in local data`);
         |             ^
      79 |     return null;
      80 |   } catch (error) {
      81 |     console.error('Error loading local station by name:', error);

      at warn (src/services/data/stationsDataService.ts:78:13)
      at DataManager.<anonymous> (src/services/data/dataManager.ts:85:49)
          at Generator.throw (<anonymous>)
      at asyncGeneratorStep (node_modules/@babel/runtime/helpers/asyncToGenerator.js:3:17)
      at _throw (node_modules/@babel/runtime/helpers/asyncToGenerator.js:20:9)

    console.error
      No data available for station: 강남역

      120 |     }
      121 |
    > 122 |     console.error('No data available for station:', stationName);
          |             ^
      123 |     return null;
      124 |   }
      125 |

      at DataManager.error (src/services/data/dataManager.ts:122:13)
      at asyncGeneratorStep (node_modules/@babel/runtime/helpers/asyncToGenerator.js:3:17)
      at _next (node_modules/@babel/runtime/helpers/asyncToGenerator.js:17:9)

    console.warn
      Seoul API failed, trying Firebase: Error: API unavailable
          at Object.<anonymous> (/Users/younghwankang/Work/LiveMetro/src/services/data/__tests__/dataManager.test.ts:159:26)
          at Generator.next (<anonymous>)
          at asyncGeneratorStep (/Users/younghwankang/Work/LiveMetro/node_modules/@babel/runtime/helpers/asyncToGenerator.js:3:17)
          at _next (/Users/younghwankang/Work/LiveMetro/node_modules/@babel/runtime/helpers/asyncToGenerator.js:17:9)
          at /Users/younghwankang/Work/LiveMetro/node_modules/@babel/runtime/helpers/asyncToGenerator.js:22:7
          at new Promise (<anonymous>)
          at Object.<anonymous> (/Users/younghwankang/Work/LiveMetro/node_modules/@babel/runtime/helpers/asyncToGenerator.js:14:12)
          at Promise.then.completed (/Users/younghwankang/Work/LiveMetro/node_modules/jest-circus/build/utils.js:298:28)
          at new Promise (<anonymous>)
          at callAsyncCircusFn (/Users/younghwankang/Work/LiveMetro/node_modules/jest-circus/build/utils.js:231:10)
          at _callCircusTest (/Users/younghwankang/Work/LiveMetro/node_modules/jest-circus/build/run.js:316:40)
          at processTicksAndRejections (node:internal/process/task_queues:103:5)
          at _runTest (/Users/younghwankang/Work/LiveMetro/node_modules/jest-circus/build/run.js:252:3)
          at _runTestsForDescribeBlock (/Users/younghwankang/Work/LiveMetro/node_modules/jest-circus/build/run.js:126:9)
          at _runTestsForDescribeBlock (/Users/younghwankang/Work/LiveMetro/node_modules/jest-circus/build/run.js:121:9)
          at _runTestsForDescribeBlock (/Users/younghwankang/Work/LiveMetro/node_modules/jest-circus/build/run.js:121:9)
          at _runTestsForDescribeBlock (/Users/younghwankang/Work/LiveMetro/node_modules/jest-circus/build/run.js:121:9)
          at run (/Users/younghwankang/Work/LiveMetro/node_modules/jest-circus/build/run.js:71:3)
          at runAndTransformResultsToJestFormat (/Users/younghwankang/Work/LiveMetro/node_modules/jest-circus/build/legacy-code-todo-rewrite/jestAdapterInit.js:122:21)
          at jestAdapter (/Users/younghwankang/Work/LiveMetro/node_modules/jest-circus/build/legacy-code-todo-rewrite/jestAdapter.js:79:19)
          at runTestInternal (/Users/younghwankang/Work/LiveMetro/node_modules/jest-runner/build/runTest.js:367:16)
          at runTest (/Users/younghwankang/Work/LiveMetro/node_modules/jest-runner/build/runTest.js:444:34)
          at Object.worker (/Users/younghwankang/Work/LiveMetro/node_modules/jest-runner/build/testWorker.js:106:12)

      77 |       }
      78 |     } catch (error) {
    > 79 |       console.warn('Seoul API failed, trying Firebase:', error);
         |               ^
      80 |       this.updateSyncStatus(false, error instanceof Error ? error.message : 'Seoul API error');
      81 |     }
      82 |

      at DataManager.warn (src/services/data/dataManager.ts:79:15)
          at Generator.throw (<anonymous>)
      at asyncGeneratorStep (node_modules/@babel/runtime/helpers/asyncToGenerator.js:3:17)
      at _throw (node_modules/@babel/runtime/helpers/asyncToGenerator.js:20:9)

    console.warn
      Station with name "강남역" not found in local data

      76 |     }
      77 |
    > 78 |     console.warn(`Station with name "${stationName}" not found in local data`);
         |             ^
      79 |     return null;
      80 |   } catch (error) {
      81 |     console.error('Error loading local station by name:', error);

      at warn (src/services/data/stationsDataService.ts:78:13)
      at DataManager.<anonymous> (src/services/data/dataManager.ts:85:49)
          at Generator.throw (<anonymous>)
      at asyncGeneratorStep (node_modules/@babel/runtime/helpers/asyncToGenerator.js:3:17)
      at _throw (node_modules/@babel/runtime/helpers/asyncToGenerator.js:20:9)

    console.error
      Error getting cached data: SyntaxError: Unexpected token 'c', "corrupted json data" is not valid JSON
          at JSON.parse (<anonymous>)
          at DataManager.parse (/Users/younghwankang/Work/LiveMetro/src/services/data/dataManager.ts:448:46)
          at Generator.next (<anonymous>)
          at asyncGeneratorStep (/Users/younghwankang/Work/LiveMetro/node_modules/@babel/runtime/helpers/asyncToGenerator.js:3:17)
          at _next (/Users/younghwankang/Work/LiveMetro/node_modules/@babel/runtime/helpers/asyncToGenerator.js:17:9)
          at processTicksAndRejections (node:internal/process/task_queues:103:5)

      456 |       return cachedItem.data;
      457 |     } catch (error) {
    > 458 |       console.error('Error getting cached data:', error);
          |               ^
      459 |       return null;
      460 |     }
      461 |   }

      at DataManager.error (src/services/data/dataManager.ts:458:15)
      at asyncGeneratorStep (node_modules/@babel/runtime/helpers/asyncToGenerator.js:3:17)
      at _next (node_modules/@babel/runtime/helpers/asyncToGenerator.js:17:9)

    console.error
      No data available for station: 강남역

      120 |     }
      121 |
    > 122 |     console.error('No data available for station:', stationName);
          |             ^
      123 |     return null;
      124 |   }
      125 |

      at DataManager.error (src/services/data/dataManager.ts:122:13)
      at asyncGeneratorStep (node_modules/@babel/runtime/helpers/asyncToGenerator.js:3:17)
      at _next (node_modules/@babel/runtime/helpers/asyncToGenerator.js:17:9)

    console.error
      Error getting cached data: SyntaxError: Unexpected token 'c', "corrupted json data" is not valid JSON
          at JSON.parse (<anonymous>)
          at DataManager.parse (/Users/younghwankang/Work/LiveMetro/src/services/data/dataManager.ts:448:46)
          at Generator.next (<anonymous>)
          at asyncGeneratorStep (/Users/younghwankang/Work/LiveMetro/node_modules/@babel/runtime/helpers/asyncToGenerator.js:3:17)
          at _next (/Users/younghwankang/Work/LiveMetro/node_modules/@babel/runtime/helpers/asyncToGenerator.js:17:9)
          at processTicksAndRejections (node:internal/process/task_queues:103:5)

      456 |       return cachedItem.data;
      457 |     } catch (error) {
    > 458 |       console.error('Error getting cached data:', error);
          |               ^
      459 |       return null;
      460 |     }
      461 |   }

      at DataManager.error (src/services/data/dataManager.ts:458:15)
      at asyncGeneratorStep (node_modules/@babel/runtime/helpers/asyncToGenerator.js:3:17)
      at _next (node_modules/@babel/runtime/helpers/asyncToGenerator.js:17:9)

    console.warn
      Station with name "강남역" not found in local data

      76 |     }
      77 |
    > 78 |     console.warn(`Station with name "${stationName}" not found in local data`);
         |             ^
      79 |     return null;
      80 |   } catch (error) {
      81 |     console.error('Error loading local station by name:', error);

      at warn (src/services/data/stationsDataService.ts:78:13)
      at DataManager.<anonymous> (src/services/data/dataManager.ts:140:49)
      at asyncGeneratorStep (node_modules/@babel/runtime/helpers/asyncToGenerator.js:3:17)
      at _next (node_modules/@babel/runtime/helpers/asyncToGenerator.js:17:9)

    console.warn
      Seoul API failed, trying Firebase: Error: Network timeout
          at Object.<anonymous> (/Users/younghwankang/Work/LiveMetro/src/services/data/__tests__/dataManager.test.ts:206:28)
          at Generator.next (<anonymous>)
          at asyncGeneratorStep (/Users/younghwankang/Work/LiveMetro/node_modules/@babel/runtime/helpers/asyncToGenerator.js:3:17)
          at _next (/Users/younghwankang/Work/LiveMetro/node_modules/@babel/runtime/helpers/asyncToGenerator.js:17:9)
          at /Users/younghwankang/Work/LiveMetro/node_modules/@babel/runtime/helpers/asyncToGenerator.js:22:7
          at new Promise (<anonymous>)
          at Object.<anonymous> (/Users/younghwankang/Work/LiveMetro/node_modules/@babel/runtime/helpers/asyncToGenerator.js:14:12)
          at Promise.then.completed (/Users/younghwankang/Work/LiveMetro/node_modules/jest-circus/build/utils.js:298:28)
          at new Promise (<anonymous>)
          at callAsyncCircusFn (/Users/younghwankang/Work/LiveMetro/node_modules/jest-circus/build/utils.js:231:10)
          at _callCircusTest (/Users/younghwankang/Work/LiveMetro/node_modules/jest-circus/build/run.js:316:40)
          at processTicksAndRejections (node:internal/process/task_queues:103:5)
          at _runTest (/Users/younghwankang/Work/LiveMetro/node_modules/jest-circus/build/run.js:252:3)
          at _runTestsForDescribeBlock (/Users/younghwankang/Work/LiveMetro/node_modules/jest-circus/build/run.js:126:9)
          at _runTestsForDescribeBlock (/Users/younghwankang/Work/LiveMetro/node_modules/jest-circus/build/run.js:121:9)
          at _runTestsForDescribeBlock (/Users/younghwankang/Work/LiveMetro/node_modules/jest-circus/build/run.js:121:9)
          at run (/Users/younghwankang/Work/LiveMetro/node_modules/jest-circus/build/run.js:71:3)
          at runAndTransformResultsToJestFormat (/Users/younghwankang/Work/LiveMetro/node_modules/jest-circus/build/legacy-code-todo-rewrite/jestAdapterInit.js:122:21)
          at jestAdapter (/Users/younghwankang/Work/LiveMetro/node_modules/jest-circus/build/legacy-code-todo-rewrite/jestAdapter.js:79:19)
          at runTestInternal (/Users/younghwankang/Work/LiveMetro/node_modules/jest-runner/build/runTest.js:367:16)
          at runTest (/Users/younghwankang/Work/LiveMetro/node_modules/jest-runner/build/runTest.js:444:34)
          at Object.worker (/Users/younghwankang/Work/LiveMetro/node_modules/jest-runner/build/testWorker.js:106:12)

      77 |       }
      78 |     } catch (error) {
    > 79 |       console.warn('Seoul API failed, trying Firebase:', error);
         |               ^
      80 |       this.updateSyncStatus(false, error instanceof Error ? error.message : 'Seoul API error');
      81 |     }
      82 |

      at DataManager.warn (src/services/data/dataManager.ts:79:15)
          at Generator.throw (<anonymous>)
      at asyncGeneratorStep (node_modules/@babel/runtime/helpers/asyncToGenerator.js:3:17)
      at _throw (node_modules/@babel/runtime/helpers/asyncToGenerator.js:20:9)

    console.warn
      Station with name "강남역" not found in local data

      76 |     }
      77 |
    > 78 |     console.warn(`Station with name "${stationName}" not found in local data`);
         |             ^
      79 |     return null;
      80 |   } catch (error) {
      81 |     console.error('Error loading local station by name:', error);

      at warn (src/services/data/stationsDataService.ts:78:13)
      at DataManager.<anonymous> (src/services/data/dataManager.ts:85:49)
          at Generator.throw (<anonymous>)
      at asyncGeneratorStep (node_modules/@babel/runtime/helpers/asyncToGenerator.js:3:17)
      at _throw (node_modules/@babel/runtime/helpers/asyncToGenerator.js:20:9)

    console.error
      No data available for station: 강남역

      120 |     }
      121 |
    > 122 |     console.error('No data available for station:', stationName);
          |             ^
      123 |     return null;
      124 |   }
      125 |

      at DataManager.error (src/services/data/dataManager.ts:122:13)
      at asyncGeneratorStep (node_modules/@babel/runtime/helpers/asyncToGenerator.js:3:17)
      at _next (node_modules/@babel/runtime/helpers/asyncToGenerator.js:17:9)

    console.warn
      Seoul API failed, trying Firebase: Error: API error
          at Object.<anonymous> (/Users/younghwankang/Work/LiveMetro/src/services/data/__tests__/dataManager.test.ts:221:24)
          at Generator.next (<anonymous>)
          at asyncGeneratorStep (/Users/younghwankang/Work/LiveMetro/node_modules/@babel/runtime/helpers/asyncToGenerator.js:3:17)
          at _next (/Users/younghwankang/Work/LiveMetro/node_modules/@babel/runtime/helpers/asyncToGenerator.js:17:9)
          at /Users/younghwankang/Work/LiveMetro/node_modules/@babel/runtime/helpers/asyncToGenerator.js:22:7
          at new Promise (<anonymous>)
          at Object.<anonymous> (/Users/younghwankang/Work/LiveMetro/node_modules/@babel/runtime/helpers/asyncToGenerator.js:14:12)
          at Promise.then.completed (/Users/younghwankang/Work/LiveMetro/node_modules/jest-circus/build/utils.js:298:28)
          at new Promise (<anonymous>)
          at callAsyncCircusFn (/Users/younghwankang/Work/LiveMetro/node_modules/jest-circus/build/utils.js:231:10)
          at _callCircusTest (/Users/younghwankang/Work/LiveMetro/node_modules/jest-circus/build/run.js:316:40)
          at processTicksAndRejections (node:internal/process/task_queues:103:5)
          at _runTest (/Users/younghwankang/Work/LiveMetro/node_modules/jest-circus/build/run.js:252:3)
          at _runTestsForDescribeBlock (/Users/younghwankang/Work/LiveMetro/node_modules/jest-circus/build/run.js:126:9)
          at _runTestsForDescribeBlock (/Users/younghwankang/Work/LiveMetro/node_modules/jest-circus/build/run.js:121:9)
          at _runTestsForDescribeBlock (/Users/younghwankang/Work/LiveMetro/node_modules/jest-circus/build/run.js:121:9)
          at run (/Users/younghwankang/Work/LiveMetro/node_modules/jest-circus/build/run.js:71:3)
          at runAndTransformResultsToJestFormat (/Users/younghwankang/Work/LiveMetro/node_modules/jest-circus/build/legacy-code-todo-rewrite/jestAdapterInit.js:122:21)
          at jestAdapter (/Users/younghwankang/Work/LiveMetro/node_modules/jest-circus/build/legacy-code-todo-rewrite/jestAdapter.js:79:19)
          at runTestInternal (/Users/younghwankang/Work/LiveMetro/node_modules/jest-runner/build/runTest.js:367:16)
          at runTest (/Users/younghwankang/Work/LiveMetro/node_modules/jest-runner/build/runTest.js:444:34)
          at Object.worker (/Users/younghwankang/Work/LiveMetro/node_modules/jest-runner/build/testWorker.js:106:12)

      77 |       }
      78 |     } catch (error) {
    > 79 |       console.warn('Seoul API failed, trying Firebase:', error);
         |               ^
      80 |       this.updateSyncStatus(false, error instanceof Error ? error.message : 'Seoul API error');
      81 |     }
      82 |

      at DataManager.warn (src/services/data/dataManager.ts:79:15)
          at Generator.throw (<anonymous>)
      at asyncGeneratorStep (node_modules/@babel/runtime/helpers/asyncToGenerator.js:3:17)
      at _throw (node_modules/@babel/runtime/helpers/asyncToGenerator.js:20:9)

    console.warn
      Station with name "강남역" not found in local data

      76 |     }
      77 |
    > 78 |     console.warn(`Station with name "${stationName}" not found in local data`);
         |             ^
      79 |     return null;
      80 |   } catch (error) {
      81 |     console.error('Error loading local station by name:', error);

      at warn (src/services/data/stationsDataService.ts:78:13)
      at DataManager.<anonymous> (src/services/data/dataManager.ts:85:49)
          at Generator.throw (<anonymous>)
      at asyncGeneratorStep (node_modules/@babel/runtime/helpers/asyncToGenerator.js:3:17)
      at _throw (node_modules/@babel/runtime/helpers/asyncToGenerator.js:20:9)

    console.error
      Error getting cached data: Error: Storage error
          at Object.<anonymous> (/Users/younghwankang/Work/LiveMetro/src/services/data/__tests__/dataManager.test.ts:222:28)
          at Generator.next (<anonymous>)
          at asyncGeneratorStep (/Users/younghwankang/Work/LiveMetro/node_modules/@babel/runtime/helpers/asyncToGenerator.js:3:17)
          at _next (/Users/younghwankang/Work/LiveMetro/node_modules/@babel/runtime/helpers/asyncToGenerator.js:17:9)
          at /Users/younghwankang/Work/LiveMetro/node_modules/@babel/runtime/helpers/asyncToGenerator.js:22:7
          at new Promise (<anonymous>)
          at Object.<anonymous> (/Users/younghwankang/Work/LiveMetro/node_modules/@babel/runtime/helpers/asyncToGenerator.js:14:12)
          at Promise.then.completed (/Users/younghwankang/Work/LiveMetro/node_modules/jest-circus/build/utils.js:298:28)
          at new Promise (<anonymous>)
          at callAsyncCircusFn (/Users/younghwankang/Work/LiveMetro/node_modules/jest-circus/build/utils.js:231:10)
          at _callCircusTest (/Users/younghwankang/Work/LiveMetro/node_modules/jest-circus/build/run.js:316:40)
          at processTicksAndRejections (node:internal/process/task_queues:103:5)
          at _runTest (/Users/younghwankang/Work/LiveMetro/node_modules/jest-circus/build/run.js:252:3)
          at _runTestsForDescribeBlock (/Users/younghwankang/Work/LiveMetro/node_modules/jest-circus/build/run.js:126:9)
          at _runTestsForDescribeBlock (/Users/younghwankang/Work/LiveMetro/node_modules/jest-circus/build/run.js:121:9)
          at _runTestsForDescribeBlock (/Users/younghwankang/Work/LiveMetro/node_modules/jest-circus/build/run.js:121:9)
          at run (/Users/younghwankang/Work/LiveMetro/node_modules/jest-circus/build/run.js:71:3)
          at runAndTransformResultsToJestFormat (/Users/younghwankang/Work/LiveMetro/node_modules/jest-circus/build/legacy-code-todo-rewrite/jestAdapterInit.js:122:21)
          at jestAdapter (/Users/younghwankang/Work/LiveMetro/node_modules/jest-circus/build/legacy-code-todo-rewrite/jestAdapter.js:79:19)
          at runTestInternal (/Users/younghwankang/Work/LiveMetro/node_modules/jest-runner/build/runTest.js:367:16)
          at runTest (/Users/younghwankang/Work/LiveMetro/node_modules/jest-runner/build/runTest.js:444:34)
          at Object.worker (/Users/younghwankang/Work/LiveMetro/node_modules/jest-runner/build/testWorker.js:106:12)

      456 |       return cachedItem.data;
      457 |     } catch (error) {
    > 458 |       console.error('Error getting cached data:', error);
          |               ^
      459 |       return null;
      460 |     }
      461 |   }

      at DataManager.error (src/services/data/dataManager.ts:458:15)
          at Generator.throw (<anonymous>)
      at asyncGeneratorStep (node_modules/@babel/runtime/helpers/asyncToGenerator.js:3:17)
      at _throw (node_modules/@babel/runtime/helpers/asyncToGenerator.js:20:9)

    console.error
      No data available for station: 강남역

      120 |     }
      121 |
    > 122 |     console.error('No data available for station:', stationName);
          |             ^
      123 |     return null;
      124 |   }
      125 |

      at DataManager.error (src/services/data/dataManager.ts:122:13)
      at asyncGeneratorStep (node_modules/@babel/runtime/helpers/asyncToGenerator.js:3:17)
      at _next (node_modules/@babel/runtime/helpers/asyncToGenerator.js:17:9)

    console.error
      No data available for station: 강남역

      120 |     }
      121 |
    > 122 |     console.error('No data available for station:', stationName);
          |             ^
      123 |     return null;
      124 |   }
      125 |

      at DataManager.error (src/services/data/dataManager.ts:122:13)
      at asyncGeneratorStep (node_modules/@babel/runtime/helpers/asyncToGenerator.js:3:17)
      at _next (node_modules/@babel/runtime/helpers/asyncToGenerator.js:17:9)

    console.warn
      Seoul API failed, trying Firebase: TypeError: Cannot read properties of null (reading 'trainLineNm')
          at Object.trainLineNm (/Users/younghwankang/Work/LiveMetro/src/__tests__/setup.ts:99:25)
          at /Users/younghwankang/Work/LiveMetro/node_modules/jest-mock/build/index.js:397:39
          at Object.<anonymous> (/Users/younghwankang/Work/LiveMetro/node_modules/jest-mock/build/index.js:404:13)
          at Object.mockConstructor [as convertToAppTrain] (/Users/younghwankang/Work/LiveMetro/node_modules/jest-mock/build/index.js:103:19)
          at DataManager.convertToAppTrain [as convertSeoulToTrain] (/Users/younghwankang/Work/LiveMetro/src/services/data/dataManager.ts:464:38)
          at convertSeoulToTrain (/Users/younghwankang/Work/LiveMetro/src/services/data/dataManager.ts:62:63)
          at Array.map (<anonymous>)
          at DataManager.map (/Users/younghwankang/Work/LiveMetro/src/services/data/dataManager.ts:62:43)
          at Generator.next (<anonymous>)
          at asyncGeneratorStep (/Users/younghwankang/Work/LiveMetro/node_modules/@babel/runtime/helpers/asyncToGenerator.js:3:17)
          at _next (/Users/younghwankang/Work/LiveMetro/node_modules/@babel/runtime/helpers/asyncToGenerator.js:17:9)
          at processTicksAndRejections (node:internal/process/task_queues:103:5)

      77 |       }
      78 |     } catch (error) {
    > 79 |       console.warn('Seoul API failed, trying Firebase:', error);
         |               ^
      80 |       this.updateSyncStatus(false, error instanceof Error ? error.message : 'Seoul API error');
      81 |     }
      82 |

      at DataManager.warn (src/services/data/dataManager.ts:79:15)
      at asyncGeneratorStep (node_modules/@babel/runtime/helpers/asyncToGenerator.js:3:17)
      at _next (node_modules/@babel/runtime/helpers/asyncToGenerator.js:17:9)

    console.warn
      Station with name "강남역" not found in local data

      76 |     }
      77 |
    > 78 |     console.warn(`Station with name "${stationName}" not found in local data`);
         |             ^
      79 |     return null;
      80 |   } catch (error) {
      81 |     console.error('Error loading local station by name:', error);

      at warn (src/services/data/stationsDataService.ts:78:13)
      at DataManager.<anonymous> (src/services/data/dataManager.ts:85:49)
      at asyncGeneratorStep (node_modules/@babel/runtime/helpers/asyncToGenerator.js:3:17)
      at _next (node_modules/@babel/runtime/helpers/asyncToGenerator.js:17:9)

    console.error
      No data available for station: 강남역

      120 |     }
      121 |
    > 122 |     console.error('No data available for station:', stationName);
          |             ^
      123 |     return null;
      124 |   }
      125 |

      at DataManager.error (src/services/data/dataManager.ts:122:13)
      at asyncGeneratorStep (node_modules/@babel/runtime/helpers/asyncToGenerator.js:3:17)
      at _next (node_modules/@babel/runtime/helpers/asyncToGenerator.js:17:9)

    console.warn
      Seoul API failed, trying Firebase: Error: Network unavailable
          at Object.<anonymous> (/Users/younghwankang/Work/LiveMetro/src/services/data/__tests__/dataManager.test.ts:328:28)
          at Generator.next (<anonymous>)
          at asyncGeneratorStep (/Users/younghwankang/Work/LiveMetro/node_modules/@babel/runtime/helpers/asyncToGenerator.js:3:17)
          at _next (/Users/younghwankang/Work/LiveMetro/node_modules/@babel/runtime/helpers/asyncToGenerator.js:17:9)
          at /Users/younghwankang/Work/LiveMetro/node_modules/@babel/runtime/helpers/asyncToGenerator.js:22:7
          at new Promise (<anonymous>)
          at Object.<anonymous> (/Users/younghwankang/Work/LiveMetro/node_modules/@babel/runtime/helpers/asyncToGenerator.js:14:12)
          at Promise.then.completed (/Users/younghwankang/Work/LiveMetro/node_modules/jest-circus/build/utils.js:298:28)
          at new Promise (<anonymous>)
          at callAsyncCircusFn (/Users/younghwankang/Work/LiveMetro/node_modules/jest-circus/build/utils.js:231:10)
          at _callCircusTest (/Users/younghwankang/Work/LiveMetro/node_modules/jest-circus/build/run.js:316:40)
          at processTicksAndRejections (node:internal/process/task_queues:103:5)
          at _runTest (/Users/younghwankang/Work/LiveMetro/node_modules/jest-circus/build/run.js:252:3)
          at _runTestsForDescribeBlock (/Users/younghwankang/Work/LiveMetro/node_modules/jest-circus/build/run.js:126:9)
          at _runTestsForDescribeBlock (/Users/younghwankang/Work/LiveMetro/node_modules/jest-circus/build/run.js:121:9)
          at _runTestsForDescribeBlock (/Users/younghwankang/Work/LiveMetro/node_modules/jest-circus/build/run.js:121:9)
          at run (/Users/younghwankang/Work/LiveMetro/node_modules/jest-circus/build/run.js:71:3)
          at runAndTransformResultsToJestFormat (/Users/younghwankang/Work/LiveMetro/node_modules/jest-circus/build/legacy-code-todo-rewrite/jestAdapterInit.js:122:21)
          at jestAdapter (/Users/younghwankang/Work/LiveMetro/node_modules/jest-circus/build/legacy-code-todo-rewrite/jestAdapter.js:79:19)
          at runTestInternal (/Users/younghwankang/Work/LiveMetro/node_modules/jest-runner/build/runTest.js:367:16)
          at runTest (/Users/younghwankang/Work/LiveMetro/node_modules/jest-runner/build/runTest.js:444:34)
          at Object.worker (/Users/younghwankang/Work/LiveMetro/node_modules/jest-runner/build/testWorker.js:106:12)

      77 |       }
      78 |     } catch (error) {
    > 79 |       console.warn('Seoul API failed, trying Firebase:', error);
         |               ^
      80 |       this.updateSyncStatus(false, error instanceof Error ? error.message : 'Seoul API error');
      81 |     }
      82 |

      at DataManager.warn (src/services/data/dataManager.ts:79:15)
          at Generator.throw (<anonymous>)
      at asyncGeneratorStep (node_modules/@babel/runtime/helpers/asyncToGenerator.js:3:17)
      at _throw (node_modules/@babel/runtime/helpers/asyncToGenerator.js:20:9)

    console.warn
      Station with name "강남역" not found in local data

      76 |     }
      77 |
    > 78 |     console.warn(`Station with name "${stationName}" not found in local data`);
         |             ^
      79 |     return null;
      80 |   } catch (error) {
      81 |     console.error('Error loading local station by name:', error);

      at warn (src/services/data/stationsDataService.ts:78:13)
      at DataManager.<anonymous> (src/services/data/dataManager.ts:85:49)
          at Generator.throw (<anonymous>)
      at asyncGeneratorStep (node_modules/@babel/runtime/helpers/asyncToGenerator.js:3:17)
      at _throw (node_modules/@babel/runtime/helpers/asyncToGenerator.js:20:9)

    console.error
      No data available for station: 강남역

      120 |     }
      121 |
    > 122 |     console.error('No data available for station:', stationName);
          |             ^
      123 |     return null;
      124 |   }
      125 |

      at DataManager.error (src/services/data/dataManager.ts:122:13)
      at asyncGeneratorStep (node_modules/@babel/runtime/helpers/asyncToGenerator.js:3:17)
      at _next (node_modules/@babel/runtime/helpers/asyncToGenerator.js:17:9)

    console.warn
      Seoul API failed, trying Firebase: Error: Network unavailable
          at Object.<anonymous> (/Users/younghwankang/Work/LiveMetro/src/services/data/__tests__/dataManager.test.ts:343:28)
          at Generator.next (<anonymous>)
          at asyncGeneratorStep (/Users/younghwankang/Work/LiveMetro/node_modules/@babel/runtime/helpers/asyncToGenerator.js:3:17)
          at _next (/Users/younghwankang/Work/LiveMetro/node_modules/@babel/runtime/helpers/asyncToGenerator.js:17:9)
          at /Users/younghwankang/Work/LiveMetro/node_modules/@babel/runtime/helpers/asyncToGenerator.js:22:7
          at new Promise (<anonymous>)
          at Object.<anonymous> (/Users/younghwankang/Work/LiveMetro/node_modules/@babel/runtime/helpers/asyncToGenerator.js:14:12)
          at Promise.then.completed (/Users/younghwankang/Work/LiveMetro/node_modules/jest-circus/build/utils.js:298:28)
          at new Promise (<anonymous>)
          at callAsyncCircusFn (/Users/younghwankang/Work/LiveMetro/node_modules/jest-circus/build/utils.js:231:10)
          at _callCircusTest (/Users/younghwankang/Work/LiveMetro/node_modules/jest-circus/build/run.js:316:40)
          at processTicksAndRejections (node:internal/process/task_queues:103:5)
          at _runTest (/Users/younghwankang/Work/LiveMetro/node_modules/jest-circus/build/run.js:252:3)
          at _runTestsForDescribeBlock (/Users/younghwankang/Work/LiveMetro/node_modules/jest-circus/build/run.js:126:9)
          at _runTestsForDescribeBlock (/Users/younghwankang/Work/LiveMetro/node_modules/jest-circus/build/run.js:121:9)
          at _runTestsForDescribeBlock (/Users/younghwankang/Work/LiveMetro/node_modules/jest-circus/build/run.js:121:9)
          at run (/Users/younghwankang/Work/LiveMetro/node_modules/jest-circus/build/run.js:71:3)
          at runAndTransformResultsToJestFormat (/Users/younghwankang/Work/LiveMetro/node_modules/jest-circus/build/legacy-code-todo-rewrite/jestAdapterInit.js:122:21)
          at jestAdapter (/Users/younghwankang/Work/LiveMetro/node_modules/jest-circus/build/legacy-code-todo-rewrite/jestAdapter.js:79:19)
          at runTestInternal (/Users/younghwankang/Work/LiveMetro/node_modules/jest-runner/build/runTest.js:367:16)
          at runTest (/Users/younghwankang/Work/LiveMetro/node_modules/jest-runner/build/runTest.js:444:34)
          at Object.worker (/Users/younghwankang/Work/LiveMetro/node_modules/jest-runner/build/testWorker.js:106:12)

      77 |       }
      78 |     } catch (error) {
    > 79 |       console.warn('Seoul API failed, trying Firebase:', error);
         |               ^
      80 |       this.updateSyncStatus(false, error instanceof Error ? error.message : 'Seoul API error');
      81 |     }
      82 |

      at DataManager.warn (src/services/data/dataManager.ts:79:15)
          at Generator.throw (<anonymous>)
      at asyncGeneratorStep (node_modules/@babel/runtime/helpers/asyncToGenerator.js:3:17)
      at _throw (node_modules/@babel/runtime/helpers/asyncToGenerator.js:20:9)

    console.warn
      Station with name "강남역" not found in local data

      76 |     }
      77 |
    > 78 |     console.warn(`Station with name "${stationName}" not found in local data`);
         |             ^
      79 |     return null;
      80 |   } catch (error) {
      81 |     console.error('Error loading local station by name:', error);

      at warn (src/services/data/stationsDataService.ts:78:13)
      at DataManager.<anonymous> (src/services/data/dataManager.ts:85:49)
          at Generator.throw (<anonymous>)
      at asyncGeneratorStep (node_modules/@babel/runtime/helpers/asyncToGenerator.js:3:17)
      at _throw (node_modules/@babel/runtime/helpers/asyncToGenerator.js:20:9)

    console.error
      No data available for station: 강남역

      120 |     }
      121 |
    > 122 |     console.error('No data available for station:', stationName);
          |             ^
      123 |     return null;
      124 |   }
      125 |

      at DataManager.error (src/services/data/dataManager.ts:122:13)
      at asyncGeneratorStep (node_modules/@babel/runtime/helpers/asyncToGenerator.js:3:17)
      at _next (node_modules/@babel/runtime/helpers/asyncToGenerator.js:17:9)

FAIL src/components/train/__tests__/StationCard.test.tsx
  ● Console

    console.error
      The above error occurred in the <StationCard> component:
      
          at station (/Users/younghwankang/Work/LiveMetro/src/components/train/StationCard.tsx:52:5)
      
      Consider adding an error boundary to your tree to customize error handling behavior.
      Visit https://reactjs.org/link/error-boundaries to learn more about error boundaries.

      50 |   describe('Rendering', () => {
      51 |     it('should render station name and English name', () => {
    > 52 |       const { getByText } = render(<StationCard {...defaultProps} />);
         |                                   ^
      53 |       
      54 |       expect(getByText('강남역')).toBeTruthy();
      55 |       expect(getByText('Gangnam')).toBeTruthy();

      at logCapturedError (node_modules/react-test-renderer/cjs/react-test-renderer.development.js:8661:23)
      at update.callback (node_modules/react-test-renderer/cjs/react-test-renderer.development.js:8694:5)
      at callCallback (node_modules/react-test-renderer/cjs/react-test-renderer.development.js:4092:12)
      at commitUpdateQueue (node_modules/react-test-renderer/cjs/react-test-renderer.development.js:4113:9)
      at commitLayoutEffectOnFiber (node_modules/react-test-renderer/cjs/react-test-renderer.development.js:13232:13)
      at commitLayoutMountEffects_complete (node_modules/react-test-renderer/cjs/react-test-renderer.development.js:14330:9)
      at commitLayoutEffects_begin (node_modules/react-test-renderer/cjs/react-test-renderer.development.js:14316:7)
      at commitLayoutEffects (node_modules/react-test-renderer/cjs/react-test-renderer.development.js:14301:3)
      at commitRootImpl (node_modules/react-test-renderer/cjs/react-test-renderer.development.js:16062:5)
      at commitRoot (node_modules/react-test-renderer/cjs/react-test-renderer.development.js:15933:5)
      at finishConcurrentRender (node_modules/react-test-renderer/cjs/react-test-renderer.development.js:15229:9)
      at performConcurrentWorkOnRoot (node_modules/react-test-renderer/cjs/react-test-renderer.development.js:15146:7)
      at flushActQueue (node_modules/react/cjs/react.development.js:2667:24)
      at act (node_modules/react/cjs/react.development.js:2582:11)
      at actImplementation (node_modules/@testing-library/react-native/src/act.ts:30:25)
      at renderWithAct (node_modules/@testing-library/react-native/src/render-act.ts:13:11)
      at renderInternal (node_modules/@testing-library/react-native/src/render.tsx:69:33)
      at renderInternal (node_modules/@testing-library/react-native/src/render.tsx:44:10)
      at Object.<anonymous> (src/components/train/__tests__/StationCard.test.tsx:52:35)

    console.error
      The above error occurred in the <StationCard> component:
      
          at station (/Users/younghwankang/Work/LiveMetro/src/components/train/StationCard.tsx:52:5)
      
      Consider adding an error boundary to your tree to customize error handling behavior.
      Visit https://reactjs.org/link/error-boundaries to learn more about error boundaries.

      57 |
      58 |     it('should render line information', () => {
    > 59 |       const { getByText } = render(<StationCard {...defaultProps} />);
         |                                   ^
      60 |       
      61 |       expect(getByText('2호선')).toBeTruthy();
      62 |     });

      at logCapturedError (node_modules/react-test-renderer/cjs/react-test-renderer.development.js:8661:23)
      at update.callback (node_modules/react-test-renderer/cjs/react-test-renderer.development.js:8694:5)
      at callCallback (node_modules/react-test-renderer/cjs/react-test-renderer.development.js:4092:12)
      at commitUpdateQueue (node_modules/react-test-renderer/cjs/react-test-renderer.development.js:4113:9)
      at commitLayoutEffectOnFiber (node_modules/react-test-renderer/cjs/react-test-renderer.development.js:13232:13)
      at commitLayoutMountEffects_complete (node_modules/react-test-renderer/cjs/react-test-renderer.development.js:14330:9)
      at commitLayoutEffects_begin (node_modules/react-test-renderer/cjs/react-test-renderer.development.js:14316:7)
      at commitLayoutEffects (node_modules/react-test-renderer/cjs/react-test-renderer.development.js:14301:3)
      at commitRootImpl (node_modules/react-test-renderer/cjs/react-test-renderer.development.js:16062:5)
      at commitRoot (node_modules/react-test-renderer/cjs/react-test-renderer.development.js:15933:5)
      at finishConcurrentRender (node_modules/react-test-renderer/cjs/react-test-renderer.development.js:15229:9)
      at performConcurrentWorkOnRoot (node_modules/react-test-renderer/cjs/react-test-renderer.development.js:15146:7)
      at flushActQueue (node_modules/react/cjs/react.development.js:2667:24)
      at act (node_modules/react/cjs/react.development.js:2582:11)
      at actImplementation (node_modules/@testing-library/react-native/src/act.ts:30:25)
      at renderWithAct (node_modules/@testing-library/react-native/src/render-act.ts:13:11)
      at renderInternal (node_modules/@testing-library/react-native/src/render.tsx:69:33)
      at renderInternal (node_modules/@testing-library/react-native/src/render.tsx:44:10)
      at Object.<anonymous> (src/components/train/__tests__/StationCard.test.tsx:59:35)

    console.error
      The above error occurred in the <StationCard> component:
      
          at station (/Users/younghwankang/Work/LiveMetro/src/components/train/StationCard.tsx:52:5)
      
      Consider adding an error boundary to your tree to customize error handling behavior.
      Visit https://reactjs.org/link/error-boundaries to learn more about error boundaries.

      63 |
      64 |     it('should render transfer information when transfers exist', () => {
    > 65 |       const { getByText } = render(<StationCard {...defaultProps} />);
         |                                   ^
      66 |       
      67 |       expect(getByText('환승: 9호선')).toBeTruthy();
      68 |     });

      at logCapturedError (node_modules/react-test-renderer/cjs/react-test-renderer.development.js:8661:23)
      at update.callback (node_modules/react-test-renderer/cjs/react-test-renderer.development.js:8694:5)
      at callCallback (node_modules/react-test-renderer/cjs/react-test-renderer.development.js:4092:12)
      at commitUpdateQueue (node_modules/react-test-renderer/cjs/react-test-renderer.development.js:4113:9)
      at commitLayoutEffectOnFiber (node_modules/react-test-renderer/cjs/react-test-renderer.development.js:13232:13)
      at commitLayoutMountEffects_complete (node_modules/react-test-renderer/cjs/react-test-renderer.development.js:14330:9)
      at commitLayoutEffects_begin (node_modules/react-test-renderer/cjs/react-test-renderer.development.js:14316:7)
      at commitLayoutEffects (node_modules/react-test-renderer/cjs/react-test-renderer.development.js:14301:3)
      at commitRootImpl (node_modules/react-test-renderer/cjs/react-test-renderer.development.js:16062:5)
      at commitRoot (node_modules/react-test-renderer/cjs/react-test-renderer.development.js:15933:5)
      at finishConcurrentRender (node_modules/react-test-renderer/cjs/react-test-renderer.development.js:15229:9)
      at performConcurrentWorkOnRoot (node_modules/react-test-renderer/cjs/react-test-renderer.development.js:15146:7)
      at flushActQueue (node_modules/react/cjs/react.development.js:2667:24)
      at act (node_modules/react/cjs/react.development.js:2582:11)
      at actImplementation (node_modules/@testing-library/react-native/src/act.ts:30:25)
      at renderWithAct (node_modules/@testing-library/react-native/src/render-act.ts:13:11)
      at renderInternal (node_modules/@testing-library/react-native/src/render.tsx:69:33)
      at renderInternal (node_modules/@testing-library/react-native/src/render.tsx:44:10)
      at Object.<anonymous> (src/components/train/__tests__/StationCard.test.tsx:65:35)

    console.error
      The above error occurred in the <StationCard> component:
      
          at station (/Users/younghwankang/Work/LiveMetro/src/components/train/StationCard.tsx:52:5)
      
      Consider adding an error boundary to your tree to customize error handling behavior.
      Visit https://reactjs.org/link/error-boundaries to learn more about error boundaries.

      74 |       };
      75 |       
    > 76 |       const { queryByText } = render(
         |                                     ^
      77 |         <StationCard {...defaultProps} station={stationWithoutTransfers} />
      78 |       );
      79 |       

      at logCapturedError (node_modules/react-test-renderer/cjs/react-test-renderer.development.js:8661:23)
      at update.callback (node_modules/react-test-renderer/cjs/react-test-renderer.development.js:8694:5)
      at callCallback (node_modules/react-test-renderer/cjs/react-test-renderer.development.js:4092:12)
      at commitUpdateQueue (node_modules/react-test-renderer/cjs/react-test-renderer.development.js:4113:9)
      at commitLayoutEffectOnFiber (node_modules/react-test-renderer/cjs/react-test-renderer.development.js:13232:13)
      at commitLayoutMountEffects_complete (node_modules/react-test-renderer/cjs/react-test-renderer.development.js:14330:9)
      at commitLayoutEffects_begin (node_modules/react-test-renderer/cjs/react-test-renderer.development.js:14316:7)
      at commitLayoutEffects (node_modules/react-test-renderer/cjs/react-test-renderer.development.js:14301:3)
      at commitRootImpl (node_modules/react-test-renderer/cjs/react-test-renderer.development.js:16062:5)
      at commitRoot (node_modules/react-test-renderer/cjs/react-test-renderer.development.js:15933:5)
      at finishConcurrentRender (node_modules/react-test-renderer/cjs/react-test-renderer.development.js:15229:9)
      at performConcurrentWorkOnRoot (node_modules/react-test-renderer/cjs/react-test-renderer.development.js:15146:7)
      at flushActQueue (node_modules/react/cjs/react.development.js:2667:24)
      at act (node_modules/react/cjs/react.development.js:2582:11)
      at actImplementation (node_modules/@testing-library/react-native/src/act.ts:30:25)
      at renderWithAct (node_modules/@testing-library/react-native/src/render-act.ts:13:11)
      at renderInternal (node_modules/@testing-library/react-native/src/render.tsx:69:33)
      at renderInternal (node_modules/@testing-library/react-native/src/render.tsx:44:10)
      at Object.<anonymous> (src/components/train/__tests__/StationCard.test.tsx:76:37)

    console.error
      The above error occurred in the <StationCard> component:
      
          at station (/Users/younghwankang/Work/LiveMetro/src/components/train/StationCard.tsx:52:5)
      
      Consider adding an error boundary to your tree to customize error handling behavior.
      Visit https://reactjs.org/link/error-boundaries to learn more about error boundaries.

      84 |   describe('Selection State', () => {
      85 |     it('should show selected state when isSelected is true', () => {
    > 86 |       const { getAllByRole } = render(
         |                                      ^
      87 |         <StationCard {...defaultProps} isSelected={true} />
      88 |       );
      89 |

      at logCapturedError (node_modules/react-test-renderer/cjs/react-test-renderer.development.js:8661:23)
      at update.callback (node_modules/react-test-renderer/cjs/react-test-renderer.development.js:8694:5)
      at callCallback (node_modules/react-test-renderer/cjs/react-test-renderer.development.js:4092:12)
      at commitUpdateQueue (node_modules/react-test-renderer/cjs/react-test-renderer.development.js:4113:9)
      at commitLayoutEffectOnFiber (node_modules/react-test-renderer/cjs/react-test-renderer.development.js:13232:13)
      at commitLayoutMountEffects_complete (node_modules/react-test-renderer/cjs/react-test-renderer.development.js:14330:9)
      at commitLayoutEffects_begin (node_modules/react-test-renderer/cjs/react-test-renderer.development.js:14316:7)
      at commitLayoutEffects (node_modules/react-test-renderer/cjs/react-test-renderer.development.js:14301:3)
      at commitRootImpl (node_modules/react-test-renderer/cjs/react-test-renderer.development.js:16062:5)
      at commitRoot (node_modules/react-test-renderer/cjs/react-test-renderer.development.js:15933:5)
      at finishConcurrentRender (node_modules/react-test-renderer/cjs/react-test-renderer.development.js:15229:9)
      at performConcurrentWorkOnRoot (node_modules/react-test-renderer/cjs/react-test-renderer.development.js:15146:7)
      at flushActQueue (node_modules/react/cjs/react.development.js:2667:24)
      at act (node_modules/react/cjs/react.development.js:2582:11)
      at actImplementation (node_modules/@testing-library/react-native/src/act.ts:30:25)
      at renderWithAct (node_modules/@testing-library/react-native/src/render-act.ts:13:11)
      at renderInternal (node_modules/@testing-library/react-native/src/render.tsx:69:33)
      at renderInternal (node_modules/@testing-library/react-native/src/render.tsx:44:10)
      at Object.<anonymous> (src/components/train/__tests__/StationCard.test.tsx:86:38)

    console.error
      The above error occurred in the <StationCard> component:
      
          at station (/Users/younghwankang/Work/LiveMetro/src/components/train/StationCard.tsx:52:5)
      
      Consider adding an error boundary to your tree to customize error handling behavior.
      Visit https://reactjs.org/link/error-boundaries to learn more about error boundaries.

       95 |
       96 |     it('should apply selected styles when selected', () => {
    >  97 |       const { getAllByRole } = render(
          |                                      ^
       98 |         <StationCard {...defaultProps} isSelected={true} />
       99 |       );
      100 |

      at logCapturedError (node_modules/react-test-renderer/cjs/react-test-renderer.development.js:8661:23)
      at update.callback (node_modules/react-test-renderer/cjs/react-test-renderer.development.js:8694:5)
      at callCallback (node_modules/react-test-renderer/cjs/react-test-renderer.development.js:4092:12)
      at commitUpdateQueue (node_modules/react-test-renderer/cjs/react-test-renderer.development.js:4113:9)
      at commitLayoutEffectOnFiber (node_modules/react-test-renderer/cjs/react-test-renderer.development.js:13232:13)
      at commitLayoutMountEffects_complete (node_modules/react-test-renderer/cjs/react-test-renderer.development.js:14330:9)
      at commitLayoutEffects_begin (node_modules/react-test-renderer/cjs/react-test-renderer.development.js:14316:7)
      at commitLayoutEffects (node_modules/react-test-renderer/cjs/react-test-renderer.development.js:14301:3)
      at commitRootImpl (node_modules/react-test-renderer/cjs/react-test-renderer.development.js:16062:5)
      at commitRoot (node_modules/react-test-renderer/cjs/react-test-renderer.development.js:15933:5)
      at finishConcurrentRender (node_modules/react-test-renderer/cjs/react-test-renderer.development.js:15229:9)
      at performConcurrentWorkOnRoot (node_modules/react-test-renderer/cjs/react-test-renderer.development.js:15146:7)
      at flushActQueue (node_modules/react/cjs/react.development.js:2667:24)
      at act (node_modules/react/cjs/react.development.js:2582:11)
      at actImplementation (node_modules/@testing-library/react-native/src/act.ts:30:25)
      at renderWithAct (node_modules/@testing-library/react-native/src/render-act.ts:13:11)
      at renderInternal (node_modules/@testing-library/react-native/src/render.tsx:69:33)
      at renderInternal (node_modules/@testing-library/react-native/src/render.tsx:44:10)
      at Object.<anonymous> (src/components/train/__tests__/StationCard.test.tsx:97:38)

    console.error
      The above error occurred in the <StationCard> component:
      
          at station (/Users/younghwankang/Work/LiveMetro/src/components/train/StationCard.tsx:52:5)
      
      Consider adding an error boundary to your tree to customize error handling behavior.
      Visit https://reactjs.org/link/error-boundaries to learn more about error boundaries.

      107 |   describe('Distance Display', () => {
      108 |     it('should show distance when showDistance is true and distance is provided', () => {
    > 109 |       const { getByText } = render(
          |                                   ^
      110 |         <StationCard 
      111 |           {...defaultProps} 
      112 |           showDistance={true} 

      at logCapturedError (node_modules/react-test-renderer/cjs/react-test-renderer.development.js:8661:23)
      at update.callback (node_modules/react-test-renderer/cjs/react-test-renderer.development.js:8694:5)
      at callCallback (node_modules/react-test-renderer/cjs/react-test-renderer.development.js:4092:12)
      at commitUpdateQueue (node_modules/react-test-renderer/cjs/react-test-renderer.development.js:4113:9)
      at commitLayoutEffectOnFiber (node_modules/react-test-renderer/cjs/react-test-renderer.development.js:13232:13)
      at commitLayoutMountEffects_complete (node_modules/react-test-renderer/cjs/react-test-renderer.development.js:14330:9)
      at commitLayoutEffects_begin (node_modules/react-test-renderer/cjs/react-test-renderer.development.js:14316:7)
      at commitLayoutEffects (node_modules/react-test-renderer/cjs/react-test-renderer.development.js:14301:3)
      at commitRootImpl (node_modules/react-test-renderer/cjs/react-test-renderer.development.js:16062:5)
      at commitRoot (node_modules/react-test-renderer/cjs/react-test-renderer.development.js:15933:5)
      at finishConcurrentRender (node_modules/react-test-renderer/cjs/react-test-renderer.development.js:15229:9)
      at performConcurrentWorkOnRoot (node_modules/react-test-renderer/cjs/react-test-renderer.development.js:15146:7)
      at flushActQueue (node_modules/react/cjs/react.development.js:2667:24)
      at act (node_modules/react/cjs/react.development.js:2582:11)
      at actImplementation (node_modules/@testing-library/react-native/src/act.ts:30:25)
      at renderWithAct (node_modules/@testing-library/react-native/src/render-act.ts:13:11)
      at renderInternal (node_modules/@testing-library/react-native/src/render.tsx:69:33)
      at renderInternal (node_modules/@testing-library/react-native/src/render.tsx:44:10)
      at Object.<anonymous> (src/components/train/__tests__/StationCard.test.tsx:109:35)

    console.error
      The above error occurred in the <StationCard> component:
      
          at station (/Users/younghwankang/Work/LiveMetro/src/components/train/StationCard.tsx:52:5)
      
      Consider adding an error boundary to your tree to customize error handling behavior.
      Visit https://reactjs.org/link/error-boundaries to learn more about error boundaries.

      119 |
      120 |     it('should show distance in km when distance >= 1', () => {
    > 121 |       const { getByText } = render(
          |                                   ^
      122 |         <StationCard 
      123 |           {...defaultProps} 
      124 |           showDistance={true} 

      at logCapturedError (node_modules/react-test-renderer/cjs/react-test-renderer.development.js:8661:23)
      at update.callback (node_modules/react-test-renderer/cjs/react-test-renderer.development.js:8694:5)
      at callCallback (node_modules/react-test-renderer/cjs/react-test-renderer.development.js:4092:12)
      at commitUpdateQueue (node_modules/react-test-renderer/cjs/react-test-renderer.development.js:4113:9)
      at commitLayoutEffectOnFiber (node_modules/react-test-renderer/cjs/react-test-renderer.development.js:13232:13)
      at commitLayoutMountEffects_complete (node_modules/react-test-renderer/cjs/react-test-renderer.development.js:14330:9)
      at commitLayoutEffects_begin (node_modules/react-test-renderer/cjs/react-test-renderer.development.js:14316:7)
      at commitLayoutEffects (node_modules/react-test-renderer/cjs/react-test-renderer.development.js:14301:3)
      at commitRootImpl (node_modules/react-test-renderer/cjs/react-test-renderer.development.js:16062:5)
      at commitRoot (node_modules/react-test-renderer/cjs/react-test-renderer.development.js:15933:5)
      at finishConcurrentRender (node_modules/react-test-renderer/cjs/react-test-renderer.development.js:15229:9)
      at performConcurrentWorkOnRoot (node_modules/react-test-renderer/cjs/react-test-renderer.development.js:15146:7)
      at flushActQueue (node_modules/react/cjs/react.development.js:2667:24)
      at act (node_modules/react/cjs/react.development.js:2582:11)
      at actImplementation (node_modules/@testing-library/react-native/src/act.ts:30:25)
      at renderWithAct (node_modules/@testing-library/react-native/src/render-act.ts:13:11)
      at renderInternal (node_modules/@testing-library/react-native/src/render.tsx:69:33)
      at renderInternal (node_modules/@testing-library/react-native/src/render.tsx:44:10)
      at Object.<anonymous> (src/components/train/__tests__/StationCard.test.tsx:121:35)

    console.error
      The above error occurred in the <StationCard> component:
      
          at station (/Users/younghwankang/Work/LiveMetro/src/components/train/StationCard.tsx:52:5)
      
      Consider adding an error boundary to your tree to customize error handling behavior.
      Visit https://reactjs.org/link/error-boundaries to learn more about error boundaries.

      131 |
      132 |     it('should not show distance when showDistance is false', () => {
    > 133 |       const { queryByText } = render(
          |                                     ^
      134 |         <StationCard 
      135 |           {...defaultProps} 
      136 |           showDistance={false} 

      at logCapturedError (node_modules/react-test-renderer/cjs/react-test-renderer.development.js:8661:23)
      at update.callback (node_modules/react-test-renderer/cjs/react-test-renderer.development.js:8694:5)
      at callCallback (node_modules/react-test-renderer/cjs/react-test-renderer.development.js:4092:12)
      at commitUpdateQueue (node_modules/react-test-renderer/cjs/react-test-renderer.development.js:4113:9)
      at commitLayoutEffectOnFiber (node_modules/react-test-renderer/cjs/react-test-renderer.development.js:13232:13)
      at commitLayoutMountEffects_complete (node_modules/react-test-renderer/cjs/react-test-renderer.development.js:14330:9)
      at commitLayoutEffects_begin (node_modules/react-test-renderer/cjs/react-test-renderer.development.js:14316:7)
      at commitLayoutEffects (node_modules/react-test-renderer/cjs/react-test-renderer.development.js:14301:3)
      at commitRootImpl (node_modules/react-test-renderer/cjs/react-test-renderer.development.js:16062:5)
      at commitRoot (node_modules/react-test-renderer/cjs/react-test-renderer.development.js:15933:5)
      at finishConcurrentRender (node_modules/react-test-renderer/cjs/react-test-renderer.development.js:15229:9)
      at performConcurrentWorkOnRoot (node_modules/react-test-renderer/cjs/react-test-renderer.development.js:15146:7)
      at flushActQueue (node_modules/react/cjs/react.development.js:2667:24)
      at act (node_modules/react/cjs/react.development.js:2582:11)
      at actImplementation (node_modules/@testing-library/react-native/src/act.ts:30:25)
      at renderWithAct (node_modules/@testing-library/react-native/src/render-act.ts:13:11)
      at renderInternal (node_modules/@testing-library/react-native/src/render.tsx:69:33)
      at renderInternal (node_modules/@testing-library/react-native/src/render.tsx:44:10)
      at Object.<anonymous> (src/components/train/__tests__/StationCard.test.tsx:133:37)

    console.error
      The above error occurred in the <StationCard> component:
      
          at station (/Users/younghwankang/Work/LiveMetro/src/components/train/StationCard.tsx:52:5)
      
      Consider adding an error boundary to your tree to customize error handling behavior.
      Visit https://reactjs.org/link/error-boundaries to learn more about error boundaries.

      147 |       const mockOnPress = jest.fn();
      148 |
    > 149 |       const { getAllByRole } = render(
          |                                      ^
      150 |         <StationCard {...defaultProps} onPress={mockOnPress} />
      151 |       );
      152 |

      at logCapturedError (node_modules/react-test-renderer/cjs/react-test-renderer.development.js:8661:23)
      at update.callback (node_modules/react-test-renderer/cjs/react-test-renderer.development.js:8694:5)
      at callCallback (node_modules/react-test-renderer/cjs/react-test-renderer.development.js:4092:12)
      at commitUpdateQueue (node_modules/react-test-renderer/cjs/react-test-renderer.development.js:4113:9)
      at commitLayoutEffectOnFiber (node_modules/react-test-renderer/cjs/react-test-renderer.development.js:13232:13)
      at commitLayoutMountEffects_complete (node_modules/react-test-renderer/cjs/react-test-renderer.development.js:14330:9)
      at commitLayoutEffects_begin (node_modules/react-test-renderer/cjs/react-test-renderer.development.js:14316:7)
      at commitLayoutEffects (node_modules/react-test-renderer/cjs/react-test-renderer.development.js:14301:3)
      at commitRootImpl (node_modules/react-test-renderer/cjs/react-test-renderer.development.js:16062:5)
      at commitRoot (node_modules/react-test-renderer/cjs/react-test-renderer.development.js:15933:5)
      at finishConcurrentRender (node_modules/react-test-renderer/cjs/react-test-renderer.development.js:15229:9)
      at performConcurrentWorkOnRoot (node_modules/react-test-renderer/cjs/react-test-renderer.development.js:15146:7)
      at flushActQueue (node_modules/react/cjs/react.development.js:2667:24)
      at act (node_modules/react/cjs/react.development.js:2582:11)
      at actImplementation (node_modules/@testing-library/react-native/src/act.ts:30:25)
      at renderWithAct (node_modules/@testing-library/react-native/src/render-act.ts:13:11)
      at renderInternal (node_modules/@testing-library/react-native/src/render.tsx:69:33)
      at renderInternal (node_modules/@testing-library/react-native/src/render.tsx:44:10)
      at Object.<anonymous> (src/components/train/__tests__/StationCard.test.tsx:149:38)

    console.error
      The above error occurred in the <StationCard> component:
      
          at station (/Users/younghwankang/Work/LiveMetro/src/components/train/StationCard.tsx:52:5)
      
      Consider adding an error boundary to your tree to customize error handling behavior.
      Visit https://reactjs.org/link/error-boundaries to learn more about error boundaries.

      159 |
      160 |     it('should not crash when onPress is undefined', () => {
    > 161 |       const { getAllByRole } = render(
          |                                      ^
      162 |         <StationCard {...defaultProps} onPress={undefined} />
      163 |       );
      164 |

      at logCapturedError (node_modules/react-test-renderer/cjs/react-test-renderer.development.js:8661:23)
      at update.callback (node_modules/react-test-renderer/cjs/react-test-renderer.development.js:8694:5)
      at callCallback (node_modules/react-test-renderer/cjs/react-test-renderer.development.js:4092:12)
      at commitUpdateQueue (node_modules/react-test-renderer/cjs/react-test-renderer.development.js:4113:9)
      at commitLayoutEffectOnFiber (node_modules/react-test-renderer/cjs/react-test-renderer.development.js:13232:13)
      at commitLayoutMountEffects_complete (node_modules/react-test-renderer/cjs/react-test-renderer.development.js:14330:9)
      at commitLayoutEffects_begin (node_modules/react-test-renderer/cjs/react-test-renderer.development.js:14316:7)
      at commitLayoutEffects (node_modules/react-test-renderer/cjs/react-test-renderer.development.js:14301:3)
      at commitRootImpl (node_modules/react-test-renderer/cjs/react-test-renderer.development.js:16062:5)
      at commitRoot (node_modules/react-test-renderer/cjs/react-test-renderer.development.js:15933:5)
      at finishConcurrentRender (node_modules/react-test-renderer/cjs/react-test-renderer.development.js:15229:9)
      at performConcurrentWorkOnRoot (node_modules/react-test-renderer/cjs/react-test-renderer.development.js:15146:7)
      at flushActQueue (node_modules/react/cjs/react.development.js:2667:24)
      at act (node_modules/react/cjs/react.development.js:2582:11)
      at actImplementation (node_modules/@testing-library/react-native/src/act.ts:30:25)
      at renderWithAct (node_modules/@testing-library/react-native/src/render-act.ts:13:11)
      at renderInternal (node_modules/@testing-library/react-native/src/render.tsx:69:33)
      at renderInternal (node_modules/@testing-library/react-native/src/render.tsx:44:10)
      at Object.<anonymous> (src/components/train/__tests__/StationCard.test.tsx:161:38)

    console.error
      The above error occurred in the <StationCard> component:
      
          at station (/Users/younghwankang/Work/LiveMetro/src/components/train/StationCard.tsx:52:5)
      
      Consider adding an error boundary to your tree to customize error handling behavior.
      Visit https://reactjs.org/link/error-boundaries to learn more about error boundaries.

      171 |   describe('Accessibility', () => {
      172 |     it('should have proper accessibility label', () => {
    > 173 |       const { getAllByRole } = render(
          |                                      ^
      174 |         <StationCard
      175 |           {...defaultProps}
      176 |           showDistance={true}

      at logCapturedError (node_modules/react-test-renderer/cjs/react-test-renderer.development.js:8661:23)
      at update.callback (node_modules/react-test-renderer/cjs/react-test-renderer.development.js:8694:5)
      at callCallback (node_modules/react-test-renderer/cjs/react-test-renderer.development.js:4092:12)
      at commitUpdateQueue (node_modules/react-test-renderer/cjs/react-test-renderer.development.js:4113:9)
      at commitLayoutEffectOnFiber (node_modules/react-test-renderer/cjs/react-test-renderer.development.js:13232:13)
      at commitLayoutMountEffects_complete (node_modules/react-test-renderer/cjs/react-test-renderer.development.js:14330:9)
      at commitLayoutEffects_begin (node_modules/react-test-renderer/cjs/react-test-renderer.development.js:14316:7)
      at commitLayoutEffects (node_modules/react-test-renderer/cjs/react-test-renderer.development.js:14301:3)
      at commitRootImpl (node_modules/react-test-renderer/cjs/react-test-renderer.development.js:16062:5)
      at commitRoot (node_modules/react-test-renderer/cjs/react-test-renderer.development.js:15933:5)
      at finishConcurrentRender (node_modules/react-test-renderer/cjs/react-test-renderer.development.js:15229:9)
      at performConcurrentWorkOnRoot (node_modules/react-test-renderer/cjs/react-test-renderer.development.js:15146:7)
      at flushActQueue (node_modules/react/cjs/react.development.js:2667:24)
      at act (node_modules/react/cjs/react.development.js:2582:11)
      at actImplementation (node_modules/@testing-library/react-native/src/act.ts:30:25)
      at renderWithAct (node_modules/@testing-library/react-native/src/render-act.ts:13:11)
      at renderInternal (node_modules/@testing-library/react-native/src/render.tsx:69:33)
      at renderInternal (node_modules/@testing-library/react-native/src/render.tsx:44:10)
      at Object.<anonymous> (src/components/train/__tests__/StationCard.test.tsx:173:38)

    console.error
      The above error occurred in the <StationCard> component:
      
          at station (/Users/younghwankang/Work/LiveMetro/src/components/train/StationCard.tsx:52:5)
      
      Consider adding an error boundary to your tree to customize error handling behavior.
      Visit https://reactjs.org/link/error-boundaries to learn more about error boundaries.

      187 |
      188 |     it('should have proper accessibility hint based on selection state', () => {
    > 189 |       const { getAllByRole: getSelectedButtons } = render(
          |                                                          ^
      190 |         <StationCard {...defaultProps} isSelected={true} />
      191 |       );
      192 |

      at logCapturedError (node_modules/react-test-renderer/cjs/react-test-renderer.development.js:8661:23)
      at update.callback (node_modules/react-test-renderer/cjs/react-test-renderer.development.js:8694:5)
      at callCallback (node_modules/react-test-renderer/cjs/react-test-renderer.development.js:4092:12)
      at commitUpdateQueue (node_modules/react-test-renderer/cjs/react-test-renderer.development.js:4113:9)
      at commitLayoutEffectOnFiber (node_modules/react-test-renderer/cjs/react-test-renderer.development.js:13232:13)
      at commitLayoutMountEffects_complete (node_modules/react-test-renderer/cjs/react-test-renderer.development.js:14330:9)
      at commitLayoutEffects_begin (node_modules/react-test-renderer/cjs/react-test-renderer.development.js:14316:7)
      at commitLayoutEffects (node_modules/react-test-renderer/cjs/react-test-renderer.development.js:14301:3)
      at commitRootImpl (node_modules/react-test-renderer/cjs/react-test-renderer.development.js:16062:5)
      at commitRoot (node_modules/react-test-renderer/cjs/react-test-renderer.development.js:15933:5)
      at finishConcurrentRender (node_modules/react-test-renderer/cjs/react-test-renderer.development.js:15229:9)
      at performConcurrentWorkOnRoot (node_modules/react-test-renderer/cjs/react-test-renderer.development.js:15146:7)
      at flushActQueue (node_modules/react/cjs/react.development.js:2667:24)
      at act (node_modules/react/cjs/react.development.js:2582:11)
      at actImplementation (node_modules/@testing-library/react-native/src/act.ts:30:25)
      at renderWithAct (node_modules/@testing-library/react-native/src/render-act.ts:13:11)
      at renderInternal (node_modules/@testing-library/react-native/src/render.tsx:69:33)
      at renderInternal (node_modules/@testing-library/react-native/src/render.tsx:44:10)
      at Object.<anonymous> (src/components/train/__tests__/StationCard.test.tsx:189:58)

    console.error
      The above error occurred in the <StationCard> component:
      
          at station (/Users/younghwankang/Work/LiveMetro/src/components/train/StationCard.tsx:52:5)
      
      Consider adding an error boundary to your tree to customize error handling behavior.
      Visit https://reactjs.org/link/error-boundaries to learn more about error boundaries.

      205 |
      206 |     it('should have proper accessibility role', () => {
    > 207 |       const { getAllByRole } = render(<StationCard {...defaultProps} />);
          |                                      ^
      208 |
      209 |       const buttons = getAllByRole('button');
      210 |       const mainButton = buttons[0];

      at logCapturedError (node_modules/react-test-renderer/cjs/react-test-renderer.development.js:8661:23)
      at update.callback (node_modules/react-test-renderer/cjs/react-test-renderer.development.js:8694:5)
      at callCallback (node_modules/react-test-renderer/cjs/react-test-renderer.development.js:4092:12)
      at commitUpdateQueue (node_modules/react-test-renderer/cjs/react-test-renderer.development.js:4113:9)
      at commitLayoutEffectOnFiber (node_modules/react-test-renderer/cjs/react-test-renderer.development.js:13232:13)
      at commitLayoutMountEffects_complete (node_modules/react-test-renderer/cjs/react-test-renderer.development.js:14330:9)
      at commitLayoutEffects_begin (node_modules/react-test-renderer/cjs/react-test-renderer.development.js:14316:7)
      at commitLayoutEffects (node_modules/react-test-renderer/cjs/react-test-renderer.development.js:14301:3)
      at commitRootImpl (node_modules/react-test-renderer/cjs/react-test-renderer.development.js:16062:5)
      at commitRoot (node_modules/react-test-renderer/cjs/react-test-renderer.development.js:15933:5)
      at finishConcurrentRender (node_modules/react-test-renderer/cjs/react-test-renderer.development.js:15229:9)
      at performConcurrentWorkOnRoot (node_modules/react-test-renderer/cjs/react-test-renderer.development.js:15146:7)
      at flushActQueue (node_modules/react/cjs/react.development.js:2667:24)
      at act (node_modules/react/cjs/react.development.js:2582:11)
      at actImplementation (node_modules/@testing-library/react-native/src/act.ts:30:25)
      at renderWithAct (node_modules/@testing-library/react-native/src/render-act.ts:13:11)
      at renderInternal (node_modules/@testing-library/react-native/src/render.tsx:69:33)
      at renderInternal (node_modules/@testing-library/react-native/src/render.tsx:44:10)
      at Object.<anonymous> (src/components/train/__tests__/StationCard.test.tsx:207:38)

    console.error
      The above error occurred in the <StationCard> component:
      
          at station (/Users/younghwankang/Work/LiveMetro/src/components/train/StationCard.tsx:52:5)
      
      Consider adding an error boundary to your tree to customize error handling behavior.
      Visit https://reactjs.org/link/error-boundaries to learn more about error boundaries.

      215 |   describe('Performance', () => {
      216 |     it('should not re-render when props are the same', () => {
    > 217 |       const { rerender } = render(<StationCard {...defaultProps} />);
          |                                  ^
      218 |       
      219 |       // Re-render with same props
      220 |       rerender(<StationCard {...defaultProps} />);

      at logCapturedError (node_modules/react-test-renderer/cjs/react-test-renderer.development.js:8661:23)
      at update.callback (node_modules/react-test-renderer/cjs/react-test-renderer.development.js:8694:5)
      at callCallback (node_modules/react-test-renderer/cjs/react-test-renderer.development.js:4092:12)
      at commitUpdateQueue (node_modules/react-test-renderer/cjs/react-test-renderer.development.js:4113:9)
      at commitLayoutEffectOnFiber (node_modules/react-test-renderer/cjs/react-test-renderer.development.js:13232:13)
      at commitLayoutMountEffects_complete (node_modules/react-test-renderer/cjs/react-test-renderer.development.js:14330:9)
      at commitLayoutEffects_begin (node_modules/react-test-renderer/cjs/react-test-renderer.development.js:14316:7)
      at commitLayoutEffects (node_modules/react-test-renderer/cjs/react-test-renderer.development.js:14301:3)
      at commitRootImpl (node_modules/react-test-renderer/cjs/react-test-renderer.development.js:16062:5)
      at commitRoot (node_modules/react-test-renderer/cjs/react-test-renderer.development.js:15933:5)
      at finishConcurrentRender (node_modules/react-test-renderer/cjs/react-test-renderer.development.js:15229:9)
      at performConcurrentWorkOnRoot (node_modules/react-test-renderer/cjs/react-test-renderer.development.js:15146:7)
      at flushActQueue (node_modules/react/cjs/react.development.js:2667:24)
      at act (node_modules/react/cjs/react.development.js:2582:11)
      at actImplementation (node_modules/@testing-library/react-native/src/act.ts:30:25)
      at renderWithAct (node_modules/@testing-library/react-native/src/render-act.ts:13:11)
      at renderInternal (node_modules/@testing-library/react-native/src/render.tsx:69:33)
      at renderInternal (node_modules/@testing-library/react-native/src/render.tsx:44:10)
      at Object.<anonymous> (src/components/train/__tests__/StationCard.test.tsx:217:34)

  ● StationCard › Rendering › should render station name and English name

    useTheme must be used within a ThemeProvider

      208 |   const context = useContext(ThemeContext);
      209 |   if (!context) {
    > 210 |     throw new Error('useTheme must be used within a ThemeProvider');
          |           ^
      211 |   }
      212 |   return context;
      213 | };

      at useTheme (src/services/theme/themeContext.tsx:210:11)
      at src/components/train/StationCard.tsx:64:32
      at renderWithHooks (node_modules/react-test-renderer/cjs/react-test-renderer.development.js:6351:18)
      at updateFunctionComponent (node_modules/react-test-renderer/cjs/react-test-renderer.development.js:9483:20)
      at updateSimpleMemoComponent (node_modules/react-test-renderer/cjs/react-test-renderer.development.js:9329:10)
      at updateMemoComponent (node_modules/react-test-renderer/cjs/react-test-renderer.development.js:9188:14)
      at beginWork (node_modules/react-test-renderer/cjs/react-test-renderer.development.js:11398:16)
      at performUnitOfWork (node_modules/react-test-renderer/cjs/react-test-renderer.development.js:15811:12)
      at workLoopSync (node_modules/react-test-renderer/cjs/react-test-renderer.development.js:15745:5)
      at renderRootSync (node_modules/react-test-renderer/cjs/react-test-renderer.development.js:15717:7)
      at recoverFromConcurrentError (node_modules/react-test-renderer/cjs/react-test-renderer.development.js:15187:20)
      at performConcurrentWorkOnRoot (node_modules/react-test-renderer/cjs/react-test-renderer.development.js:15087:22)
      at flushActQueue (node_modules/react/cjs/react.development.js:2667:24)
      at act (node_modules/react/cjs/react.development.js:2582:11)
      at actImplementation (node_modules/@testing-library/react-native/src/act.ts:30:25)
      at renderWithAct (node_modules/@testing-library/react-native/src/render-act.ts:13:11)
      at renderInternal (node_modules/@testing-library/react-native/src/render.tsx:69:33)
      at renderInternal (node_modules/@testing-library/react-native/src/render.tsx:44:10)
      at Object.<anonymous> (src/components/train/__tests__/StationCard.test.tsx:52:35)

  ● StationCard › Rendering › should render line information

    useTheme must be used within a ThemeProvider

      208 |   const context = useContext(ThemeContext);
      209 |   if (!context) {
    > 210 |     throw new Error('useTheme must be used within a ThemeProvider');
          |           ^
      211 |   }
      212 |   return context;
      213 | };

      at useTheme (src/services/theme/themeContext.tsx:210:11)
      at src/components/train/StationCard.tsx:64:32
      at renderWithHooks (node_modules/react-test-renderer/cjs/react-test-renderer.development.js:6351:18)
      at updateFunctionComponent (node_modules/react-test-renderer/cjs/react-test-renderer.development.js:9483:20)
      at updateSimpleMemoComponent (node_modules/react-test-renderer/cjs/react-test-renderer.development.js:9329:10)
      at updateMemoComponent (node_modules/react-test-renderer/cjs/react-test-renderer.development.js:9188:14)
      at beginWork (node_modules/react-test-renderer/cjs/react-test-renderer.development.js:11398:16)
      at performUnitOfWork (node_modules/react-test-renderer/cjs/react-test-renderer.development.js:15811:12)
      at workLoopSync (node_modules/react-test-renderer/cjs/react-test-renderer.development.js:15745:5)
      at renderRootSync (node_modules/react-test-renderer/cjs/react-test-renderer.development.js:15717:7)
      at recoverFromConcurrentError (node_modules/react-test-renderer/cjs/react-test-renderer.development.js:15187:20)
      at performConcurrentWorkOnRoot (node_modules/react-test-renderer/cjs/react-test-renderer.development.js:15087:22)
      at flushActQueue (node_modules/react/cjs/react.development.js:2667:24)
      at act (node_modules/react/cjs/react.development.js:2582:11)
      at actImplementation (node_modules/@testing-library/react-native/src/act.ts:30:25)
      at renderWithAct (node_modules/@testing-library/react-native/src/render-act.ts:13:11)
      at renderInternal (node_modules/@testing-library/react-native/src/render.tsx:69:33)
      at renderInternal (node_modules/@testing-library/react-native/src/render.tsx:44:10)
      at Object.<anonymous> (src/components/train/__tests__/StationCard.test.tsx:59:35)

  ● StationCard › Rendering › should render transfer information when transfers exist

    useTheme must be used within a ThemeProvider

      208 |   const context = useContext(ThemeContext);
      209 |   if (!context) {
    > 210 |     throw new Error('useTheme must be used within a ThemeProvider');
          |           ^
      211 |   }
      212 |   return context;
      213 | };

      at useTheme (src/services/theme/themeContext.tsx:210:11)
      at src/components/train/StationCard.tsx:64:32
      at renderWithHooks (node_modules/react-test-renderer/cjs/react-test-renderer.development.js:6351:18)
      at updateFunctionComponent (node_modules/react-test-renderer/cjs/react-test-renderer.development.js:9483:20)
      at updateSimpleMemoComponent (node_modules/react-test-renderer/cjs/react-test-renderer.development.js:9329:10)
      at updateMemoComponent (node_modules/react-test-renderer/cjs/react-test-renderer.development.js:9188:14)
      at beginWork (node_modules/react-test-renderer/cjs/react-test-renderer.development.js:11398:16)
      at performUnitOfWork (node_modules/react-test-renderer/cjs/react-test-renderer.development.js:15811:12)
      at workLoopSync (node_modules/react-test-renderer/cjs/react-test-renderer.development.js:15745:5)
      at renderRootSync (node_modules/react-test-renderer/cjs/react-test-renderer.development.js:15717:7)
      at recoverFromConcurrentError (node_modules/react-test-renderer/cjs/react-test-renderer.development.js:15187:20)
      at performConcurrentWorkOnRoot (node_modules/react-test-renderer/cjs/react-test-renderer.development.js:15087:22)
      at flushActQueue (node_modules/react/cjs/react.development.js:2667:24)
      at act (node_modules/react/cjs/react.development.js:2582:11)
      at actImplementation (node_modules/@testing-library/react-native/src/act.ts:30:25)
      at renderWithAct (node_modules/@testing-library/react-native/src/render-act.ts:13:11)
      at renderInternal (node_modules/@testing-library/react-native/src/render.tsx:69:33)
      at renderInternal (node_modules/@testing-library/react-native/src/render.tsx:44:10)
      at Object.<anonymous> (src/components/train/__tests__/StationCard.test.tsx:65:35)

  ● StationCard › Rendering › should not render transfer information when no transfers

    useTheme must be used within a ThemeProvider

      208 |   const context = useContext(ThemeContext);
      209 |   if (!context) {
    > 210 |     throw new Error('useTheme must be used within a ThemeProvider');
          |           ^
      211 |   }
      212 |   return context;
      213 | };

      at useTheme (src/services/theme/themeContext.tsx:210:11)
      at src/components/train/StationCard.tsx:64:32
      at renderWithHooks (node_modules/react-test-renderer/cjs/react-test-renderer.development.js:6351:18)
      at updateFunctionComponent (node_modules/react-test-renderer/cjs/react-test-renderer.development.js:9483:20)
      at updateSimpleMemoComponent (node_modules/react-test-renderer/cjs/react-test-renderer.development.js:9329:10)
      at updateMemoComponent (node_modules/react-test-renderer/cjs/react-test-renderer.development.js:9188:14)
      at beginWork (node_modules/react-test-renderer/cjs/react-test-renderer.development.js:11398:16)
      at performUnitOfWork (node_modules/react-test-renderer/cjs/react-test-renderer.development.js:15811:12)
      at workLoopSync (node_modules/react-test-renderer/cjs/react-test-renderer.development.js:15745:5)
      at renderRootSync (node_modules/react-test-renderer/cjs/react-test-renderer.development.js:15717:7)
      at recoverFromConcurrentError (node_modules/react-test-renderer/cjs/react-test-renderer.development.js:15187:20)
      at performConcurrentWorkOnRoot (node_modules/react-test-renderer/cjs/react-test-renderer.development.js:15087:22)
      at flushActQueue (node_modules/react/cjs/react.development.js:2667:24)
      at act (node_modules/react/cjs/react.development.js:2582:11)
      at actImplementation (node_modules/@testing-library/react-native/src/act.ts:30:25)
      at renderWithAct (node_modules/@testing-library/react-native/src/render-act.ts:13:11)
      at renderInternal (node_modules/@testing-library/react-native/src/render.tsx:69:33)
      at renderInternal (node_modules/@testing-library/react-native/src/render.tsx:44:10)
      at Object.<anonymous> (src/components/train/__tests__/StationCard.test.tsx:76:37)

  ● StationCard › Selection State › should show selected state when isSelected is true

    useTheme must be used within a ThemeProvider

      208 |   const context = useContext(ThemeContext);
      209 |   if (!context) {
    > 210 |     throw new Error('useTheme must be used within a ThemeProvider');
          |           ^
      211 |   }
      212 |   return context;
      213 | };

      at useTheme (src/services/theme/themeContext.tsx:210:11)
      at src/components/train/StationCard.tsx:64:32
      at renderWithHooks (node_modules/react-test-renderer/cjs/react-test-renderer.development.js:6351:18)
      at updateFunctionComponent (node_modules/react-test-renderer/cjs/react-test-renderer.development.js:9483:20)
      at updateSimpleMemoComponent (node_modules/react-test-renderer/cjs/react-test-renderer.development.js:9329:10)
      at updateMemoComponent (node_modules/react-test-renderer/cjs/react-test-renderer.development.js:9188:14)
      at beginWork (node_modules/react-test-renderer/cjs/react-test-renderer.development.js:11398:16)
      at performUnitOfWork (node_modules/react-test-renderer/cjs/react-test-renderer.development.js:15811:12)
      at workLoopSync (node_modules/react-test-renderer/cjs/react-test-renderer.development.js:15745:5)
      at renderRootSync (node_modules/react-test-renderer/cjs/react-test-renderer.development.js:15717:7)
      at recoverFromConcurrentError (node_modules/react-test-renderer/cjs/react-test-renderer.development.js:15187:20)
      at performConcurrentWorkOnRoot (node_modules/react-test-renderer/cjs/react-test-renderer.development.js:15087:22)
      at flushActQueue (node_modules/react/cjs/react.development.js:2667:24)
      at act (node_modules/react/cjs/react.development.js:2582:11)
      at actImplementation (node_modules/@testing-library/react-native/src/act.ts:30:25)
      at renderWithAct (node_modules/@testing-library/react-native/src/render-act.ts:13:11)
      at renderInternal (node_modules/@testing-library/react-native/src/render.tsx:69:33)
      at renderInternal (node_modules/@testing-library/react-native/src/render.tsx:44:10)
      at Object.<anonymous> (src/components/train/__tests__/StationCard.test.tsx:86:38)

  ● StationCard › Selection State › should apply selected styles when selected

    useTheme must be used within a ThemeProvider

      208 |   const context = useContext(ThemeContext);
      209 |   if (!context) {
    > 210 |     throw new Error('useTheme must be used within a ThemeProvider');
          |           ^
      211 |   }
      212 |   return context;
      213 | };

      at useTheme (src/services/theme/themeContext.tsx:210:11)
      at src/components/train/StationCard.tsx:64:32
      at renderWithHooks (node_modules/react-test-renderer/cjs/react-test-renderer.development.js:6351:18)
      at updateFunctionComponent (node_modules/react-test-renderer/cjs/react-test-renderer.development.js:9483:20)
      at updateSimpleMemoComponent (node_modules/react-test-renderer/cjs/react-test-renderer.development.js:9329:10)
      at updateMemoComponent (node_modules/react-test-renderer/cjs/react-test-renderer.development.js:9188:14)
      at beginWork (node_modules/react-test-renderer/cjs/react-test-renderer.development.js:11398:16)
      at performUnitOfWork (node_modules/react-test-renderer/cjs/react-test-renderer.development.js:15811:12)
      at workLoopSync (node_modules/react-test-renderer/cjs/react-test-renderer.development.js:15745:5)
      at renderRootSync (node_modules/react-test-renderer/cjs/react-test-renderer.development.js:15717:7)
      at recoverFromConcurrentError (node_modules/react-test-renderer/cjs/react-test-renderer.development.js:15187:20)
      at performConcurrentWorkOnRoot (node_modules/react-test-renderer/cjs/react-test-renderer.development.js:15087:22)
      at flushActQueue (node_modules/react/cjs/react.development.js:2667:24)
      at act (node_modules/react/cjs/react.development.js:2582:11)
      at actImplementation (node_modules/@testing-library/react-native/src/act.ts:30:25)
      at renderWithAct (node_modules/@testing-library/react-native/src/render-act.ts:13:11)
      at renderInternal (node_modules/@testing-library/react-native/src/render.tsx:69:33)
      at renderInternal (node_modules/@testing-library/react-native/src/render.tsx:44:10)
      at Object.<anonymous> (src/components/train/__tests__/StationCard.test.tsx:97:38)

  ● StationCard › Distance Display › should show distance when showDistance is true and distance is provided

    useTheme must be used within a ThemeProvider

      208 |   const context = useContext(ThemeContext);
      209 |   if (!context) {
    > 210 |     throw new Error('useTheme must be used within a ThemeProvider');
          |           ^
      211 |   }
      212 |   return context;
      213 | };

      at useTheme (src/services/theme/themeContext.tsx:210:11)
      at src/components/train/StationCard.tsx:64:32
      at renderWithHooks (node_modules/react-test-renderer/cjs/react-test-renderer.development.js:6351:18)
      at updateFunctionComponent (node_modules/react-test-renderer/cjs/react-test-renderer.development.js:9483:20)
      at updateSimpleMemoComponent (node_modules/react-test-renderer/cjs/react-test-renderer.development.js:9329:10)
      at updateMemoComponent (node_modules/react-test-renderer/cjs/react-test-renderer.development.js:9188:14)
      at beginWork (node_modules/react-test-renderer/cjs/react-test-renderer.development.js:11398:16)
      at performUnitOfWork (node_modules/react-test-renderer/cjs/react-test-renderer.development.js:15811:12)
      at workLoopSync (node_modules/react-test-renderer/cjs/react-test-renderer.development.js:15745:5)
      at renderRootSync (node_modules/react-test-renderer/cjs/react-test-renderer.development.js:15717:7)
      at recoverFromConcurrentError (node_modules/react-test-renderer/cjs/react-test-renderer.development.js:15187:20)
      at performConcurrentWorkOnRoot (node_modules/react-test-renderer/cjs/react-test-renderer.development.js:15087:22)
      at flushActQueue (node_modules/react/cjs/react.development.js:2667:24)
      at act (node_modules/react/cjs/react.development.js:2582:11)
      at actImplementation (node_modules/@testing-library/react-native/src/act.ts:30:25)
      at renderWithAct (node_modules/@testing-library/react-native/src/render-act.ts:13:11)
      at renderInternal (node_modules/@testing-library/react-native/src/render.tsx:69:33)
      at renderInternal (node_modules/@testing-library/react-native/src/render.tsx:44:10)
      at Object.<anonymous> (src/components/train/__tests__/StationCard.test.tsx:109:35)

  ● StationCard › Distance Display › should show distance in km when distance >= 1

    useTheme must be used within a ThemeProvider

      208 |   const context = useContext(ThemeContext);
      209 |   if (!context) {
    > 210 |     throw new Error('useTheme must be used within a ThemeProvider');
          |           ^
      211 |   }
      212 |   return context;
      213 | };

      at useTheme (src/services/theme/themeContext.tsx:210:11)
      at src/components/train/StationCard.tsx:64:32
      at renderWithHooks (node_modules/react-test-renderer/cjs/react-test-renderer.development.js:6351:18)
      at updateFunctionComponent (node_modules/react-test-renderer/cjs/react-test-renderer.development.js:9483:20)
      at updateSimpleMemoComponent (node_modules/react-test-renderer/cjs/react-test-renderer.development.js:9329:10)
      at updateMemoComponent (node_modules/react-test-renderer/cjs/react-test-renderer.development.js:9188:14)
      at beginWork (node_modules/react-test-renderer/cjs/react-test-renderer.development.js:11398:16)
      at performUnitOfWork (node_modules/react-test-renderer/cjs/react-test-renderer.development.js:15811:12)
      at workLoopSync (node_modules/react-test-renderer/cjs/react-test-renderer.development.js:15745:5)
      at renderRootSync (node_modules/react-test-renderer/cjs/react-test-renderer.development.js:15717:7)
      at recoverFromConcurrentError (node_modules/react-test-renderer/cjs/react-test-renderer.development.js:15187:20)
      at performConcurrentWorkOnRoot (node_modules/react-test-renderer/cjs/react-test-renderer.development.js:15087:22)
      at flushActQueue (node_modules/react/cjs/react.development.js:2667:24)
      at act (node_modules/react/cjs/react.development.js:2582:11)
      at actImplementation (node_modules/@testing-library/react-native/src/act.ts:30:25)
      at renderWithAct (node_modules/@testing-library/react-native/src/render-act.ts:13:11)
      at renderInternal (node_modules/@testing-library/react-native/src/render.tsx:69:33)
      at renderInternal (node_modules/@testing-library/react-native/src/render.tsx:44:10)
      at Object.<anonymous> (src/components/train/__tests__/StationCard.test.tsx:121:35)

  ● StationCard › Distance Display › should not show distance when showDistance is false

    useTheme must be used within a ThemeProvider

      208 |   const context = useContext(ThemeContext);
      209 |   if (!context) {
    > 210 |     throw new Error('useTheme must be used within a ThemeProvider');
          |           ^
      211 |   }
      212 |   return context;
      213 | };

      at useTheme (src/services/theme/themeContext.tsx:210:11)
      at src/components/train/StationCard.tsx:64:32
      at renderWithHooks (node_modules/react-test-renderer/cjs/react-test-renderer.development.js:6351:18)
      at updateFunctionComponent (node_modules/react-test-renderer/cjs/react-test-renderer.development.js:9483:20)
      at updateSimpleMemoComponent (node_modules/react-test-renderer/cjs/react-test-renderer.development.js:9329:10)
      at updateMemoComponent (node_modules/react-test-renderer/cjs/react-test-renderer.development.js:9188:14)
      at beginWork (node_modules/react-test-renderer/cjs/react-test-renderer.development.js:11398:16)
      at performUnitOfWork (node_modules/react-test-renderer/cjs/react-test-renderer.development.js:15811:12)
      at workLoopSync (node_modules/react-test-renderer/cjs/react-test-renderer.development.js:15745:5)
      at renderRootSync (node_modules/react-test-renderer/cjs/react-test-renderer.development.js:15717:7)
      at recoverFromConcurrentError (node_modules/react-test-renderer/cjs/react-test-renderer.development.js:15187:20)
      at performConcurrentWorkOnRoot (node_modules/react-test-renderer/cjs/react-test-renderer.development.js:15087:22)
      at flushActQueue (node_modules/react/cjs/react.development.js:2667:24)
      at act (node_modules/react/cjs/react.development.js:2582:11)
      at actImplementation (node_modules/@testing-library/react-native/src/act.ts:30:25)
      at renderWithAct (node_modules/@testing-library/react-native/src/render-act.ts:13:11)
      at renderInternal (node_modules/@testing-library/react-native/src/render.tsx:69:33)
      at renderInternal (node_modules/@testing-library/react-native/src/render.tsx:44:10)
      at Object.<anonymous> (src/components/train/__tests__/StationCard.test.tsx:133:37)

  ● StationCard › Interaction › should call onPress when pressed

    useTheme must be used within a ThemeProvider

      208 |   const context = useContext(ThemeContext);
      209 |   if (!context) {
    > 210 |     throw new Error('useTheme must be used within a ThemeProvider');
          |           ^
      211 |   }
      212 |   return context;
      213 | };

      at useTheme (src/services/theme/themeContext.tsx:210:11)
      at src/components/train/StationCard.tsx:64:32
      at renderWithHooks (node_modules/react-test-renderer/cjs/react-test-renderer.development.js:6351:18)
      at updateFunctionComponent (node_modules/react-test-renderer/cjs/react-test-renderer.development.js:9483:20)
      at updateSimpleMemoComponent (node_modules/react-test-renderer/cjs/react-test-renderer.development.js:9329:10)
      at updateMemoComponent (node_modules/react-test-renderer/cjs/react-test-renderer.development.js:9188:14)
      at beginWork (node_modules/react-test-renderer/cjs/react-test-renderer.development.js:11398:16)
      at performUnitOfWork (node_modules/react-test-renderer/cjs/react-test-renderer.development.js:15811:12)
      at workLoopSync (node_modules/react-test-renderer/cjs/react-test-renderer.development.js:15745:5)
      at renderRootSync (node_modules/react-test-renderer/cjs/react-test-renderer.development.js:15717:7)
      at recoverFromConcurrentError (node_modules/react-test-renderer/cjs/react-test-renderer.development.js:15187:20)
      at performConcurrentWorkOnRoot (node_modules/react-test-renderer/cjs/react-test-renderer.development.js:15087:22)
      at flushActQueue (node_modules/react/cjs/react.development.js:2667:24)
      at act (node_modules/react/cjs/react.development.js:2582:11)
      at actImplementation (node_modules/@testing-library/react-native/src/act.ts:30:25)
      at renderWithAct (node_modules/@testing-library/react-native/src/render-act.ts:13:11)
      at renderInternal (node_modules/@testing-library/react-native/src/render.tsx:69:33)
      at renderInternal (node_modules/@testing-library/react-native/src/render.tsx:44:10)
      at Object.<anonymous> (src/components/train/__tests__/StationCard.test.tsx:149:38)

  ● StationCard › Interaction › should not crash when onPress is undefined

    useTheme must be used within a ThemeProvider

      208 |   const context = useContext(ThemeContext);
      209 |   if (!context) {
    > 210 |     throw new Error('useTheme must be used within a ThemeProvider');
          |           ^
      211 |   }
      212 |   return context;
      213 | };

      at useTheme (src/services/theme/themeContext.tsx:210:11)
      at src/components/train/StationCard.tsx:64:32
      at renderWithHooks (node_modules/react-test-renderer/cjs/react-test-renderer.development.js:6351:18)
      at updateFunctionComponent (node_modules/react-test-renderer/cjs/react-test-renderer.development.js:9483:20)
      at updateSimpleMemoComponent (node_modules/react-test-renderer/cjs/react-test-renderer.development.js:9329:10)
      at updateMemoComponent (node_modules/react-test-renderer/cjs/react-test-renderer.development.js:9188:14)
      at beginWork (node_modules/react-test-renderer/cjs/react-test-renderer.development.js:11398:16)
      at performUnitOfWork (node_modules/react-test-renderer/cjs/react-test-renderer.development.js:15811:12)
      at workLoopSync (node_modules/react-test-renderer/cjs/react-test-renderer.development.js:15745:5)
      at renderRootSync (node_modules/react-test-renderer/cjs/react-test-renderer.development.js:15717:7)
      at recoverFromConcurrentError (node_modules/react-test-renderer/cjs/react-test-renderer.development.js:15187:20)
      at performConcurrentWorkOnRoot (node_modules/react-test-renderer/cjs/react-test-renderer.development.js:15087:22)
      at flushActQueue (node_modules/react/cjs/react.development.js:2667:24)
      at act (node_modules/react/cjs/react.development.js:2582:11)
      at actImplementation (node_modules/@testing-library/react-native/src/act.ts:30:25)
      at renderWithAct (node_modules/@testing-library/react-native/src/render-act.ts:13:11)
      at renderInternal (node_modules/@testing-library/react-native/src/render.tsx:69:33)
      at renderInternal (node_modules/@testing-library/react-native/src/render.tsx:44:10)
      at Object.<anonymous> (src/components/train/__tests__/StationCard.test.tsx:161:38)

  ● StationCard › Accessibility › should have proper accessibility label

    useTheme must be used within a ThemeProvider

      208 |   const context = useContext(ThemeContext);
      209 |   if (!context) {
    > 210 |     throw new Error('useTheme must be used within a ThemeProvider');
          |           ^
      211 |   }
      212 |   return context;
      213 | };

      at useTheme (src/services/theme/themeContext.tsx:210:11)
      at src/components/train/StationCard.tsx:64:32
      at renderWithHooks (node_modules/react-test-renderer/cjs/react-test-renderer.development.js:6351:18)
      at updateFunctionComponent (node_modules/react-test-renderer/cjs/react-test-renderer.development.js:9483:20)
      at updateSimpleMemoComponent (node_modules/react-test-renderer/cjs/react-test-renderer.development.js:9329:10)
      at updateMemoComponent (node_modules/react-test-renderer/cjs/react-test-renderer.development.js:9188:14)
      at beginWork (node_modules/react-test-renderer/cjs/react-test-renderer.development.js:11398:16)
      at performUnitOfWork (node_modules/react-test-renderer/cjs/react-test-renderer.development.js:15811:12)
      at workLoopSync (node_modules/react-test-renderer/cjs/react-test-renderer.development.js:15745:5)
      at renderRootSync (node_modules/react-test-renderer/cjs/react-test-renderer.development.js:15717:7)
      at recoverFromConcurrentError (node_modules/react-test-renderer/cjs/react-test-renderer.development.js:15187:20)
      at performConcurrentWorkOnRoot (node_modules/react-test-renderer/cjs/react-test-renderer.development.js:15087:22)
      at flushActQueue (node_modules/react/cjs/react.development.js:2667:24)
      at act (node_modules/react/cjs/react.development.js:2582:11)
      at actImplementation (node_modules/@testing-library/react-native/src/act.ts:30:25)
      at renderWithAct (node_modules/@testing-library/react-native/src/render-act.ts:13:11)
      at renderInternal (node_modules/@testing-library/react-native/src/render.tsx:69:33)
      at renderInternal (node_modules/@testing-library/react-native/src/render.tsx:44:10)
      at Object.<anonymous> (src/components/train/__tests__/StationCard.test.tsx:173:38)

  ● StationCard › Accessibility › should have proper accessibility hint based on selection state

    useTheme must be used within a ThemeProvider

      208 |   const context = useContext(ThemeContext);
      209 |   if (!context) {
    > 210 |     throw new Error('useTheme must be used within a ThemeProvider');
          |           ^
      211 |   }
      212 |   return context;
      213 | };

      at useTheme (src/services/theme/themeContext.tsx:210:11)
      at src/components/train/StationCard.tsx:64:32
      at renderWithHooks (node_modules/react-test-renderer/cjs/react-test-renderer.development.js:6351:18)
      at updateFunctionComponent (node_modules/react-test-renderer/cjs/react-test-renderer.development.js:9483:20)
      at updateSimpleMemoComponent (node_modules/react-test-renderer/cjs/react-test-renderer.development.js:9329:10)
      at updateMemoComponent (node_modules/react-test-renderer/cjs/react-test-renderer.development.js:9188:14)
      at beginWork (node_modules/react-test-renderer/cjs/react-test-renderer.development.js:11398:16)
      at performUnitOfWork (node_modules/react-test-renderer/cjs/react-test-renderer.development.js:15811:12)
      at workLoopSync (node_modules/react-test-renderer/cjs/react-test-renderer.development.js:15745:5)
      at renderRootSync (node_modules/react-test-renderer/cjs/react-test-renderer.development.js:15717:7)
      at recoverFromConcurrentError (node_modules/react-test-renderer/cjs/react-test-renderer.development.js:15187:20)
      at performConcurrentWorkOnRoot (node_modules/react-test-renderer/cjs/react-test-renderer.development.js:15087:22)
      at flushActQueue (node_modules/react/cjs/react.development.js:2667:24)
      at act (node_modules/react/cjs/react.development.js:2582:11)
      at actImplementation (node_modules/@testing-library/react-native/src/act.ts:30:25)
      at renderWithAct (node_modules/@testing-library/react-native/src/render-act.ts:13:11)
      at renderInternal (node_modules/@testing-library/react-native/src/render.tsx:69:33)
      at renderInternal (node_modules/@testing-library/react-native/src/render.tsx:44:10)
      at Object.<anonymous> (src/components/train/__tests__/StationCard.test.tsx:189:58)

  ● StationCard › Accessibility › should have proper accessibility role

    useTheme must be used within a ThemeProvider

      208 |   const context = useContext(ThemeContext);
      209 |   if (!context) {
    > 210 |     throw new Error('useTheme must be used within a ThemeProvider');
          |           ^
      211 |   }
      212 |   return context;
      213 | };

      at useTheme (src/services/theme/themeContext.tsx:210:11)
      at src/components/train/StationCard.tsx:64:32
      at renderWithHooks (node_modules/react-test-renderer/cjs/react-test-renderer.development.js:6351:18)
      at updateFunctionComponent (node_modules/react-test-renderer/cjs/react-test-renderer.development.js:9483:20)
      at updateSimpleMemoComponent (node_modules/react-test-renderer/cjs/react-test-renderer.development.js:9329:10)
      at updateMemoComponent (node_modules/react-test-renderer/cjs/react-test-renderer.development.js:9188:14)
      at beginWork (node_modules/react-test-renderer/cjs/react-test-renderer.development.js:11398:16)
      at performUnitOfWork (node_modules/react-test-renderer/cjs/react-test-renderer.development.js:15811:12)
      at workLoopSync (node_modules/react-test-renderer/cjs/react-test-renderer.development.js:15745:5)
      at renderRootSync (node_modules/react-test-renderer/cjs/react-test-renderer.development.js:15717:7)
      at recoverFromConcurrentError (node_modules/react-test-renderer/cjs/react-test-renderer.development.js:15187:20)
      at performConcurrentWorkOnRoot (node_modules/react-test-renderer/cjs/react-test-renderer.development.js:15087:22)
      at flushActQueue (node_modules/react/cjs/react.development.js:2667:24)
      at act (node_modules/react/cjs/react.development.js:2582:11)
      at actImplementation (node_modules/@testing-library/react-native/src/act.ts:30:25)
      at renderWithAct (node_modules/@testing-library/react-native/src/render-act.ts:13:11)
      at renderInternal (node_modules/@testing-library/react-native/src/render.tsx:69:33)
      at renderInternal (node_modules/@testing-library/react-native/src/render.tsx:44:10)
      at Object.<anonymous> (src/components/train/__tests__/StationCard.test.tsx:207:38)

  ● StationCard › Performance › should not re-render when props are the same

    useTheme must be used within a ThemeProvider

      208 |   const context = useContext(ThemeContext);
      209 |   if (!context) {
    > 210 |     throw new Error('useTheme must be used within a ThemeProvider');
          |           ^
      211 |   }
      212 |   return context;
      213 | };

      at useTheme (src/services/theme/themeContext.tsx:210:11)
      at src/components/train/StationCard.tsx:64:32
      at renderWithHooks (node_modules/react-test-renderer/cjs/react-test-renderer.development.js:6351:18)
      at updateFunctionComponent (node_modules/react-test-renderer/cjs/react-test-renderer.development.js:9483:20)
      at updateSimpleMemoComponent (node_modules/react-test-renderer/cjs/react-test-renderer.development.js:9329:10)
      at updateMemoComponent (node_modules/react-test-renderer/cjs/react-test-renderer.development.js:9188:14)
      at beginWork (node_modules/react-test-renderer/cjs/react-test-renderer.development.js:11398:16)
      at performUnitOfWork (node_modules/react-test-renderer/cjs/react-test-renderer.development.js:15811:12)
      at workLoopSync (node_modules/react-test-renderer/cjs/react-test-renderer.development.js:15745:5)
      at renderRootSync (node_modules/react-test-renderer/cjs/react-test-renderer.development.js:15717:7)
      at recoverFromConcurrentError (node_modules/react-test-renderer/cjs/react-test-renderer.development.js:15187:20)
      at performConcurrentWorkOnRoot (node_modules/react-test-renderer/cjs/react-test-renderer.development.js:15087:22)
      at flushActQueue (node_modules/react/cjs/react.development.js:2667:24)
      at act (node_modules/react/cjs/react.development.js:2582:11)
      at actImplementation (node_modules/@testing-library/react-native/src/act.ts:30:25)
      at renderWithAct (node_modules/@testing-library/react-native/src/render-act.ts:13:11)
      at renderInternal (node_modules/@testing-library/react-native/src/render.tsx:69:33)
      at renderInternal (node_modules/@testing-library/react-native/src/render.tsx:44:10)
      at Object.<anonymous> (src/components/train/__tests__/StationCard.test.tsx:217:34)

PASS src/services/train/__tests__/trainService.test.ts
  ● Console

    console.error
      Firebase error fetching subway lines: Error: Firebase error
          at Object.<anonymous> (/Users/younghwankang/Work/LiveMetro/src/services/train/__tests__/trainService.test.ts:123:37)
          at Generator.next (<anonymous>)
          at asyncGeneratorStep (/Users/younghwankang/Work/LiveMetro/node_modules/@babel/runtime/helpers/asyncToGenerator.js:3:17)
          at _next (/Users/younghwankang/Work/LiveMetro/node_modules/@babel/runtime/helpers/asyncToGenerator.js:17:9)
          at /Users/younghwankang/Work/LiveMetro/node_modules/@babel/runtime/helpers/asyncToGenerator.js:22:7
          at new Promise (<anonymous>)
          at Object.<anonymous> (/Users/younghwankang/Work/LiveMetro/node_modules/@babel/runtime/helpers/asyncToGenerator.js:14:12)
          at Promise.then.completed (/Users/younghwankang/Work/LiveMetro/node_modules/jest-circus/build/utils.js:298:28)
          at new Promise (<anonymous>)
          at callAsyncCircusFn (/Users/younghwankang/Work/LiveMetro/node_modules/jest-circus/build/utils.js:231:10)
          at _callCircusTest (/Users/younghwankang/Work/LiveMetro/node_modules/jest-circus/build/run.js:316:40)
          at processTicksAndRejections (node:internal/process/task_queues:103:5)
          at _runTest (/Users/younghwankang/Work/LiveMetro/node_modules/jest-circus/build/run.js:252:3)
          at _runTestsForDescribeBlock (/Users/younghwankang/Work/LiveMetro/node_modules/jest-circus/build/run.js:126:9)
          at _runTestsForDescribeBlock (/Users/younghwankang/Work/LiveMetro/node_modules/jest-circus/build/run.js:121:9)
          at _runTestsForDescribeBlock (/Users/younghwankang/Work/LiveMetro/node_modules/jest-circus/build/run.js:121:9)
          at run (/Users/younghwankang/Work/LiveMetro/node_modules/jest-circus/build/run.js:71:3)
          at runAndTransformResultsToJestFormat (/Users/younghwankang/Work/LiveMetro/node_modules/jest-circus/build/legacy-code-todo-rewrite/jestAdapterInit.js:122:21)
          at jestAdapter (/Users/younghwankang/Work/LiveMetro/node_modules/jest-circus/build/legacy-code-todo-rewrite/jestAdapter.js:79:19)
          at runTestInternal (/Users/younghwankang/Work/LiveMetro/node_modules/jest-runner/build/runTest.js:367:16)
          at runTest (/Users/younghwankang/Work/LiveMetro/node_modules/jest-runner/build/runTest.js:444:34)
          at Object.worker (/Users/younghwankang/Work/LiveMetro/node_modules/jest-runner/build/testWorker.js:106:12)

      43 |       } as SubwayLine));
      44 |     } catch (error) {
    > 45 |       console.error('Firebase error fetching subway lines:', error);
         |               ^
      46 |       return []; // 에러 시 빈 배열 반환
      47 |     }
      48 |   }

      at TrainService.error (src/services/train/trainService.ts:45:15)
          at Generator.throw (<anonymous>)
      at asyncGeneratorStep (node_modules/@babel/runtime/helpers/asyncToGenerator.js:3:17)
      at _throw (node_modules/@babel/runtime/helpers/asyncToGenerator.js:20:9)

    console.warn
      No stations found in Firebase for line 2, trying local data

      72 |
      73 |       // Fallback to local data if Firebase has no results
    > 74 |       console.warn(`No stations found in Firebase for line ${lineId}, trying local data`);
         |               ^
      75 |       const localStations = getLocalStationsByLine(lineId);
      76 |
      77 |       if (localStations.length > 0) {

      at TrainService.warn (src/services/train/trainService.ts:74:15)
      at asyncGeneratorStep (node_modules/@babel/runtime/helpers/asyncToGenerator.js:3:17)
      at _next (node_modules/@babel/runtime/helpers/asyncToGenerator.js:17:9)

    console.error
      Firebase error fetching stations, falling back to local data: Error: Firebase error
          at Object.<anonymous> (/Users/younghwankang/Work/LiveMetro/src/services/train/__tests__/trainService.test.ts:163:37)
          at Generator.next (<anonymous>)
          at asyncGeneratorStep (/Users/younghwankang/Work/LiveMetro/node_modules/@babel/runtime/helpers/asyncToGenerator.js:3:17)
          at _next (/Users/younghwankang/Work/LiveMetro/node_modules/@babel/runtime/helpers/asyncToGenerator.js:17:9)
          at /Users/younghwankang/Work/LiveMetro/node_modules/@babel/runtime/helpers/asyncToGenerator.js:22:7
          at new Promise (<anonymous>)
          at Object.<anonymous> (/Users/younghwankang/Work/LiveMetro/node_modules/@babel/runtime/helpers/asyncToGenerator.js:14:12)
          at Promise.then.completed (/Users/younghwankang/Work/LiveMetro/node_modules/jest-circus/build/utils.js:298:28)
          at new Promise (<anonymous>)
          at callAsyncCircusFn (/Users/younghwankang/Work/LiveMetro/node_modules/jest-circus/build/utils.js:231:10)
          at _callCircusTest (/Users/younghwankang/Work/LiveMetro/node_modules/jest-circus/build/run.js:316:40)
          at processTicksAndRejections (node:internal/process/task_queues:103:5)
          at _runTest (/Users/younghwankang/Work/LiveMetro/node_modules/jest-circus/build/run.js:252:3)
          at _runTestsForDescribeBlock (/Users/younghwankang/Work/LiveMetro/node_modules/jest-circus/build/run.js:126:9)
          at _runTestsForDescribeBlock (/Users/younghwankang/Work/LiveMetro/node_modules/jest-circus/build/run.js:121:9)
          at _runTestsForDescribeBlock (/Users/younghwankang/Work/LiveMetro/node_modules/jest-circus/build/run.js:121:9)
          at run (/Users/younghwankang/Work/LiveMetro/node_modules/jest-circus/build/run.js:71:3)
          at runAndTransformResultsToJestFormat (/Users/younghwankang/Work/LiveMetro/node_modules/jest-circus/build/legacy-code-todo-rewrite/jestAdapterInit.js:122:21)
          at jestAdapter (/Users/younghwankang/Work/LiveMetro/node_modules/jest-circus/build/legacy-code-todo-rewrite/jestAdapter.js:79:19)
          at runTestInternal (/Users/younghwankang/Work/LiveMetro/node_modules/jest-runner/build/runTest.js:367:16)
          at runTest (/Users/younghwankang/Work/LiveMetro/node_modules/jest-runner/build/runTest.js:444:34)
          at Object.worker (/Users/younghwankang/Work/LiveMetro/node_modules/jest-runner/build/testWorker.js:106:12)

      84 |     } catch (error) {
      85 |       // Firebase connection error - use local fallback
    > 86 |       console.error('Firebase error fetching stations, falling back to local data:', error);
         |               ^
      87 |       return getLocalStationsByLine(lineId);
      88 |     }
      89 |   }

      at TrainService.error (src/services/train/trainService.ts:86:15)
          at Generator.throw (<anonymous>)
      at asyncGeneratorStep (node_modules/@babel/runtime/helpers/asyncToGenerator.js:3:17)
      at _throw (node_modules/@babel/runtime/helpers/asyncToGenerator.js:20:9)

    console.warn
      Station not found in Firebase: gangnam, trying local data

      106 |
      107 |       // Fallback to local data
    > 108 |       console.warn(`Station not found in Firebase: ${stationId}, trying local data`);
          |               ^
      109 |       const localStation = getLocalStation(stationId);
      110 |
      111 |       if (localStation) {

      at TrainService.warn (src/services/train/trainService.ts:108:15)
      at asyncGeneratorStep (node_modules/@babel/runtime/helpers/asyncToGenerator.js:3:17)
      at _next (node_modules/@babel/runtime/helpers/asyncToGenerator.js:17:9)

    console.warn
      Station not found in Firebase: nonexistent, trying local data

      106 |
      107 |       // Fallback to local data
    > 108 |       console.warn(`Station not found in Firebase: ${stationId}, trying local data`);
          |               ^
      109 |       const localStation = getLocalStation(stationId);
      110 |
      111 |       if (localStation) {

      at TrainService.warn (src/services/train/trainService.ts:108:15)
      at asyncGeneratorStep (node_modules/@babel/runtime/helpers/asyncToGenerator.js:3:17)
      at _next (node_modules/@babel/runtime/helpers/asyncToGenerator.js:17:9)

    console.error
      ❌ Station nonexistent not found in Firebase or local data

      114 |       }
      115 |
    > 116 |       console.error(`❌ Station ${stationId} not found in Firebase or local data`);
          |               ^
      117 |       return null;
      118 |     } catch (error) {
      119 |       // Firebase 연결 오류 시 로컬 데이터로 폴백

      at TrainService.error (src/services/train/trainService.ts:116:15)
      at asyncGeneratorStep (node_modules/@babel/runtime/helpers/asyncToGenerator.js:3:17)
      at _next (node_modules/@babel/runtime/helpers/asyncToGenerator.js:17:9)

    console.error
      Firebase error fetching station, falling back to local data: Error: Firebase error
          at Object.<anonymous> (/Users/younghwankang/Work/LiveMetro/src/services/train/__tests__/trainService.test.ts:214:36)
          at Generator.next (<anonymous>)
          at asyncGeneratorStep (/Users/younghwankang/Work/LiveMetro/node_modules/@babel/runtime/helpers/asyncToGenerator.js:3:17)
          at _next (/Users/younghwankang/Work/LiveMetro/node_modules/@babel/runtime/helpers/asyncToGenerator.js:17:9)
          at /Users/younghwankang/Work/LiveMetro/node_modules/@babel/runtime/helpers/asyncToGenerator.js:22:7
          at new Promise (<anonymous>)
          at Object.<anonymous> (/Users/younghwankang/Work/LiveMetro/node_modules/@babel/runtime/helpers/asyncToGenerator.js:14:12)
          at Promise.then.completed (/Users/younghwankang/Work/LiveMetro/node_modules/jest-circus/build/utils.js:298:28)
          at new Promise (<anonymous>)
          at callAsyncCircusFn (/Users/younghwankang/Work/LiveMetro/node_modules/jest-circus/build/utils.js:231:10)
          at _callCircusTest (/Users/younghwankang/Work/LiveMetro/node_modules/jest-circus/build/run.js:316:40)
          at processTicksAndRejections (node:internal/process/task_queues:103:5)
          at _runTest (/Users/younghwankang/Work/LiveMetro/node_modules/jest-circus/build/run.js:252:3)
          at _runTestsForDescribeBlock (/Users/younghwankang/Work/LiveMetro/node_modules/jest-circus/build/run.js:126:9)
          at _runTestsForDescribeBlock (/Users/younghwankang/Work/LiveMetro/node_modules/jest-circus/build/run.js:121:9)
          at _runTestsForDescribeBlock (/Users/younghwankang/Work/LiveMetro/node_modules/jest-circus/build/run.js:121:9)
          at run (/Users/younghwankang/Work/LiveMetro/node_modules/jest-circus/build/run.js:71:3)
          at runAndTransformResultsToJestFormat (/Users/younghwankang/Work/LiveMetro/node_modules/jest-circus/build/legacy-code-todo-rewrite/jestAdapterInit.js:122:21)
          at jestAdapter (/Users/younghwankang/Work/LiveMetro/node_modules/jest-circus/build/legacy-code-todo-rewrite/jestAdapter.js:79:19)
          at runTestInternal (/Users/younghwankang/Work/LiveMetro/node_modules/jest-runner/build/runTest.js:367:16)
          at runTest (/Users/younghwankang/Work/LiveMetro/node_modules/jest-runner/build/runTest.js:444:34)
          at Object.worker (/Users/younghwankang/Work/LiveMetro/node_modules/jest-runner/build/testWorker.js:106:12)

      118 |     } catch (error) {
      119 |       // Firebase 연결 오류 시 로컬 데이터로 폴백
    > 120 |       console.error('Firebase error fetching station, falling back to local data:', error);
          |               ^
      121 |       return getLocalStation(stationId);
      122 |     }
      123 |   }

      at TrainService.error (src/services/train/trainService.ts:120:15)
          at Generator.throw (<anonymous>)
      at asyncGeneratorStep (node_modules/@babel/runtime/helpers/asyncToGenerator.js:3:17)
      at _throw (node_modules/@babel/runtime/helpers/asyncToGenerator.js:20:9)

    console.error
      Error in train updates subscription: Error: Subscription error
          at /Users/younghwankang/Work/LiveMetro/src/services/train/__tests__/trainService.test.ts:285:17
          at /Users/younghwankang/Work/LiveMetro/node_modules/jest-mock/build/index.js:397:39
          at /Users/younghwankang/Work/LiveMetro/node_modules/jest-mock/build/index.js:404:13
          at mockConstructor (/Users/younghwankang/Work/LiveMetro/node_modules/jest-mock/build/index.js:148:19)
          at apply (/Users/younghwankang/Work/LiveMetro/src/services/train/__tests__/trainService.test.ts:37:49)
          at TrainService.subscribeToTrainUpdates (/Users/younghwankang/Work/LiveMetro/src/services/train/trainService.ts:138:35)
          at Object.subscribeToTrainUpdates (/Users/younghwankang/Work/LiveMetro/src/services/train/__tests__/trainService.test.ts:289:20)
          at Promise.then.completed (/Users/younghwankang/Work/LiveMetro/node_modules/jest-circus/build/utils.js:298:28)
          at new Promise (<anonymous>)
          at callAsyncCircusFn (/Users/younghwankang/Work/LiveMetro/node_modules/jest-circus/build/utils.js:231:10)
          at _callCircusTest (/Users/younghwankang/Work/LiveMetro/node_modules/jest-circus/build/run.js:316:40)
          at processTicksAndRejections (node:internal/process/task_queues:103:5)
          at _runTest (/Users/younghwankang/Work/LiveMetro/node_modules/jest-circus/build/run.js:252:3)
          at _runTestsForDescribeBlock (/Users/younghwankang/Work/LiveMetro/node_modules/jest-circus/build/run.js:126:9)
          at _runTestsForDescribeBlock (/Users/younghwankang/Work/LiveMetro/node_modules/jest-circus/build/run.js:121:9)
          at _runTestsForDescribeBlock (/Users/younghwankang/Work/LiveMetro/node_modules/jest-circus/build/run.js:121:9)
          at run (/Users/younghwankang/Work/LiveMetro/node_modules/jest-circus/build/run.js:71:3)
          at runAndTransformResultsToJestFormat (/Users/younghwankang/Work/LiveMetro/node_modules/jest-circus/build/legacy-code-todo-rewrite/jestAdapterInit.js:122:21)
          at jestAdapter (/Users/younghwankang/Work/LiveMetro/node_modules/jest-circus/build/legacy-code-todo-rewrite/jestAdapter.js:79:19)
          at runTestInternal (/Users/younghwankang/Work/LiveMetro/node_modules/jest-runner/build/runTest.js:367:16)
          at runTest (/Users/younghwankang/Work/LiveMetro/node_modules/jest-runner/build/runTest.js:444:34)
          at Object.worker (/Users/younghwankang/Work/LiveMetro/node_modules/jest-runner/build/testWorker.js:106:12)

      149 |       },
      150 |       (error) => {
    > 151 |         console.error('Error in train updates subscription:', error);
          |                 ^
      152 |         callback([]);
      153 |       }
      154 |     );

      at error (src/services/train/trainService.ts:151:17)
      at onError (src/services/train/__tests__/trainService.test.ts:285:9)
      at apply (src/services/train/__tests__/trainService.test.ts:37:49)
      at TrainService.subscribeToTrainUpdates (src/services/train/trainService.ts:138:35)
      at Object.subscribeToTrainUpdates (src/services/train/__tests__/trainService.test.ts:289:20)

    console.error
      Error fetching congestion data: Error: Firebase error
          at Object.<anonymous> (/Users/younghwankang/Work/LiveMetro/src/services/train/__tests__/trainService.test.ts:365:37)
          at Generator.next (<anonymous>)
          at asyncGeneratorStep (/Users/younghwankang/Work/LiveMetro/node_modules/@babel/runtime/helpers/asyncToGenerator.js:3:17)
          at _next (/Users/younghwankang/Work/LiveMetro/node_modules/@babel/runtime/helpers/asyncToGenerator.js:17:9)
          at /Users/younghwankang/Work/LiveMetro/node_modules/@babel/runtime/helpers/asyncToGenerator.js:22:7
          at new Promise (<anonymous>)
          at Object.<anonymous> (/Users/younghwankang/Work/LiveMetro/node_modules/@babel/runtime/helpers/asyncToGenerator.js:14:12)
          at Promise.then.completed (/Users/younghwankang/Work/LiveMetro/node_modules/jest-circus/build/utils.js:298:28)
          at new Promise (<anonymous>)
          at callAsyncCircusFn (/Users/younghwankang/Work/LiveMetro/node_modules/jest-circus/build/utils.js:231:10)
          at _callCircusTest (/Users/younghwankang/Work/LiveMetro/node_modules/jest-circus/build/run.js:316:40)
          at processTicksAndRejections (node:internal/process/task_queues:103:5)
          at _runTest (/Users/younghwankang/Work/LiveMetro/node_modules/jest-circus/build/run.js:252:3)
          at _runTestsForDescribeBlock (/Users/younghwankang/Work/LiveMetro/node_modules/jest-circus/build/run.js:126:9)
          at _runTestsForDescribeBlock (/Users/younghwankang/Work/LiveMetro/node_modules/jest-circus/build/run.js:121:9)
          at _runTestsForDescribeBlock (/Users/younghwankang/Work/LiveMetro/node_modules/jest-circus/build/run.js:121:9)
          at run (/Users/younghwankang/Work/LiveMetro/node_modules/jest-circus/build/run.js:71:3)
          at runAndTransformResultsToJestFormat (/Users/younghwankang/Work/LiveMetro/node_modules/jest-circus/build/legacy-code-todo-rewrite/jestAdapterInit.js:122:21)
          at jestAdapter (/Users/younghwankang/Work/LiveMetro/node_modules/jest-circus/build/legacy-code-todo-rewrite/jestAdapter.js:79:19)
          at runTestInternal (/Users/younghwankang/Work/LiveMetro/node_modules/jest-runner/build/runTest.js:367:16)
          at runTest (/Users/younghwankang/Work/LiveMetro/node_modules/jest-runner/build/runTest.js:444:34)
          at Object.worker (/Users/younghwankang/Work/LiveMetro/node_modules/jest-runner/build/testWorker.js:106:12)

      223 |       } as CongestionData));
      224 |     } catch (error) {
    > 225 |       console.error('Error fetching congestion data:', error);
          |               ^
      226 |       return [];
      227 |     }
      228 |   }

      at TrainService.error (src/services/train/trainService.ts:225:15)
          at Generator.throw (<anonymous>)
      at asyncGeneratorStep (node_modules/@babel/runtime/helpers/asyncToGenerator.js:3:17)
      at _throw (node_modules/@babel/runtime/helpers/asyncToGenerator.js:20:9)

    console.error
      Firebase error searching stations: Error: Firebase error
          at Object.<anonymous> (/Users/younghwankang/Work/LiveMetro/src/services/train/__tests__/trainService.test.ts:395:37)
          at Generator.next (<anonymous>)
          at asyncGeneratorStep (/Users/younghwankang/Work/LiveMetro/node_modules/@babel/runtime/helpers/asyncToGenerator.js:3:17)
          at _next (/Users/younghwankang/Work/LiveMetro/node_modules/@babel/runtime/helpers/asyncToGenerator.js:17:9)
          at /Users/younghwankang/Work/LiveMetro/node_modules/@babel/runtime/helpers/asyncToGenerator.js:22:7
          at new Promise (<anonymous>)
          at Object.<anonymous> (/Users/younghwankang/Work/LiveMetro/node_modules/@babel/runtime/helpers/asyncToGenerator.js:14:12)
          at Promise.then.completed (/Users/younghwankang/Work/LiveMetro/node_modules/jest-circus/build/utils.js:298:28)
          at new Promise (<anonymous>)
          at callAsyncCircusFn (/Users/younghwankang/Work/LiveMetro/node_modules/jest-circus/build/utils.js:231:10)
          at _callCircusTest (/Users/younghwankang/Work/LiveMetro/node_modules/jest-circus/build/run.js:316:40)
          at processTicksAndRejections (node:internal/process/task_queues:103:5)
          at _runTest (/Users/younghwankang/Work/LiveMetro/node_modules/jest-circus/build/run.js:252:3)
          at _runTestsForDescribeBlock (/Users/younghwankang/Work/LiveMetro/node_modules/jest-circus/build/run.js:126:9)
          at _runTestsForDescribeBlock (/Users/younghwankang/Work/LiveMetro/node_modules/jest-circus/build/run.js:121:9)
          at _runTestsForDescribeBlock (/Users/younghwankang/Work/LiveMetro/node_modules/jest-circus/build/run.js:121:9)
          at run (/Users/younghwankang/Work/LiveMetro/node_modules/jest-circus/build/run.js:71:3)
          at runAndTransformResultsToJestFormat (/Users/younghwankang/Work/LiveMetro/node_modules/jest-circus/build/legacy-code-todo-rewrite/jestAdapterInit.js:122:21)
          at jestAdapter (/Users/younghwankang/Work/LiveMetro/node_modules/jest-circus/build/legacy-code-todo-rewrite/jestAdapter.js:79:19)
          at runTestInternal (/Users/younghwankang/Work/LiveMetro/node_modules/jest-runner/build/runTest.js:367:16)
          at runTest (/Users/younghwankang/Work/LiveMetro/node_modules/jest-runner/build/runTest.js:444:34)
          at Object.worker (/Users/younghwankang/Work/LiveMetro/node_modules/jest-runner/build/testWorker.js:106:12)

      250 |       return filteredStations.slice(0, 20); // Limit results
      251 |     } catch (error) {
    > 252 |       console.error('Firebase error searching stations:', error);
          |               ^
      253 |       return []; // 에러 시 빈 배열 반환
      254 |     }
      255 |   }

      at TrainService.error (src/services/train/trainService.ts:252:15)
          at Generator.throw (<anonymous>)
      at asyncGeneratorStep (node_modules/@babel/runtime/helpers/asyncToGenerator.js:3:17)
      at _throw (node_modules/@babel/runtime/helpers/asyncToGenerator.js:20:9)

    console.error
      Firebase error fetching nearby stations: Error: Firebase error
          at Object.<anonymous> (/Users/younghwankang/Work/LiveMetro/src/services/train/__tests__/trainService.test.ts:425:37)
          at Generator.next (<anonymous>)
          at asyncGeneratorStep (/Users/younghwankang/Work/LiveMetro/node_modules/@babel/runtime/helpers/asyncToGenerator.js:3:17)
          at _next (/Users/younghwankang/Work/LiveMetro/node_modules/@babel/runtime/helpers/asyncToGenerator.js:17:9)
          at /Users/younghwankang/Work/LiveMetro/node_modules/@babel/runtime/helpers/asyncToGenerator.js:22:7
          at new Promise (<anonymous>)
          at Object.<anonymous> (/Users/younghwankang/Work/LiveMetro/node_modules/@babel/runtime/helpers/asyncToGenerator.js:14:12)
          at Promise.then.completed (/Users/younghwankang/Work/LiveMetro/node_modules/jest-circus/build/utils.js:298:28)
          at new Promise (<anonymous>)
          at callAsyncCircusFn (/Users/younghwankang/Work/LiveMetro/node_modules/jest-circus/build/utils.js:231:10)
          at _callCircusTest (/Users/younghwankang/Work/LiveMetro/node_modules/jest-circus/build/run.js:316:40)
          at processTicksAndRejections (node:internal/process/task_queues:103:5)
          at _runTest (/Users/younghwankang/Work/LiveMetro/node_modules/jest-circus/build/run.js:252:3)
          at _runTestsForDescribeBlock (/Users/younghwankang/Work/LiveMetro/node_modules/jest-circus/build/run.js:126:9)
          at _runTestsForDescribeBlock (/Users/younghwankang/Work/LiveMetro/node_modules/jest-circus/build/run.js:121:9)
          at _runTestsForDescribeBlock (/Users/younghwankang/Work/LiveMetro/node_modules/jest-circus/build/run.js:121:9)
          at run (/Users/younghwankang/Work/LiveMetro/node_modules/jest-circus/build/run.js:71:3)
          at runAndTransformResultsToJestFormat (/Users/younghwankang/Work/LiveMetro/node_modules/jest-circus/build/legacy-code-todo-rewrite/jestAdapterInit.js:122:21)
          at jestAdapter (/Users/younghwankang/Work/LiveMetro/node_modules/jest-circus/build/legacy-code-todo-rewrite/jestAdapter.js:79:19)
          at runTestInternal (/Users/younghwankang/Work/LiveMetro/node_modules/jest-runner/build/runTest.js:367:16)
          at runTest (/Users/younghwankang/Work/LiveMetro/node_modules/jest-runner/build/runTest.js:444:34)
          at Object.worker (/Users/younghwankang/Work/LiveMetro/node_modules/jest-runner/build/testWorker.js:106:12)

      292 |       return nearbyStations.slice(0, 10); // Return closest 10 stations
      293 |     } catch (error) {
    > 294 |       console.error('Firebase error fetching nearby stations:', error);
          |               ^
      295 |       return []; // 에러 시 빈 배열 반환
      296 |     }
      297 |   }

      at TrainService.error (src/services/train/trainService.ts:294:15)
          at Generator.throw (<anonymous>)
      at asyncGeneratorStep (node_modules/@babel/runtime/helpers/asyncToGenerator.js:3:17)
      at _throw (node_modules/@babel/runtime/helpers/asyncToGenerator.js:20:9)

    console.error
      Error fetching station schedule: Error: API error
          at Object.<anonymous> (/Users/younghwankang/Work/LiveMetro/src/services/train/__tests__/trainService.test.ts:452:58)
          at Generator.next (<anonymous>)
          at asyncGeneratorStep (/Users/younghwankang/Work/LiveMetro/node_modules/@babel/runtime/helpers/asyncToGenerator.js:3:17)
          at _next (/Users/younghwankang/Work/LiveMetro/node_modules/@babel/runtime/helpers/asyncToGenerator.js:17:9)
          at /Users/younghwankang/Work/LiveMetro/node_modules/@babel/runtime/helpers/asyncToGenerator.js:22:7
          at new Promise (<anonymous>)
          at Object.<anonymous> (/Users/younghwankang/Work/LiveMetro/node_modules/@babel/runtime/helpers/asyncToGenerator.js:14:12)
          at Promise.then.completed (/Users/younghwankang/Work/LiveMetro/node_modules/jest-circus/build/utils.js:298:28)
          at new Promise (<anonymous>)
          at callAsyncCircusFn (/Users/younghwankang/Work/LiveMetro/node_modules/jest-circus/build/utils.js:231:10)
          at _callCircusTest (/Users/younghwankang/Work/LiveMetro/node_modules/jest-circus/build/run.js:316:40)
          at processTicksAndRejections (node:internal/process/task_queues:103:5)
          at _runTest (/Users/younghwankang/Work/LiveMetro/node_modules/jest-circus/build/run.js:252:3)
          at _runTestsForDescribeBlock (/Users/younghwankang/Work/LiveMetro/node_modules/jest-circus/build/run.js:126:9)
          at _runTestsForDescribeBlock (/Users/younghwankang/Work/LiveMetro/node_modules/jest-circus/build/run.js:121:9)
          at _runTestsForDescribeBlock (/Users/younghwankang/Work/LiveMetro/node_modules/jest-circus/build/run.js:121:9)
          at run (/Users/younghwankang/Work/LiveMetro/node_modules/jest-circus/build/run.js:71:3)
          at runAndTransformResultsToJestFormat (/Users/younghwankang/Work/LiveMetro/node_modules/jest-circus/build/legacy-code-todo-rewrite/jestAdapterInit.js:122:21)
          at jestAdapter (/Users/younghwankang/Work/LiveMetro/node_modules/jest-circus/build/legacy-code-todo-rewrite/jestAdapter.js:79:19)
          at runTestInternal (/Users/younghwankang/Work/LiveMetro/node_modules/jest-runner/build/runTest.js:367:16)
          at runTest (/Users/younghwankang/Work/LiveMetro/node_modules/jest-runner/build/runTest.js:444:34)
          at Object.worker (/Users/younghwankang/Work/LiveMetro/node_modules/jest-runner/build/testWorker.js:106:12)

      342 |       return await seoulSubwayApi.getStationTimetable(stationCode, weekTag, direction);
      343 |     } catch (error) {
    > 344 |       console.error('Error fetching station schedule:', error);
          |               ^
      345 |       return [];
      346 |     }
      347 |   }

      at TrainService.error (src/services/train/trainService.ts:344:15)
          at Generator.throw (<anonymous>)
      at asyncGeneratorStep (node_modules/@babel/runtime/helpers/asyncToGenerator.js:3:17)
      at _throw (node_modules/@babel/runtime/helpers/asyncToGenerator.js:20:9)

PASS src/components/train/__tests__/TrainArrivalList.test.tsx
PASS src/hooks/__tests__/useAdjacentStations.test.ts
PASS src/utils/__tests__/mapLayout.test.ts
PASS src/components/train/__tests__/TrainArrivalCard.test.tsx
  ● Console

    console.error
      Warning: An update to ThemeProvider inside a test was not wrapped in act(...).
      
      When testing, code that causes React state updates should be wrapped into act(...):
      
      act(() => {
        /* fire events that update state */
      });
      /* assert on the output */
      
      This ensures that you're testing the behavior the user would see in the browser. Learn more at https://reactjs.org/link/wrap-tests-with-act
          at children (/Users/younghwankang/Work/LiveMetro/src/services/theme/themeContext.tsx:146:63)
          at children (/Users/younghwankang/Work/LiveMetro/src/components/train/__tests__/TrainArrivalCard.test.tsx:29:22)

      160 |         console.error('Error loading theme preference:', error);
      161 |       } finally {
    > 162 |         setIsLoading(false);
          |         ^
      163 |       }
      164 |     };
      165 |

      at printWarning (node_modules/react-test-renderer/cjs/react-test-renderer.development.js:72:30)
      at error (node_modules/react-test-renderer/cjs/react-test-renderer.development.js:46:7)
      at warnIfUpdatesNotWrappedWithActDEV (node_modules/react-test-renderer/cjs/react-test-renderer.development.js:16677:9)
      at scheduleUpdateOnFiber (node_modules/react-test-renderer/cjs/react-test-renderer.development.js:14877:5)
      at dispatchSetState (node_modules/react-test-renderer/cjs/react-test-renderer.development.js:7510:7)
      at setIsLoading (src/services/theme/themeContext.tsx:162:9)
      at asyncGeneratorStep (node_modules/@babel/runtime/helpers/asyncToGenerator.js:3:17)
      at _next (node_modules/@babel/runtime/helpers/asyncToGenerator.js:17:9)

    console.error
      Warning: An update to ThemeProvider inside a test was not wrapped in act(...).
      
      When testing, code that causes React state updates should be wrapped into act(...):
      
      act(() => {
        /* fire events that update state */
      });
      /* assert on the output */
      
      This ensures that you're testing the behavior the user would see in the browser. Learn more at https://reactjs.org/link/wrap-tests-with-act
          at children (/Users/younghwankang/Work/LiveMetro/src/services/theme/themeContext.tsx:146:63)
          at children (/Users/younghwankang/Work/LiveMetro/src/components/train/__tests__/TrainArrivalCard.test.tsx:29:22)

      160 |         console.error('Error loading theme preference:', error);
      161 |       } finally {
    > 162 |         setIsLoading(false);
          |         ^
      163 |       }
      164 |     };
      165 |

      at printWarning (node_modules/react-test-renderer/cjs/react-test-renderer.development.js:72:30)
      at error (node_modules/react-test-renderer/cjs/react-test-renderer.development.js:46:7)
      at warnIfUpdatesNotWrappedWithActDEV (node_modules/react-test-renderer/cjs/react-test-renderer.development.js:16677:9)
      at scheduleUpdateOnFiber (node_modules/react-test-renderer/cjs/react-test-renderer.development.js:14877:5)
      at dispatchSetState (node_modules/react-test-renderer/cjs/react-test-renderer.development.js:7510:7)
      at setIsLoading (src/services/theme/themeContext.tsx:162:9)
      at asyncGeneratorStep (node_modules/@babel/runtime/helpers/asyncToGenerator.js:3:17)
      at _next (node_modules/@babel/runtime/helpers/asyncToGenerator.js:17:9)

    console.error
      Warning: An update to ThemeProvider inside a test was not wrapped in act(...).
      
      When testing, code that causes React state updates should be wrapped into act(...):
      
      act(() => {
        /* fire events that update state */
      });
      /* assert on the output */
      
      This ensures that you're testing the behavior the user would see in the browser. Learn more at https://reactjs.org/link/wrap-tests-with-act
          at children (/Users/younghwankang/Work/LiveMetro/src/services/theme/themeContext.tsx:146:63)
          at children (/Users/younghwankang/Work/LiveMetro/src/components/train/__tests__/TrainArrivalCard.test.tsx:29:22)

      160 |         console.error('Error loading theme preference:', error);
      161 |       } finally {
    > 162 |         setIsLoading(false);
          |         ^
      163 |       }
      164 |     };
      165 |

      at printWarning (node_modules/react-test-renderer/cjs/react-test-renderer.development.js:72:30)
      at error (node_modules/react-test-renderer/cjs/react-test-renderer.development.js:46:7)
      at warnIfUpdatesNotWrappedWithActDEV (node_modules/react-test-renderer/cjs/react-test-renderer.development.js:16677:9)
      at scheduleUpdateOnFiber (node_modules/react-test-renderer/cjs/react-test-renderer.development.js:14877:5)
      at dispatchSetState (node_modules/react-test-renderer/cjs/react-test-renderer.development.js:7510:7)
      at setIsLoading (src/services/theme/themeContext.tsx:162:9)
      at asyncGeneratorStep (node_modules/@babel/runtime/helpers/asyncToGenerator.js:3:17)
      at _next (node_modules/@babel/runtime/helpers/asyncToGenerator.js:17:9)

    console.error
      Warning: An update to ThemeProvider inside a test was not wrapped in act(...).
      
      When testing, code that causes React state updates should be wrapped into act(...):
      
      act(() => {
        /* fire events that update state */
      });
      /* assert on the output */
      
      This ensures that you're testing the behavior the user would see in the browser. Learn more at https://reactjs.org/link/wrap-tests-with-act
          at children (/Users/younghwankang/Work/LiveMetro/src/services/theme/themeContext.tsx:146:63)
          at children (/Users/younghwankang/Work/LiveMetro/src/components/train/__tests__/TrainArrivalCard.test.tsx:29:22)

      160 |         console.error('Error loading theme preference:', error);
      161 |       } finally {
    > 162 |         setIsLoading(false);
          |         ^
      163 |       }
      164 |     };
      165 |

      at printWarning (node_modules/react-test-renderer/cjs/react-test-renderer.development.js:72:30)
      at error (node_modules/react-test-renderer/cjs/react-test-renderer.development.js:46:7)
      at warnIfUpdatesNotWrappedWithActDEV (node_modules/react-test-renderer/cjs/react-test-renderer.development.js:16677:9)
      at scheduleUpdateOnFiber (node_modules/react-test-renderer/cjs/react-test-renderer.development.js:14877:5)
      at dispatchSetState (node_modules/react-test-renderer/cjs/react-test-renderer.development.js:7510:7)
      at setIsLoading (src/services/theme/themeContext.tsx:162:9)
      at asyncGeneratorStep (node_modules/@babel/runtime/helpers/asyncToGenerator.js:3:17)
      at _next (node_modules/@babel/runtime/helpers/asyncToGenerator.js:17:9)

    console.error
      Warning: An update to ThemeProvider inside a test was not wrapped in act(...).
      
      When testing, code that causes React state updates should be wrapped into act(...):
      
      act(() => {
        /* fire events that update state */
      });
      /* assert on the output */
      
      This ensures that you're testing the behavior the user would see in the browser. Learn more at https://reactjs.org/link/wrap-tests-with-act
          at children (/Users/younghwankang/Work/LiveMetro/src/services/theme/themeContext.tsx:146:63)
          at children (/Users/younghwankang/Work/LiveMetro/src/components/train/__tests__/TrainArrivalCard.test.tsx:29:22)

      160 |         console.error('Error loading theme preference:', error);
      161 |       } finally {
    > 162 |         setIsLoading(false);
          |         ^
      163 |       }
      164 |     };
      165 |

      at printWarning (node_modules/react-test-renderer/cjs/react-test-renderer.development.js:72:30)
      at error (node_modules/react-test-renderer/cjs/react-test-renderer.development.js:46:7)
      at warnIfUpdatesNotWrappedWithActDEV (node_modules/react-test-renderer/cjs/react-test-renderer.development.js:16677:9)
      at scheduleUpdateOnFiber (node_modules/react-test-renderer/cjs/react-test-renderer.development.js:14877:5)
      at dispatchSetState (node_modules/react-test-renderer/cjs/react-test-renderer.development.js:7510:7)
      at setIsLoading (src/services/theme/themeContext.tsx:162:9)
      at asyncGeneratorStep (node_modules/@babel/runtime/helpers/asyncToGenerator.js:3:17)
      at _next (node_modules/@babel/runtime/helpers/asyncToGenerator.js:17:9)

    console.error
      Warning: An update to ThemeProvider inside a test was not wrapped in act(...).
      
      When testing, code that causes React state updates should be wrapped into act(...):
      
      act(() => {
        /* fire events that update state */
      });
      /* assert on the output */
      
      This ensures that you're testing the behavior the user would see in the browser. Learn more at https://reactjs.org/link/wrap-tests-with-act
          at children (/Users/younghwankang/Work/LiveMetro/src/services/theme/themeContext.tsx:146:63)
          at children (/Users/younghwankang/Work/LiveMetro/src/components/train/__tests__/TrainArrivalCard.test.tsx:29:22)

      160 |         console.error('Error loading theme preference:', error);
      161 |       } finally {
    > 162 |         setIsLoading(false);
          |         ^
      163 |       }
      164 |     };
      165 |

      at printWarning (node_modules/react-test-renderer/cjs/react-test-renderer.development.js:72:30)
      at error (node_modules/react-test-renderer/cjs/react-test-renderer.development.js:46:7)
      at warnIfUpdatesNotWrappedWithActDEV (node_modules/react-test-renderer/cjs/react-test-renderer.development.js:16677:9)
      at scheduleUpdateOnFiber (node_modules/react-test-renderer/cjs/react-test-renderer.development.js:14877:5)
      at dispatchSetState (node_modules/react-test-renderer/cjs/react-test-renderer.development.js:7510:7)
      at setIsLoading (src/services/theme/themeContext.tsx:162:9)
      at asyncGeneratorStep (node_modules/@babel/runtime/helpers/asyncToGenerator.js:3:17)
      at _next (node_modules/@babel/runtime/helpers/asyncToGenerator.js:17:9)

    console.error
      Warning: An update to ThemeProvider inside a test was not wrapped in act(...).
      
      When testing, code that causes React state updates should be wrapped into act(...):
      
      act(() => {
        /* fire events that update state */
      });
      /* assert on the output */
      
      This ensures that you're testing the behavior the user would see in the browser. Learn more at https://reactjs.org/link/wrap-tests-with-act
          at children (/Users/younghwankang/Work/LiveMetro/src/services/theme/themeContext.tsx:146:63)
          at children (/Users/younghwankang/Work/LiveMetro/src/components/train/__tests__/TrainArrivalCard.test.tsx:29:22)

      160 |         console.error('Error loading theme preference:', error);
      161 |       } finally {
    > 162 |         setIsLoading(false);
          |         ^
      163 |       }
      164 |     };
      165 |

      at printWarning (node_modules/react-test-renderer/cjs/react-test-renderer.development.js:72:30)
      at error (node_modules/react-test-renderer/cjs/react-test-renderer.development.js:46:7)
      at warnIfUpdatesNotWrappedWithActDEV (node_modules/react-test-renderer/cjs/react-test-renderer.development.js:16677:9)
      at scheduleUpdateOnFiber (node_modules/react-test-renderer/cjs/react-test-renderer.development.js:14877:5)
      at dispatchSetState (node_modules/react-test-renderer/cjs/react-test-renderer.development.js:7510:7)
      at setIsLoading (src/services/theme/themeContext.tsx:162:9)
      at asyncGeneratorStep (node_modules/@babel/runtime/helpers/asyncToGenerator.js:3:17)
      at _next (node_modules/@babel/runtime/helpers/asyncToGenerator.js:17:9)

    console.error
      Warning: An update to ThemeProvider inside a test was not wrapped in act(...).
      
      When testing, code that causes React state updates should be wrapped into act(...):
      
      act(() => {
        /* fire events that update state */
      });
      /* assert on the output */
      
      This ensures that you're testing the behavior the user would see in the browser. Learn more at https://reactjs.org/link/wrap-tests-with-act
          at children (/Users/younghwankang/Work/LiveMetro/src/services/theme/themeContext.tsx:146:63)
          at children (/Users/younghwankang/Work/LiveMetro/src/components/train/__tests__/TrainArrivalCard.test.tsx:29:22)

      160 |         console.error('Error loading theme preference:', error);
      161 |       } finally {
    > 162 |         setIsLoading(false);
          |         ^
      163 |       }
      164 |     };
      165 |

      at printWarning (node_modules/react-test-renderer/cjs/react-test-renderer.development.js:72:30)
      at error (node_modules/react-test-renderer/cjs/react-test-renderer.development.js:46:7)
      at warnIfUpdatesNotWrappedWithActDEV (node_modules/react-test-renderer/cjs/react-test-renderer.development.js:16677:9)
      at scheduleUpdateOnFiber (node_modules/react-test-renderer/cjs/react-test-renderer.development.js:14877:5)
      at dispatchSetState (node_modules/react-test-renderer/cjs/react-test-renderer.development.js:7510:7)
      at setIsLoading (src/services/theme/themeContext.tsx:162:9)
      at asyncGeneratorStep (node_modules/@babel/runtime/helpers/asyncToGenerator.js:3:17)
      at _next (node_modules/@babel/runtime/helpers/asyncToGenerator.js:17:9)

    console.error
      Warning: An update to ThemeProvider inside a test was not wrapped in act(...).
      
      When testing, code that causes React state updates should be wrapped into act(...):
      
      act(() => {
        /* fire events that update state */
      });
      /* assert on the output */
      
      This ensures that you're testing the behavior the user would see in the browser. Learn more at https://reactjs.org/link/wrap-tests-with-act
          at children (/Users/younghwankang/Work/LiveMetro/src/services/theme/themeContext.tsx:146:63)
          at children (/Users/younghwankang/Work/LiveMetro/src/components/train/__tests__/TrainArrivalCard.test.tsx:29:22)

      160 |         console.error('Error loading theme preference:', error);
      161 |       } finally {
    > 162 |         setIsLoading(false);
          |         ^
      163 |       }
      164 |     };
      165 |

      at printWarning (node_modules/react-test-renderer/cjs/react-test-renderer.development.js:72:30)
      at error (node_modules/react-test-renderer/cjs/react-test-renderer.development.js:46:7)
      at warnIfUpdatesNotWrappedWithActDEV (node_modules/react-test-renderer/cjs/react-test-renderer.development.js:16677:9)
      at scheduleUpdateOnFiber (node_modules/react-test-renderer/cjs/react-test-renderer.development.js:14877:5)
      at dispatchSetState (node_modules/react-test-renderer/cjs/react-test-renderer.development.js:7510:7)
      at setIsLoading (src/services/theme/themeContext.tsx:162:9)
      at asyncGeneratorStep (node_modules/@babel/runtime/helpers/asyncToGenerator.js:3:17)
      at _next (node_modules/@babel/runtime/helpers/asyncToGenerator.js:17:9)

    console.error
      Warning: An update to ThemeProvider inside a test was not wrapped in act(...).
      
      When testing, code that causes React state updates should be wrapped into act(...):
      
      act(() => {
        /* fire events that update state */
      });
      /* assert on the output */
      
      This ensures that you're testing the behavior the user would see in the browser. Learn more at https://reactjs.org/link/wrap-tests-with-act
          at children (/Users/younghwankang/Work/LiveMetro/src/services/theme/themeContext.tsx:146:63)
          at children (/Users/younghwankang/Work/LiveMetro/src/components/train/__tests__/TrainArrivalCard.test.tsx:29:22)

      160 |         console.error('Error loading theme preference:', error);
      161 |       } finally {
    > 162 |         setIsLoading(false);
          |         ^
      163 |       }
      164 |     };
      165 |

      at printWarning (node_modules/react-test-renderer/cjs/react-test-renderer.development.js:72:30)
      at error (node_modules/react-test-renderer/cjs/react-test-renderer.development.js:46:7)
      at warnIfUpdatesNotWrappedWithActDEV (node_modules/react-test-renderer/cjs/react-test-renderer.development.js:16677:9)
      at scheduleUpdateOnFiber (node_modules/react-test-renderer/cjs/react-test-renderer.development.js:14877:5)
      at dispatchSetState (node_modules/react-test-renderer/cjs/react-test-renderer.development.js:7510:7)
      at setIsLoading (src/services/theme/themeContext.tsx:162:9)
      at asyncGeneratorStep (node_modules/@babel/runtime/helpers/asyncToGenerator.js:3:17)
      at _next (node_modules/@babel/runtime/helpers/asyncToGenerator.js:17:9)

    console.error
      Warning: An update to ThemeProvider inside a test was not wrapped in act(...).
      
      When testing, code that causes React state updates should be wrapped into act(...):
      
      act(() => {
        /* fire events that update state */
      });
      /* assert on the output */
      
      This ensures that you're testing the behavior the user would see in the browser. Learn more at https://reactjs.org/link/wrap-tests-with-act
          at children (/Users/younghwankang/Work/LiveMetro/src/services/theme/themeContext.tsx:146:63)
          at children (/Users/younghwankang/Work/LiveMetro/src/components/train/__tests__/TrainArrivalCard.test.tsx:29:22)

      160 |         console.error('Error loading theme preference:', error);
      161 |       } finally {
    > 162 |         setIsLoading(false);
          |         ^
      163 |       }
      164 |     };
      165 |

      at printWarning (node_modules/react-test-renderer/cjs/react-test-renderer.development.js:72:30)
      at error (node_modules/react-test-renderer/cjs/react-test-renderer.development.js:46:7)
      at warnIfUpdatesNotWrappedWithActDEV (node_modules/react-test-renderer/cjs/react-test-renderer.development.js:16677:9)
      at scheduleUpdateOnFiber (node_modules/react-test-renderer/cjs/react-test-renderer.development.js:14877:5)
      at dispatchSetState (node_modules/react-test-renderer/cjs/react-test-renderer.development.js:7510:7)
      at setIsLoading (src/services/theme/themeContext.tsx:162:9)
      at asyncGeneratorStep (node_modules/@babel/runtime/helpers/asyncToGenerator.js:3:17)
      at _next (node_modules/@babel/runtime/helpers/asyncToGenerator.js:17:9)

    console.error
      Warning: An update to ThemeProvider inside a test was not wrapped in act(...).
      
      When testing, code that causes React state updates should be wrapped into act(...):
      
      act(() => {
        /* fire events that update state */
      });
      /* assert on the output */
      
      This ensures that you're testing the behavior the user would see in the browser. Learn more at https://reactjs.org/link/wrap-tests-with-act
          at children (/Users/younghwankang/Work/LiveMetro/src/services/theme/themeContext.tsx:146:63)
          at children (/Users/younghwankang/Work/LiveMetro/src/components/train/__tests__/TrainArrivalCard.test.tsx:29:22)

      160 |         console.error('Error loading theme preference:', error);
      161 |       } finally {
    > 162 |         setIsLoading(false);
          |         ^
      163 |       }
      164 |     };
      165 |

      at printWarning (node_modules/react-test-renderer/cjs/react-test-renderer.development.js:72:30)
      at error (node_modules/react-test-renderer/cjs/react-test-renderer.development.js:46:7)
      at warnIfUpdatesNotWrappedWithActDEV (node_modules/react-test-renderer/cjs/react-test-renderer.development.js:16677:9)
      at scheduleUpdateOnFiber (node_modules/react-test-renderer/cjs/react-test-renderer.development.js:14877:5)
      at dispatchSetState (node_modules/react-test-renderer/cjs/react-test-renderer.development.js:7510:7)
      at setIsLoading (src/services/theme/themeContext.tsx:162:9)
      at asyncGeneratorStep (node_modules/@babel/runtime/helpers/asyncToGenerator.js:3:17)
      at _next (node_modules/@babel/runtime/helpers/asyncToGenerator.js:17:9)

    console.error
      Warning: An update to ThemeProvider inside a test was not wrapped in act(...).
      
      When testing, code that causes React state updates should be wrapped into act(...):
      
      act(() => {
        /* fire events that update state */
      });
      /* assert on the output */
      
      This ensures that you're testing the behavior the user would see in the browser. Learn more at https://reactjs.org/link/wrap-tests-with-act
          at children (/Users/younghwankang/Work/LiveMetro/src/services/theme/themeContext.tsx:146:63)
          at children (/Users/younghwankang/Work/LiveMetro/src/components/train/__tests__/TrainArrivalCard.test.tsx:29:22)

      160 |         console.error('Error loading theme preference:', error);
      161 |       } finally {
    > 162 |         setIsLoading(false);
          |         ^
      163 |       }
      164 |     };
      165 |

      at printWarning (node_modules/react-test-renderer/cjs/react-test-renderer.development.js:72:30)
      at error (node_modules/react-test-renderer/cjs/react-test-renderer.development.js:46:7)
      at warnIfUpdatesNotWrappedWithActDEV (node_modules/react-test-renderer/cjs/react-test-renderer.development.js:16677:9)
      at scheduleUpdateOnFiber (node_modules/react-test-renderer/cjs/react-test-renderer.development.js:14877:5)
      at dispatchSetState (node_modules/react-test-renderer/cjs/react-test-renderer.development.js:7510:7)
      at setIsLoading (src/services/theme/themeContext.tsx:162:9)
      at asyncGeneratorStep (node_modules/@babel/runtime/helpers/asyncToGenerator.js:3:17)
      at _next (node_modules/@babel/runtime/helpers/asyncToGenerator.js:17:9)

    console.error
      Warning: An update to ThemeProvider inside a test was not wrapped in act(...).
      
      When testing, code that causes React state updates should be wrapped into act(...):
      
      act(() => {
        /* fire events that update state */
      });
      /* assert on the output */
      
      This ensures that you're testing the behavior the user would see in the browser. Learn more at https://reactjs.org/link/wrap-tests-with-act
          at children (/Users/younghwankang/Work/LiveMetro/src/services/theme/themeContext.tsx:146:63)
          at children (/Users/younghwankang/Work/LiveMetro/src/components/train/__tests__/TrainArrivalCard.test.tsx:29:22)

      160 |         console.error('Error loading theme preference:', error);
      161 |       } finally {
    > 162 |         setIsLoading(false);
          |         ^
      163 |       }
      164 |     };
      165 |

      at printWarning (node_modules/react-test-renderer/cjs/react-test-renderer.development.js:72:30)
      at error (node_modules/react-test-renderer/cjs/react-test-renderer.development.js:46:7)
      at warnIfUpdatesNotWrappedWithActDEV (node_modules/react-test-renderer/cjs/react-test-renderer.development.js:16677:9)
      at scheduleUpdateOnFiber (node_modules/react-test-renderer/cjs/react-test-renderer.development.js:14877:5)
      at dispatchSetState (node_modules/react-test-renderer/cjs/react-test-renderer.development.js:7510:7)
      at setIsLoading (src/services/theme/themeContext.tsx:162:9)
      at asyncGeneratorStep (node_modules/@babel/runtime/helpers/asyncToGenerator.js:3:17)
      at _next (node_modules/@babel/runtime/helpers/asyncToGenerator.js:17:9)

    console.error
      Warning: An update to ThemeProvider inside a test was not wrapped in act(...).
      
      When testing, code that causes React state updates should be wrapped into act(...):
      
      act(() => {
        /* fire events that update state */
      });
      /* assert on the output */
      
      This ensures that you're testing the behavior the user would see in the browser. Learn more at https://reactjs.org/link/wrap-tests-with-act
          at children (/Users/younghwankang/Work/LiveMetro/src/services/theme/themeContext.tsx:146:63)
          at children (/Users/younghwankang/Work/LiveMetro/src/components/train/__tests__/TrainArrivalCard.test.tsx:29:22)

      160 |         console.error('Error loading theme preference:', error);
      161 |       } finally {
    > 162 |         setIsLoading(false);
          |         ^
      163 |       }
      164 |     };
      165 |

      at printWarning (node_modules/react-test-renderer/cjs/react-test-renderer.development.js:72:30)
      at error (node_modules/react-test-renderer/cjs/react-test-renderer.development.js:46:7)
      at warnIfUpdatesNotWrappedWithActDEV (node_modules/react-test-renderer/cjs/react-test-renderer.development.js:16677:9)
      at scheduleUpdateOnFiber (node_modules/react-test-renderer/cjs/react-test-renderer.development.js:14877:5)
      at dispatchSetState (node_modules/react-test-renderer/cjs/react-test-renderer.development.js:7510:7)
      at setIsLoading (src/services/theme/themeContext.tsx:162:9)
      at asyncGeneratorStep (node_modules/@babel/runtime/helpers/asyncToGenerator.js:3:17)
      at _next (node_modules/@babel/runtime/helpers/asyncToGenerator.js:17:9)

    console.error
      Warning: An update to ThemeProvider inside a test was not wrapped in act(...).
      
      When testing, code that causes React state updates should be wrapped into act(...):
      
      act(() => {
        /* fire events that update state */
      });
      /* assert on the output */
      
      This ensures that you're testing the behavior the user would see in the browser. Learn more at https://reactjs.org/link/wrap-tests-with-act
          at children (/Users/younghwankang/Work/LiveMetro/src/services/theme/themeContext.tsx:146:63)
          at children (/Users/younghwankang/Work/LiveMetro/src/components/train/__tests__/TrainArrivalCard.test.tsx:29:22)

      160 |         console.error('Error loading theme preference:', error);
      161 |       } finally {
    > 162 |         setIsLoading(false);
          |         ^
      163 |       }
      164 |     };
      165 |

      at printWarning (node_modules/react-test-renderer/cjs/react-test-renderer.development.js:72:30)
      at error (node_modules/react-test-renderer/cjs/react-test-renderer.development.js:46:7)
      at warnIfUpdatesNotWrappedWithActDEV (node_modules/react-test-renderer/cjs/react-test-renderer.development.js:16677:9)
      at scheduleUpdateOnFiber (node_modules/react-test-renderer/cjs/react-test-renderer.development.js:14877:5)
      at dispatchSetState (node_modules/react-test-renderer/cjs/react-test-renderer.development.js:7510:7)
      at setIsLoading (src/services/theme/themeContext.tsx:162:9)
      at asyncGeneratorStep (node_modules/@babel/runtime/helpers/asyncToGenerator.js:3:17)
      at _next (node_modules/@babel/runtime/helpers/asyncToGenerator.js:17:9)

    console.error
      Warning: An update to ThemeProvider inside a test was not wrapped in act(...).
      
      When testing, code that causes React state updates should be wrapped into act(...):
      
      act(() => {
        /* fire events that update state */
      });
      /* assert on the output */
      
      This ensures that you're testing the behavior the user would see in the browser. Learn more at https://reactjs.org/link/wrap-tests-with-act
          at children (/Users/younghwankang/Work/LiveMetro/src/services/theme/themeContext.tsx:146:63)
          at children (/Users/younghwankang/Work/LiveMetro/src/components/train/__tests__/TrainArrivalCard.test.tsx:29:22)

      160 |         console.error('Error loading theme preference:', error);
      161 |       } finally {
    > 162 |         setIsLoading(false);
          |         ^
      163 |       }
      164 |     };
      165 |

      at printWarning (node_modules/react-test-renderer/cjs/react-test-renderer.development.js:72:30)
      at error (node_modules/react-test-renderer/cjs/react-test-renderer.development.js:46:7)
      at warnIfUpdatesNotWrappedWithActDEV (node_modules/react-test-renderer/cjs/react-test-renderer.development.js:16677:9)
      at scheduleUpdateOnFiber (node_modules/react-test-renderer/cjs/react-test-renderer.development.js:14877:5)
      at dispatchSetState (node_modules/react-test-renderer/cjs/react-test-renderer.development.js:7510:7)
      at setIsLoading (src/services/theme/themeContext.tsx:162:9)
      at asyncGeneratorStep (node_modules/@babel/runtime/helpers/asyncToGenerator.js:3:17)
      at _next (node_modules/@babel/runtime/helpers/asyncToGenerator.js:17:9)

    console.error
      Warning: An update to ThemeProvider inside a test was not wrapped in act(...).
      
      When testing, code that causes React state updates should be wrapped into act(...):
      
      act(() => {
        /* fire events that update state */
      });
      /* assert on the output */
      
      This ensures that you're testing the behavior the user would see in the browser. Learn more at https://reactjs.org/link/wrap-tests-with-act
          at children (/Users/younghwankang/Work/LiveMetro/src/services/theme/themeContext.tsx:146:63)
          at children (/Users/younghwankang/Work/LiveMetro/src/components/train/__tests__/TrainArrivalCard.test.tsx:29:22)

      160 |         console.error('Error loading theme preference:', error);
      161 |       } finally {
    > 162 |         setIsLoading(false);
          |         ^
      163 |       }
      164 |     };
      165 |

      at printWarning (node_modules/react-test-renderer/cjs/react-test-renderer.development.js:72:30)
      at error (node_modules/react-test-renderer/cjs/react-test-renderer.development.js:46:7)
      at warnIfUpdatesNotWrappedWithActDEV (node_modules/react-test-renderer/cjs/react-test-renderer.development.js:16677:9)
      at scheduleUpdateOnFiber (node_modules/react-test-renderer/cjs/react-test-renderer.development.js:14877:5)
      at dispatchSetState (node_modules/react-test-renderer/cjs/react-test-renderer.development.js:7510:7)
      at setIsLoading (src/services/theme/themeContext.tsx:162:9)
      at asyncGeneratorStep (node_modules/@babel/runtime/helpers/asyncToGenerator.js:3:17)
      at _next (node_modules/@babel/runtime/helpers/asyncToGenerator.js:17:9)

    console.error
      Warning: An update to ThemeProvider inside a test was not wrapped in act(...).
      
      When testing, code that causes React state updates should be wrapped into act(...):
      
      act(() => {
        /* fire events that update state */
      });
      /* assert on the output */
      
      This ensures that you're testing the behavior the user would see in the browser. Learn more at https://reactjs.org/link/wrap-tests-with-act
          at children (/Users/younghwankang/Work/LiveMetro/src/services/theme/themeContext.tsx:146:63)
          at children (/Users/younghwankang/Work/LiveMetro/src/components/train/__tests__/TrainArrivalCard.test.tsx:29:22)

      160 |         console.error('Error loading theme preference:', error);
      161 |       } finally {
    > 162 |         setIsLoading(false);
          |         ^
      163 |       }
      164 |     };
      165 |

      at printWarning (node_modules/react-test-renderer/cjs/react-test-renderer.development.js:72:30)
      at error (node_modules/react-test-renderer/cjs/react-test-renderer.development.js:46:7)
      at warnIfUpdatesNotWrappedWithActDEV (node_modules/react-test-renderer/cjs/react-test-renderer.development.js:16677:9)
      at scheduleUpdateOnFiber (node_modules/react-test-renderer/cjs/react-test-renderer.development.js:14877:5)
      at dispatchSetState (node_modules/react-test-renderer/cjs/react-test-renderer.development.js:7510:7)
      at setIsLoading (src/services/theme/themeContext.tsx:162:9)
      at asyncGeneratorStep (node_modules/@babel/runtime/helpers/asyncToGenerator.js:3:17)
      at _next (node_modules/@babel/runtime/helpers/asyncToGenerator.js:17:9)

    console.error
      Warning: An update to ThemeProvider inside a test was not wrapped in act(...).
      
      When testing, code that causes React state updates should be wrapped into act(...):
      
      act(() => {
        /* fire events that update state */
      });
      /* assert on the output */
      
      This ensures that you're testing the behavior the user would see in the browser. Learn more at https://reactjs.org/link/wrap-tests-with-act
          at children (/Users/younghwankang/Work/LiveMetro/src/services/theme/themeContext.tsx:146:63)
          at children (/Users/younghwankang/Work/LiveMetro/src/components/train/__tests__/TrainArrivalCard.test.tsx:29:22)

      160 |         console.error('Error loading theme preference:', error);
      161 |       } finally {
    > 162 |         setIsLoading(false);
          |         ^
      163 |       }
      164 |     };
      165 |

      at printWarning (node_modules/react-test-renderer/cjs/react-test-renderer.development.js:72:30)
      at error (node_modules/react-test-renderer/cjs/react-test-renderer.development.js:46:7)
      at warnIfUpdatesNotWrappedWithActDEV (node_modules/react-test-renderer/cjs/react-test-renderer.development.js:16677:9)
      at scheduleUpdateOnFiber (node_modules/react-test-renderer/cjs/react-test-renderer.development.js:14877:5)
      at dispatchSetState (node_modules/react-test-renderer/cjs/react-test-renderer.development.js:7510:7)
      at setIsLoading (src/services/theme/themeContext.tsx:162:9)
      at asyncGeneratorStep (node_modules/@babel/runtime/helpers/asyncToGenerator.js:3:17)
      at _next (node_modules/@babel/runtime/helpers/asyncToGenerator.js:17:9)

    console.error
      Warning: An update to ThemeProvider inside a test was not wrapped in act(...).
      
      When testing, code that causes React state updates should be wrapped into act(...):
      
      act(() => {
        /* fire events that update state */
      });
      /* assert on the output */
      
      This ensures that you're testing the behavior the user would see in the browser. Learn more at https://reactjs.org/link/wrap-tests-with-act
          at children (/Users/younghwankang/Work/LiveMetro/src/services/theme/themeContext.tsx:146:63)
          at children (/Users/younghwankang/Work/LiveMetro/src/components/train/__tests__/TrainArrivalCard.test.tsx:29:22)

      160 |         console.error('Error loading theme preference:', error);
      161 |       } finally {
    > 162 |         setIsLoading(false);
          |         ^
      163 |       }
      164 |     };
      165 |

      at printWarning (node_modules/react-test-renderer/cjs/react-test-renderer.development.js:72:30)
      at error (node_modules/react-test-renderer/cjs/react-test-renderer.development.js:46:7)
      at warnIfUpdatesNotWrappedWithActDEV (node_modules/react-test-renderer/cjs/react-test-renderer.development.js:16677:9)
      at scheduleUpdateOnFiber (node_modules/react-test-renderer/cjs/react-test-renderer.development.js:14877:5)
      at dispatchSetState (node_modules/react-test-renderer/cjs/react-test-renderer.development.js:7510:7)
      at setIsLoading (src/services/theme/themeContext.tsx:162:9)
      at asyncGeneratorStep (node_modules/@babel/runtime/helpers/asyncToGenerator.js:3:17)
      at _next (node_modules/@babel/runtime/helpers/asyncToGenerator.js:17:9)

    console.error
      Warning: An update to ThemeProvider inside a test was not wrapped in act(...).
      
      When testing, code that causes React state updates should be wrapped into act(...):
      
      act(() => {
        /* fire events that update state */
      });
      /* assert on the output */
      
      This ensures that you're testing the behavior the user would see in the browser. Learn more at https://reactjs.org/link/wrap-tests-with-act
          at children (/Users/younghwankang/Work/LiveMetro/src/services/theme/themeContext.tsx:146:63)
          at children (/Users/younghwankang/Work/LiveMetro/src/components/train/__tests__/TrainArrivalCard.test.tsx:29:22)

      160 |         console.error('Error loading theme preference:', error);
      161 |       } finally {
    > 162 |         setIsLoading(false);
          |         ^
      163 |       }
      164 |     };
      165 |

      at printWarning (node_modules/react-test-renderer/cjs/react-test-renderer.development.js:72:30)
      at error (node_modules/react-test-renderer/cjs/react-test-renderer.development.js:46:7)
      at warnIfUpdatesNotWrappedWithActDEV (node_modules/react-test-renderer/cjs/react-test-renderer.development.js:16677:9)
      at scheduleUpdateOnFiber (node_modules/react-test-renderer/cjs/react-test-renderer.development.js:14877:5)
      at dispatchSetState (node_modules/react-test-renderer/cjs/react-test-renderer.development.js:7510:7)
      at setIsLoading (src/services/theme/themeContext.tsx:162:9)
      at asyncGeneratorStep (node_modules/@babel/runtime/helpers/asyncToGenerator.js:3:17)
      at _next (node_modules/@babel/runtime/helpers/asyncToGenerator.js:17:9)

    console.error
      Warning: An update to ThemeProvider inside a test was not wrapped in act(...).
      
      When testing, code that causes React state updates should be wrapped into act(...):
      
      act(() => {
        /* fire events that update state */
      });
      /* assert on the output */
      
      This ensures that you're testing the behavior the user would see in the browser. Learn more at https://reactjs.org/link/wrap-tests-with-act
          at children (/Users/younghwankang/Work/LiveMetro/src/services/theme/themeContext.tsx:146:63)
          at children (/Users/younghwankang/Work/LiveMetro/src/components/train/__tests__/TrainArrivalCard.test.tsx:29:22)

      160 |         console.error('Error loading theme preference:', error);
      161 |       } finally {
    > 162 |         setIsLoading(false);
          |         ^
      163 |       }
      164 |     };
      165 |

      at printWarning (node_modules/react-test-renderer/cjs/react-test-renderer.development.js:72:30)
      at error (node_modules/react-test-renderer/cjs/react-test-renderer.development.js:46:7)
      at warnIfUpdatesNotWrappedWithActDEV (node_modules/react-test-renderer/cjs/react-test-renderer.development.js:16677:9)
      at scheduleUpdateOnFiber (node_modules/react-test-renderer/cjs/react-test-renderer.development.js:14877:5)
      at dispatchSetState (node_modules/react-test-renderer/cjs/react-test-renderer.development.js:7510:7)
      at setIsLoading (src/services/theme/themeContext.tsx:162:9)
      at asyncGeneratorStep (node_modules/@babel/runtime/helpers/asyncToGenerator.js:3:17)
      at _next (node_modules/@babel/runtime/helpers/asyncToGenerator.js:17:9)

    console.error
      Warning: An update to ThemeProvider inside a test was not wrapped in act(...).
      
      When testing, code that causes React state updates should be wrapped into act(...):
      
      act(() => {
        /* fire events that update state */
      });
      /* assert on the output */
      
      This ensures that you're testing the behavior the user would see in the browser. Learn more at https://reactjs.org/link/wrap-tests-with-act
          at children (/Users/younghwankang/Work/LiveMetro/src/services/theme/themeContext.tsx:146:63)
          at children (/Users/younghwankang/Work/LiveMetro/src/components/train/__tests__/TrainArrivalCard.test.tsx:29:22)

      160 |         console.error('Error loading theme preference:', error);
      161 |       } finally {
    > 162 |         setIsLoading(false);
          |         ^
      163 |       }
      164 |     };
      165 |

      at printWarning (node_modules/react-test-renderer/cjs/react-test-renderer.development.js:72:30)
      at error (node_modules/react-test-renderer/cjs/react-test-renderer.development.js:46:7)
      at warnIfUpdatesNotWrappedWithActDEV (node_modules/react-test-renderer/cjs/react-test-renderer.development.js:16677:9)
      at scheduleUpdateOnFiber (node_modules/react-test-renderer/cjs/react-test-renderer.development.js:14877:5)
      at dispatchSetState (node_modules/react-test-renderer/cjs/react-test-renderer.development.js:7510:7)
      at setIsLoading (src/services/theme/themeContext.tsx:162:9)
      at asyncGeneratorStep (node_modules/@babel/runtime/helpers/asyncToGenerator.js:3:17)
      at _next (node_modules/@babel/runtime/helpers/asyncToGenerator.js:17:9)

    console.error
      Warning: An update to ThemeProvider inside a test was not wrapped in act(...).
      
      When testing, code that causes React state updates should be wrapped into act(...):
      
      act(() => {
        /* fire events that update state */
      });
      /* assert on the output */
      
      This ensures that you're testing the behavior the user would see in the browser. Learn more at https://reactjs.org/link/wrap-tests-with-act
          at children (/Users/younghwankang/Work/LiveMetro/src/services/theme/themeContext.tsx:146:63)
          at children (/Users/younghwankang/Work/LiveMetro/src/components/train/__tests__/TrainArrivalCard.test.tsx:29:22)

      160 |         console.error('Error loading theme preference:', error);
      161 |       } finally {
    > 162 |         setIsLoading(false);
          |         ^
      163 |       }
      164 |     };
      165 |

      at printWarning (node_modules/react-test-renderer/cjs/react-test-renderer.development.js:72:30)
      at error (node_modules/react-test-renderer/cjs/react-test-renderer.development.js:46:7)
      at warnIfUpdatesNotWrappedWithActDEV (node_modules/react-test-renderer/cjs/react-test-renderer.development.js:16677:9)
      at scheduleUpdateOnFiber (node_modules/react-test-renderer/cjs/react-test-renderer.development.js:14877:5)
      at dispatchSetState (node_modules/react-test-renderer/cjs/react-test-renderer.development.js:7510:7)
      at setIsLoading (src/services/theme/themeContext.tsx:162:9)
      at asyncGeneratorStep (node_modules/@babel/runtime/helpers/asyncToGenerator.js:3:17)
      at _next (node_modules/@babel/runtime/helpers/asyncToGenerator.js:17:9)

    console.error
      Warning: An update to ThemeProvider inside a test was not wrapped in act(...).
      
      When testing, code that causes React state updates should be wrapped into act(...):
      
      act(() => {
        /* fire events that update state */
      });
      /* assert on the output */
      
      This ensures that you're testing the behavior the user would see in the browser. Learn more at https://reactjs.org/link/wrap-tests-with-act
          at children (/Users/younghwankang/Work/LiveMetro/src/services/theme/themeContext.tsx:146:63)
          at children (/Users/younghwankang/Work/LiveMetro/src/components/train/__tests__/TrainArrivalCard.test.tsx:29:22)

      160 |         console.error('Error loading theme preference:', error);
      161 |       } finally {
    > 162 |         setIsLoading(false);
          |         ^
      163 |       }
      164 |     };
      165 |

      at printWarning (node_modules/react-test-renderer/cjs/react-test-renderer.development.js:72:30)
      at error (node_modules/react-test-renderer/cjs/react-test-renderer.development.js:46:7)
      at warnIfUpdatesNotWrappedWithActDEV (node_modules/react-test-renderer/cjs/react-test-renderer.development.js:16677:9)
      at scheduleUpdateOnFiber (node_modules/react-test-renderer/cjs/react-test-renderer.development.js:14877:5)
      at dispatchSetState (node_modules/react-test-renderer/cjs/react-test-renderer.development.js:7510:7)
      at setIsLoading (src/services/theme/themeContext.tsx:162:9)
      at asyncGeneratorStep (node_modules/@babel/runtime/helpers/asyncToGenerator.js:3:17)
      at _next (node_modules/@babel/runtime/helpers/asyncToGenerator.js:17:9)

    console.error
      Warning: An update to ThemeProvider inside a test was not wrapped in act(...).
      
      When testing, code that causes React state updates should be wrapped into act(...):
      
      act(() => {
        /* fire events that update state */
      });
      /* assert on the output */
      
      This ensures that you're testing the behavior the user would see in the browser. Learn more at https://reactjs.org/link/wrap-tests-with-act
          at children (/Users/younghwankang/Work/LiveMetro/src/services/theme/themeContext.tsx:146:63)
          at children (/Users/younghwankang/Work/LiveMetro/src/components/train/__tests__/TrainArrivalCard.test.tsx:29:22)

      160 |         console.error('Error loading theme preference:', error);
      161 |       } finally {
    > 162 |         setIsLoading(false);
          |         ^
      163 |       }
      164 |     };
      165 |

      at printWarning (node_modules/react-test-renderer/cjs/react-test-renderer.development.js:72:30)
      at error (node_modules/react-test-renderer/cjs/react-test-renderer.development.js:46:7)
      at warnIfUpdatesNotWrappedWithActDEV (node_modules/react-test-renderer/cjs/react-test-renderer.development.js:16677:9)
      at scheduleUpdateOnFiber (node_modules/react-test-renderer/cjs/react-test-renderer.development.js:14877:5)
      at dispatchSetState (node_modules/react-test-renderer/cjs/react-test-renderer.development.js:7510:7)
      at setIsLoading (src/services/theme/themeContext.tsx:162:9)
      at asyncGeneratorStep (node_modules/@babel/runtime/helpers/asyncToGenerator.js:3:17)
      at _next (node_modules/@babel/runtime/helpers/asyncToGenerator.js:17:9)

    console.error
      Warning: An update to ThemeProvider inside a test was not wrapped in act(...).
      
      When testing, code that causes React state updates should be wrapped into act(...):
      
      act(() => {
        /* fire events that update state */
      });
      /* assert on the output */
      
      This ensures that you're testing the behavior the user would see in the browser. Learn more at https://reactjs.org/link/wrap-tests-with-act
          at children (/Users/younghwankang/Work/LiveMetro/src/services/theme/themeContext.tsx:146:63)
          at children (/Users/younghwankang/Work/LiveMetro/src/components/train/__tests__/TrainArrivalCard.test.tsx:29:22)

      160 |         console.error('Error loading theme preference:', error);
      161 |       } finally {
    > 162 |         setIsLoading(false);
          |         ^
      163 |       }
      164 |     };
      165 |

      at printWarning (node_modules/react-test-renderer/cjs/react-test-renderer.development.js:72:30)
      at error (node_modules/react-test-renderer/cjs/react-test-renderer.development.js:46:7)
      at warnIfUpdatesNotWrappedWithActDEV (node_modules/react-test-renderer/cjs/react-test-renderer.development.js:16677:9)
      at scheduleUpdateOnFiber (node_modules/react-test-renderer/cjs/react-test-renderer.development.js:14877:5)
      at dispatchSetState (node_modules/react-test-renderer/cjs/react-test-renderer.development.js:7510:7)
      at setIsLoading (src/services/theme/themeContext.tsx:162:9)
      at asyncGeneratorStep (node_modules/@babel/runtime/helpers/asyncToGenerator.js:3:17)
      at _next (node_modules/@babel/runtime/helpers/asyncToGenerator.js:17:9)

    console.error
      Warning: An update to ThemeProvider inside a test was not wrapped in act(...).
      
      When testing, code that causes React state updates should be wrapped into act(...):
      
      act(() => {
        /* fire events that update state */
      });
      /* assert on the output */
      
      This ensures that you're testing the behavior the user would see in the browser. Learn more at https://reactjs.org/link/wrap-tests-with-act
          at children (/Users/younghwankang/Work/LiveMetro/src/services/theme/themeContext.tsx:146:63)
          at children (/Users/younghwankang/Work/LiveMetro/src/components/train/__tests__/TrainArrivalCard.test.tsx:29:22)

      160 |         console.error('Error loading theme preference:', error);
      161 |       } finally {
    > 162 |         setIsLoading(false);
          |         ^
      163 |       }
      164 |     };
      165 |

      at printWarning (node_modules/react-test-renderer/cjs/react-test-renderer.development.js:72:30)
      at error (node_modules/react-test-renderer/cjs/react-test-renderer.development.js:46:7)
      at warnIfUpdatesNotWrappedWithActDEV (node_modules/react-test-renderer/cjs/react-test-renderer.development.js:16677:9)
      at scheduleUpdateOnFiber (node_modules/react-test-renderer/cjs/react-test-renderer.development.js:14877:5)
      at dispatchSetState (node_modules/react-test-renderer/cjs/react-test-renderer.development.js:7510:7)
      at setIsLoading (src/services/theme/themeContext.tsx:162:9)
      at asyncGeneratorStep (node_modules/@babel/runtime/helpers/asyncToGenerator.js:3:17)
      at _next (node_modules/@babel/runtime/helpers/asyncToGenerator.js:17:9)

PASS src/hooks/__tests__/useFavorites.test.ts
  ● Console

    console.error
      Error loading station station-1: Error: Station not found
          at Object.<anonymous> (/Users/younghwankang/Work/LiveMetro/src/hooks/__tests__/useFavorites.test.ts:129:53)
          at Generator.next (<anonymous>)
          at asyncGeneratorStep (/Users/younghwankang/Work/LiveMetro/node_modules/@babel/runtime/helpers/asyncToGenerator.js:3:17)
          at _next (/Users/younghwankang/Work/LiveMetro/node_modules/@babel/runtime/helpers/asyncToGenerator.js:17:9)
          at /Users/younghwankang/Work/LiveMetro/node_modules/@babel/runtime/helpers/asyncToGenerator.js:22:7
          at new Promise (<anonymous>)
          at Object.<anonymous> (/Users/younghwankang/Work/LiveMetro/node_modules/@babel/runtime/helpers/asyncToGenerator.js:14:12)
          at Promise.then.completed (/Users/younghwankang/Work/LiveMetro/node_modules/jest-circus/build/utils.js:298:28)
          at new Promise (<anonymous>)
          at callAsyncCircusFn (/Users/younghwankang/Work/LiveMetro/node_modules/jest-circus/build/utils.js:231:10)
          at _callCircusTest (/Users/younghwankang/Work/LiveMetro/node_modules/jest-circus/build/run.js:316:40)
          at _runTest (/Users/younghwankang/Work/LiveMetro/node_modules/jest-circus/build/run.js:252:3)
          at _runTestsForDescribeBlock (/Users/younghwankang/Work/LiveMetro/node_modules/jest-circus/build/run.js:126:9)
          at _runTestsForDescribeBlock (/Users/younghwankang/Work/LiveMetro/node_modules/jest-circus/build/run.js:121:9)
          at _runTestsForDescribeBlock (/Users/younghwankang/Work/LiveMetro/node_modules/jest-circus/build/run.js:121:9)
          at run (/Users/younghwankang/Work/LiveMetro/node_modules/jest-circus/build/run.js:71:3)
          at runAndTransformResultsToJestFormat (/Users/younghwankang/Work/LiveMetro/node_modules/jest-circus/build/legacy-code-todo-rewrite/jestAdapterInit.js:122:21)
          at jestAdapter (/Users/younghwankang/Work/LiveMetro/node_modules/jest-circus/build/legacy-code-todo-rewrite/jestAdapter.js:79:19)
          at runTestInternal (/Users/younghwankang/Work/LiveMetro/node_modules/jest-runner/build/runTest.js:367:16)
          at runTest (/Users/younghwankang/Work/LiveMetro/node_modules/jest-runner/build/runTest.js:444:34)
          at Object.worker (/Users/younghwankang/Work/LiveMetro/node_modules/jest-runner/build/testWorker.js:106:12)

      63 |             };
      64 |           } catch (error) {
    > 65 |             console.error(`Error loading station ${favorite.stationId}:`, error);
         |                     ^
      66 |             return {
      67 |               ...favorite,
      68 |               station: null,

      at error (src/hooks/useFavorites.ts:65:21)
          at Generator.throw (<anonymous>)
      at asyncGeneratorStep (node_modules/@babel/runtime/helpers/asyncToGenerator.js:3:17)
      at _throw (node_modules/@babel/runtime/helpers/asyncToGenerator.js:20:9)

    console.error
      Error loading favorites: Error: Load failed
          at Object.<anonymous> (/Users/younghwankang/Work/LiveMetro/src/hooks/__tests__/useFavorites.test.ts:142:59)
          at Generator.next (<anonymous>)
          at asyncGeneratorStep (/Users/younghwankang/Work/LiveMetro/node_modules/@babel/runtime/helpers/asyncToGenerator.js:3:17)
          at _next (/Users/younghwankang/Work/LiveMetro/node_modules/@babel/runtime/helpers/asyncToGenerator.js:17:9)
          at /Users/younghwankang/Work/LiveMetro/node_modules/@babel/runtime/helpers/asyncToGenerator.js:22:7
          at new Promise (<anonymous>)
          at Object.<anonymous> (/Users/younghwankang/Work/LiveMetro/node_modules/@babel/runtime/helpers/asyncToGenerator.js:14:12)
          at Promise.then.completed (/Users/younghwankang/Work/LiveMetro/node_modules/jest-circus/build/utils.js:298:28)
          at new Promise (<anonymous>)
          at callAsyncCircusFn (/Users/younghwankang/Work/LiveMetro/node_modules/jest-circus/build/utils.js:231:10)
          at _callCircusTest (/Users/younghwankang/Work/LiveMetro/node_modules/jest-circus/build/run.js:316:40)
          at _runTest (/Users/younghwankang/Work/LiveMetro/node_modules/jest-circus/build/run.js:252:3)
          at _runTestsForDescribeBlock (/Users/younghwankang/Work/LiveMetro/node_modules/jest-circus/build/run.js:126:9)
          at _runTestsForDescribeBlock (/Users/younghwankang/Work/LiveMetro/node_modules/jest-circus/build/run.js:121:9)
          at _runTestsForDescribeBlock (/Users/younghwankang/Work/LiveMetro/node_modules/jest-circus/build/run.js:121:9)
          at run (/Users/younghwankang/Work/LiveMetro/node_modules/jest-circus/build/run.js:71:3)
          at runAndTransformResultsToJestFormat (/Users/younghwankang/Work/LiveMetro/node_modules/jest-circus/build/legacy-code-todo-rewrite/jestAdapterInit.js:122:21)
          at jestAdapter (/Users/younghwankang/Work/LiveMetro/node_modules/jest-circus/build/legacy-code-todo-rewrite/jestAdapter.js:79:19)
          at runTestInternal (/Users/younghwankang/Work/LiveMetro/node_modules/jest-runner/build/runTest.js:367:16)
          at runTest (/Users/younghwankang/Work/LiveMetro/node_modules/jest-runner/build/runTest.js:444:34)
          at Object.worker (/Users/younghwankang/Work/LiveMetro/node_modules/jest-runner/build/testWorker.js:106:12)

      79 |       });
      80 |     } catch (error) {
    > 81 |       console.error('Error loading favorites:', error);
         |               ^
      82 |       setState(prev => ({
      83 |         ...prev,
      84 |         loading: false,

      at error (src/hooks/useFavorites.ts:81:15)
          at Generator.throw (<anonymous>)
      at asyncGeneratorStep (node_modules/@babel/runtime/helpers/asyncToGenerator.js:3:17)
      at _throw (node_modules/@babel/runtime/helpers/asyncToGenerator.js:20:9)

PASS src/hooks/__tests__/useAlerts.test.ts
  ● Console

    console.error
      Warning: An update to HookContainer inside a test was not wrapped in act(...).
      
      When testing, code that causes React state updates should be wrapped into act(...):
      
      act(() => {
        /* fire events that update state */
      });
      /* assert on the output */
      
      This ensures that you're testing the behavior the user would see in the browser. Learn more at https://reactjs.org/link/wrap-tests-with-act
          at hookProps (/Users/younghwankang/Work/LiveMetro/node_modules/@testing-library/react-native/src/render-hook.tsx:45:28)

      50 |       ]);
      51 |
    > 52 |       setNotifications(allNotifications);
         |       ^
      53 |       setUnreadCount(count);
      54 |     } catch (err) {
      55 |       console.error('Error loading notifications:', err);

      at printWarning (node_modules/react-test-renderer/cjs/react-test-renderer.development.js:72:30)
      at error (node_modules/react-test-renderer/cjs/react-test-renderer.development.js:46:7)
      at warnIfUpdatesNotWrappedWithActDEV (node_modules/react-test-renderer/cjs/react-test-renderer.development.js:16677:9)
      at scheduleUpdateOnFiber (node_modules/react-test-renderer/cjs/react-test-renderer.development.js:14877:5)
      at dispatchSetState (node_modules/react-test-renderer/cjs/react-test-renderer.development.js:7510:7)
      at setNotifications (src/hooks/useAlerts.ts:52:7)
      at asyncGeneratorStep (node_modules/@babel/runtime/helpers/asyncToGenerator.js:3:17)
      at _next (node_modules/@babel/runtime/helpers/asyncToGenerator.js:17:9)

    console.error
      Warning: An update to HookContainer inside a test was not wrapped in act(...).
      
      When testing, code that causes React state updates should be wrapped into act(...):
      
      act(() => {
        /* fire events that update state */
      });
      /* assert on the output */
      
      This ensures that you're testing the behavior the user would see in the browser. Learn more at https://reactjs.org/link/wrap-tests-with-act
          at hookProps (/Users/younghwankang/Work/LiveMetro/node_modules/@testing-library/react-native/src/render-hook.tsx:45:28)

      51 |
      52 |       setNotifications(allNotifications);
    > 53 |       setUnreadCount(count);
         |       ^
      54 |     } catch (err) {
      55 |       console.error('Error loading notifications:', err);
      56 |       setError('알림을 불러오는 데 실패했습니다.');

      at printWarning (node_modules/react-test-renderer/cjs/react-test-renderer.development.js:72:30)
      at error (node_modules/react-test-renderer/cjs/react-test-renderer.development.js:46:7)
      at warnIfUpdatesNotWrappedWithActDEV (node_modules/react-test-renderer/cjs/react-test-renderer.development.js:16677:9)
      at scheduleUpdateOnFiber (node_modules/react-test-renderer/cjs/react-test-renderer.development.js:14877:5)
      at dispatchSetState (node_modules/react-test-renderer/cjs/react-test-renderer.development.js:7510:7)
      at setUnreadCount (src/hooks/useAlerts.ts:53:7)
      at asyncGeneratorStep (node_modules/@babel/runtime/helpers/asyncToGenerator.js:3:17)
      at _next (node_modules/@babel/runtime/helpers/asyncToGenerator.js:17:9)

    console.error
      Warning: An update to HookContainer inside a test was not wrapped in act(...).
      
      When testing, code that causes React state updates should be wrapped into act(...):
      
      act(() => {
        /* fire events that update state */
      });
      /* assert on the output */
      
      This ensures that you're testing the behavior the user would see in the browser. Learn more at https://reactjs.org/link/wrap-tests-with-act
          at hookProps (/Users/younghwankang/Work/LiveMetro/node_modules/@testing-library/react-native/src/render-hook.tsx:45:28)

      56 |       setError('알림을 불러오는 데 실패했습니다.');
      57 |     } finally {
    > 58 |       setLoading(false);
         |       ^
      59 |       setRefreshing(false);
      60 |     }
      61 |   }, []);

      at printWarning (node_modules/react-test-renderer/cjs/react-test-renderer.development.js:72:30)
      at error (node_modules/react-test-renderer/cjs/react-test-renderer.development.js:46:7)
      at warnIfUpdatesNotWrappedWithActDEV (node_modules/react-test-renderer/cjs/react-test-renderer.development.js:16677:9)
      at scheduleUpdateOnFiber (node_modules/react-test-renderer/cjs/react-test-renderer.development.js:14877:5)
      at dispatchSetState (node_modules/react-test-renderer/cjs/react-test-renderer.development.js:7510:7)
      at setLoading (src/hooks/useAlerts.ts:58:7)
      at asyncGeneratorStep (node_modules/@babel/runtime/helpers/asyncToGenerator.js:3:17)
      at _next (node_modules/@babel/runtime/helpers/asyncToGenerator.js:17:9)

    console.error
      Warning: An update to HookContainer inside a test was not wrapped in act(...).
      
      When testing, code that causes React state updates should be wrapped into act(...):
      
      act(() => {
        /* fire events that update state */
      });
      /* assert on the output */
      
      This ensures that you're testing the behavior the user would see in the browser. Learn more at https://reactjs.org/link/wrap-tests-with-act
          at hookProps (/Users/younghwankang/Work/LiveMetro/node_modules/@testing-library/react-native/src/render-hook.tsx:45:28)

      57 |     } finally {
      58 |       setLoading(false);
    > 59 |       setRefreshing(false);
         |       ^
      60 |     }
      61 |   }, []);
      62 |

      at printWarning (node_modules/react-test-renderer/cjs/react-test-renderer.development.js:72:30)
      at error (node_modules/react-test-renderer/cjs/react-test-renderer.development.js:46:7)
      at warnIfUpdatesNotWrappedWithActDEV (node_modules/react-test-renderer/cjs/react-test-renderer.development.js:16677:9)
      at scheduleUpdateOnFiber (node_modules/react-test-renderer/cjs/react-test-renderer.development.js:14877:5)
      at dispatchSetState (node_modules/react-test-renderer/cjs/react-test-renderer.development.js:7510:7)
      at setRefreshing (src/hooks/useAlerts.ts:59:7)
      at asyncGeneratorStep (node_modules/@babel/runtime/helpers/asyncToGenerator.js:3:17)
      at _next (node_modules/@babel/runtime/helpers/asyncToGenerator.js:17:9)

    console.error
      Error loading notifications: Error: Load failed
          at Object.<anonymous> (/Users/younghwankang/Work/LiveMetro/src/hooks/__tests__/useAlerts.test.ts:88:57)
          at Generator.next (<anonymous>)
          at asyncGeneratorStep (/Users/younghwankang/Work/LiveMetro/node_modules/@babel/runtime/helpers/asyncToGenerator.js:3:17)
          at _next (/Users/younghwankang/Work/LiveMetro/node_modules/@babel/runtime/helpers/asyncToGenerator.js:17:9)
          at /Users/younghwankang/Work/LiveMetro/node_modules/@babel/runtime/helpers/asyncToGenerator.js:22:7
          at new Promise (<anonymous>)
          at Object.<anonymous> (/Users/younghwankang/Work/LiveMetro/node_modules/@babel/runtime/helpers/asyncToGenerator.js:14:12)
          at Promise.then.completed (/Users/younghwankang/Work/LiveMetro/node_modules/jest-circus/build/utils.js:298:28)
          at new Promise (<anonymous>)
          at callAsyncCircusFn (/Users/younghwankang/Work/LiveMetro/node_modules/jest-circus/build/utils.js:231:10)
          at _callCircusTest (/Users/younghwankang/Work/LiveMetro/node_modules/jest-circus/build/run.js:316:40)
          at _runTest (/Users/younghwankang/Work/LiveMetro/node_modules/jest-circus/build/run.js:252:3)
          at _runTestsForDescribeBlock (/Users/younghwankang/Work/LiveMetro/node_modules/jest-circus/build/run.js:126:9)
          at _runTestsForDescribeBlock (/Users/younghwankang/Work/LiveMetro/node_modules/jest-circus/build/run.js:121:9)
          at _runTestsForDescribeBlock (/Users/younghwankang/Work/LiveMetro/node_modules/jest-circus/build/run.js:121:9)
          at run (/Users/younghwankang/Work/LiveMetro/node_modules/jest-circus/build/run.js:71:3)
          at runAndTransformResultsToJestFormat (/Users/younghwankang/Work/LiveMetro/node_modules/jest-circus/build/legacy-code-todo-rewrite/jestAdapterInit.js:122:21)
          at jestAdapter (/Users/younghwankang/Work/LiveMetro/node_modules/jest-circus/build/legacy-code-todo-rewrite/jestAdapter.js:79:19)
          at runTestInternal (/Users/younghwankang/Work/LiveMetro/node_modules/jest-runner/build/runTest.js:367:16)
          at runTest (/Users/younghwankang/Work/LiveMetro/node_modules/jest-runner/build/runTest.js:444:34)
          at Object.worker (/Users/younghwankang/Work/LiveMetro/node_modules/jest-runner/build/testWorker.js:106:12)

      53 |       setUnreadCount(count);
      54 |     } catch (err) {
    > 55 |       console.error('Error loading notifications:', err);
         |               ^
      56 |       setError('알림을 불러오는 데 실패했습니다.');
      57 |     } finally {
      58 |       setLoading(false);

      at error (src/hooks/useAlerts.ts:55:15)
          at Generator.throw (<anonymous>)
      at asyncGeneratorStep (node_modules/@babel/runtime/helpers/asyncToGenerator.js:3:17)
      at _throw (node_modules/@babel/runtime/helpers/asyncToGenerator.js:20:9)

    console.error
      Error marking notification as read: Error: Mark failed
          at Object.<anonymous> (/Users/younghwankang/Work/LiveMetro/src/hooks/__tests__/useAlerts.test.ts:133:48)
          at Generator.next (<anonymous>)
          at asyncGeneratorStep (/Users/younghwankang/Work/LiveMetro/node_modules/@babel/runtime/helpers/asyncToGenerator.js:3:17)
          at _next (/Users/younghwankang/Work/LiveMetro/node_modules/@babel/runtime/helpers/asyncToGenerator.js:17:9)
          at /Users/younghwankang/Work/LiveMetro/node_modules/@babel/runtime/helpers/asyncToGenerator.js:22:7
          at new Promise (<anonymous>)
          at Object.<anonymous> (/Users/younghwankang/Work/LiveMetro/node_modules/@babel/runtime/helpers/asyncToGenerator.js:14:12)
          at Promise.then.completed (/Users/younghwankang/Work/LiveMetro/node_modules/jest-circus/build/utils.js:298:28)
          at new Promise (<anonymous>)
          at callAsyncCircusFn (/Users/younghwankang/Work/LiveMetro/node_modules/jest-circus/build/utils.js:231:10)
          at _callCircusTest (/Users/younghwankang/Work/LiveMetro/node_modules/jest-circus/build/run.js:316:40)
          at _runTest (/Users/younghwankang/Work/LiveMetro/node_modules/jest-circus/build/run.js:252:3)
          at _runTestsForDescribeBlock (/Users/younghwankang/Work/LiveMetro/node_modules/jest-circus/build/run.js:126:9)
          at _runTestsForDescribeBlock (/Users/younghwankang/Work/LiveMetro/node_modules/jest-circus/build/run.js:121:9)
          at _runTestsForDescribeBlock (/Users/younghwankang/Work/LiveMetro/node_modules/jest-circus/build/run.js:121:9)
          at run (/Users/younghwankang/Work/LiveMetro/node_modules/jest-circus/build/run.js:71:3)
          at runAndTransformResultsToJestFormat (/Users/younghwankang/Work/LiveMetro/node_modules/jest-circus/build/legacy-code-todo-rewrite/jestAdapterInit.js:122:21)
          at jestAdapter (/Users/younghwankang/Work/LiveMetro/node_modules/jest-circus/build/legacy-code-todo-rewrite/jestAdapter.js:79:19)
          at runTestInternal (/Users/younghwankang/Work/LiveMetro/node_modules/jest-runner/build/runTest.js:367:16)
          at runTest (/Users/younghwankang/Work/LiveMetro/node_modules/jest-runner/build/runTest.js:444:34)
          at Object.worker (/Users/younghwankang/Work/LiveMetro/node_modules/jest-runner/build/testWorker.js:106:12)

      69 |       await loadNotifications();
      70 |     } catch (err) {
    > 71 |       console.error('Error marking notification as read:', err);
         |               ^
      72 |       throw new Error('알림을 읽음으로 표시하는 데 실패했습니다.');
      73 |     }
      74 |   }, [loadNotifications]);

      at Object.error (src/hooks/useAlerts.ts:71:15)
          at Generator.throw (<anonymous>)
      at asyncGeneratorStep (node_modules/@babel/runtime/helpers/asyncToGenerator.js:3:17)
      at _throw (node_modules/@babel/runtime/helpers/asyncToGenerator.js:20:9)

    console.error
      Error marking all as read: Error: Failed
          at Object.<anonymous> (/Users/younghwankang/Work/LiveMetro/src/hooks/__tests__/useAlerts.test.ts:181:51)
          at Generator.next (<anonymous>)
          at asyncGeneratorStep (/Users/younghwankang/Work/LiveMetro/node_modules/@babel/runtime/helpers/asyncToGenerator.js:3:17)
          at _next (/Users/younghwankang/Work/LiveMetro/node_modules/@babel/runtime/helpers/asyncToGenerator.js:17:9)
          at /Users/younghwankang/Work/LiveMetro/node_modules/@babel/runtime/helpers/asyncToGenerator.js:22:7
          at new Promise (<anonymous>)
          at Object.<anonymous> (/Users/younghwankang/Work/LiveMetro/node_modules/@babel/runtime/helpers/asyncToGenerator.js:14:12)
          at Promise.then.completed (/Users/younghwankang/Work/LiveMetro/node_modules/jest-circus/build/utils.js:298:28)
          at new Promise (<anonymous>)
          at callAsyncCircusFn (/Users/younghwankang/Work/LiveMetro/node_modules/jest-circus/build/utils.js:231:10)
          at _callCircusTest (/Users/younghwankang/Work/LiveMetro/node_modules/jest-circus/build/run.js:316:40)
          at _runTest (/Users/younghwankang/Work/LiveMetro/node_modules/jest-circus/build/run.js:252:3)
          at _runTestsForDescribeBlock (/Users/younghwankang/Work/LiveMetro/node_modules/jest-circus/build/run.js:126:9)
          at _runTestsForDescribeBlock (/Users/younghwankang/Work/LiveMetro/node_modules/jest-circus/build/run.js:121:9)
          at _runTestsForDescribeBlock (/Users/younghwankang/Work/LiveMetro/node_modules/jest-circus/build/run.js:121:9)
          at run (/Users/younghwankang/Work/LiveMetro/node_modules/jest-circus/build/run.js:71:3)
          at runAndTransformResultsToJestFormat (/Users/younghwankang/Work/LiveMetro/node_modules/jest-circus/build/legacy-code-todo-rewrite/jestAdapterInit.js:122:21)
          at jestAdapter (/Users/younghwankang/Work/LiveMetro/node_modules/jest-circus/build/legacy-code-todo-rewrite/jestAdapter.js:79:19)
          at runTestInternal (/Users/younghwankang/Work/LiveMetro/node_modules/jest-runner/build/runTest.js:367:16)
          at runTest (/Users/younghwankang/Work/LiveMetro/node_modules/jest-runner/build/runTest.js:444:34)
          at Object.worker (/Users/younghwankang/Work/LiveMetro/node_modules/jest-runner/build/testWorker.js:106:12)

      82 |       await loadNotifications();
      83 |     } catch (err) {
    > 84 |       console.error('Error marking all as read:', err);
         |               ^
      85 |       throw new Error('모든 알림을 읽음으로 표시하는 데 실패했습니다.');
      86 |     }
      87 |   }, [loadNotifications]);

      at Object.error (src/hooks/useAlerts.ts:84:15)
          at Generator.throw (<anonymous>)
      at asyncGeneratorStep (node_modules/@babel/runtime/helpers/asyncToGenerator.js:3:17)
      at _throw (node_modules/@babel/runtime/helpers/asyncToGenerator.js:20:9)

    console.error
      Error deleting notification: Error: Delete failed
          at Object.<anonymous> (/Users/younghwankang/Work/LiveMetro/src/hooks/__tests__/useAlerts.test.ts:229:56)
          at Generator.next (<anonymous>)
          at asyncGeneratorStep (/Users/younghwankang/Work/LiveMetro/node_modules/@babel/runtime/helpers/asyncToGenerator.js:3:17)
          at _next (/Users/younghwankang/Work/LiveMetro/node_modules/@babel/runtime/helpers/asyncToGenerator.js:17:9)
          at /Users/younghwankang/Work/LiveMetro/node_modules/@babel/runtime/helpers/asyncToGenerator.js:22:7
          at new Promise (<anonymous>)
          at Object.<anonymous> (/Users/younghwankang/Work/LiveMetro/node_modules/@babel/runtime/helpers/asyncToGenerator.js:14:12)
          at Promise.then.completed (/Users/younghwankang/Work/LiveMetro/node_modules/jest-circus/build/utils.js:298:28)
          at new Promise (<anonymous>)
          at callAsyncCircusFn (/Users/younghwankang/Work/LiveMetro/node_modules/jest-circus/build/utils.js:231:10)
          at _callCircusTest (/Users/younghwankang/Work/LiveMetro/node_modules/jest-circus/build/run.js:316:40)
          at _runTest (/Users/younghwankang/Work/LiveMetro/node_modules/jest-circus/build/run.js:252:3)
          at _runTestsForDescribeBlock (/Users/younghwankang/Work/LiveMetro/node_modules/jest-circus/build/run.js:126:9)
          at _runTestsForDescribeBlock (/Users/younghwankang/Work/LiveMetro/node_modules/jest-circus/build/run.js:121:9)
          at _runTestsForDescribeBlock (/Users/younghwankang/Work/LiveMetro/node_modules/jest-circus/build/run.js:121:9)
          at run (/Users/younghwankang/Work/LiveMetro/node_modules/jest-circus/build/run.js:71:3)
          at runAndTransformResultsToJestFormat (/Users/younghwankang/Work/LiveMetro/node_modules/jest-circus/build/legacy-code-todo-rewrite/jestAdapterInit.js:122:21)
          at jestAdapter (/Users/younghwankang/Work/LiveMetro/node_modules/jest-circus/build/legacy-code-todo-rewrite/jestAdapter.js:79:19)
          at runTestInternal (/Users/younghwankang/Work/LiveMetro/node_modules/jest-runner/build/runTest.js:367:16)
          at runTest (/Users/younghwankang/Work/LiveMetro/node_modules/jest-runner/build/runTest.js:444:34)
          at Object.worker (/Users/younghwankang/Work/LiveMetro/node_modules/jest-runner/build/testWorker.js:106:12)

       95 |       await loadNotifications();
       96 |     } catch (err) {
    >  97 |       console.error('Error deleting notification:', err);
          |               ^
       98 |       throw new Error('알림을 삭제하는 데 실패했습니다.');
       99 |     }
      100 |   }, [loadNotifications]);

      at Object.error (src/hooks/useAlerts.ts:97:15)
          at Generator.throw (<anonymous>)
      at asyncGeneratorStep (node_modules/@babel/runtime/helpers/asyncToGenerator.js:3:17)
      at _throw (node_modules/@babel/runtime/helpers/asyncToGenerator.js:20:9)

    console.error
      Error clearing all notifications: Error: Clear failed
          at Object.<anonymous> (/Users/younghwankang/Work/LiveMetro/src/hooks/__tests__/useAlerts.test.ts:277:46)
          at Generator.next (<anonymous>)
          at asyncGeneratorStep (/Users/younghwankang/Work/LiveMetro/node_modules/@babel/runtime/helpers/asyncToGenerator.js:3:17)
          at _next (/Users/younghwankang/Work/LiveMetro/node_modules/@babel/runtime/helpers/asyncToGenerator.js:17:9)
          at /Users/younghwankang/Work/LiveMetro/node_modules/@babel/runtime/helpers/asyncToGenerator.js:22:7
          at new Promise (<anonymous>)
          at Object.<anonymous> (/Users/younghwankang/Work/LiveMetro/node_modules/@babel/runtime/helpers/asyncToGenerator.js:14:12)
          at Promise.then.completed (/Users/younghwankang/Work/LiveMetro/node_modules/jest-circus/build/utils.js:298:28)
          at new Promise (<anonymous>)
          at callAsyncCircusFn (/Users/younghwankang/Work/LiveMetro/node_modules/jest-circus/build/utils.js:231:10)
          at _callCircusTest (/Users/younghwankang/Work/LiveMetro/node_modules/jest-circus/build/run.js:316:40)
          at _runTest (/Users/younghwankang/Work/LiveMetro/node_modules/jest-circus/build/run.js:252:3)
          at _runTestsForDescribeBlock (/Users/younghwankang/Work/LiveMetro/node_modules/jest-circus/build/run.js:126:9)
          at _runTestsForDescribeBlock (/Users/younghwankang/Work/LiveMetro/node_modules/jest-circus/build/run.js:121:9)
          at _runTestsForDescribeBlock (/Users/younghwankang/Work/LiveMetro/node_modules/jest-circus/build/run.js:121:9)
          at run (/Users/younghwankang/Work/LiveMetro/node_modules/jest-circus/build/run.js:71:3)
          at runAndTransformResultsToJestFormat (/Users/younghwankang/Work/LiveMetro/node_modules/jest-circus/build/legacy-code-todo-rewrite/jestAdapterInit.js:122:21)
          at jestAdapter (/Users/younghwankang/Work/LiveMetro/node_modules/jest-circus/build/legacy-code-todo-rewrite/jestAdapter.js:79:19)
          at runTestInternal (/Users/younghwankang/Work/LiveMetro/node_modules/jest-runner/build/runTest.js:367:16)
          at runTest (/Users/younghwankang/Work/LiveMetro/node_modules/jest-runner/build/runTest.js:444:34)
          at Object.worker (/Users/younghwankang/Work/LiveMetro/node_modules/jest-runner/build/testWorker.js:106:12)

      108 |       await loadNotifications();
      109 |     } catch (err) {
    > 110 |       console.error('Error clearing all notifications:', err);
          |               ^
      111 |       throw new Error('모든 알림을 삭제하는 데 실패했습니다.');
      112 |     }
      113 |   }, [loadNotifications]);

      at Object.error (src/hooks/useAlerts.ts:110:15)
          at Generator.throw (<anonymous>)
      at asyncGeneratorStep (node_modules/@babel/runtime/helpers/asyncToGenerator.js:3:17)
      at _throw (node_modules/@babel/runtime/helpers/asyncToGenerator.js:20:9)

    console.error
      Error loading notifications: Error: Failed
          at Object.<anonymous> (/Users/younghwankang/Work/LiveMetro/src/hooks/__tests__/useAlerts.test.ts:385:61)
          at Generator.next (<anonymous>)
          at asyncGeneratorStep (/Users/younghwankang/Work/LiveMetro/node_modules/@babel/runtime/helpers/asyncToGenerator.js:3:17)
          at _next (/Users/younghwankang/Work/LiveMetro/node_modules/@babel/runtime/helpers/asyncToGenerator.js:17:9)
          at /Users/younghwankang/Work/LiveMetro/node_modules/@babel/runtime/helpers/asyncToGenerator.js:22:7
          at new Promise (<anonymous>)
          at Object.<anonymous> (/Users/younghwankang/Work/LiveMetro/node_modules/@babel/runtime/helpers/asyncToGenerator.js:14:12)
          at Promise.then.completed (/Users/younghwankang/Work/LiveMetro/node_modules/jest-circus/build/utils.js:298:28)
          at new Promise (<anonymous>)
          at callAsyncCircusFn (/Users/younghwankang/Work/LiveMetro/node_modules/jest-circus/build/utils.js:231:10)
          at _callCircusTest (/Users/younghwankang/Work/LiveMetro/node_modules/jest-circus/build/run.js:316:40)
          at _runTest (/Users/younghwankang/Work/LiveMetro/node_modules/jest-circus/build/run.js:252:3)
          at _runTestsForDescribeBlock (/Users/younghwankang/Work/LiveMetro/node_modules/jest-circus/build/run.js:126:9)
          at _runTestsForDescribeBlock (/Users/younghwankang/Work/LiveMetro/node_modules/jest-circus/build/run.js:121:9)
          at _runTestsForDescribeBlock (/Users/younghwankang/Work/LiveMetro/node_modules/jest-circus/build/run.js:121:9)
          at run (/Users/younghwankang/Work/LiveMetro/node_modules/jest-circus/build/run.js:71:3)
          at runAndTransformResultsToJestFormat (/Users/younghwankang/Work/LiveMetro/node_modules/jest-circus/build/legacy-code-todo-rewrite/jestAdapterInit.js:122:21)
          at jestAdapter (/Users/younghwankang/Work/LiveMetro/node_modules/jest-circus/build/legacy-code-todo-rewrite/jestAdapter.js:79:19)
          at runTestInternal (/Users/younghwankang/Work/LiveMetro/node_modules/jest-runner/build/runTest.js:367:16)
          at runTest (/Users/younghwankang/Work/LiveMetro/node_modules/jest-runner/build/runTest.js:444:34)
          at Object.worker (/Users/younghwankang/Work/LiveMetro/node_modules/jest-runner/build/testWorker.js:106:12)

      53 |       setUnreadCount(count);
      54 |     } catch (err) {
    > 55 |       console.error('Error loading notifications:', err);
         |               ^
      56 |       setError('알림을 불러오는 데 실패했습니다.');
      57 |     } finally {
      58 |       setLoading(false);

      at error (src/hooks/useAlerts.ts:55:15)
          at Generator.throw (<anonymous>)
      at asyncGeneratorStep (node_modules/@babel/runtime/helpers/asyncToGenerator.js:3:17)
      at _throw (node_modules/@babel/runtime/helpers/asyncToGenerator.js:20:9)

PASS src/hooks/__tests__/useLocation.test.ts
  ● Console

    console.error
      Location error: 위치 권한이 필요합니다. 설정에서 권한을 허용해주세요.

      70 |   const handleError = useCallback((error: string) => {
      71 |     if (__DEV__) {
    > 72 |       console.error('Location error:', error);
         |               ^
      73 |     }
      74 |     updateState({
      75 |       error,

      at error (src/hooks/useLocation.ts:72:15)
      at handleError (src/hooks/useLocation.ts:99:9)
      at asyncGeneratorStep (node_modules/@babel/runtime/helpers/asyncToGenerator.js:3:17)
      at _next (node_modules/@babel/runtime/helpers/asyncToGenerator.js:17:9)

    console.error
      Location error: 위치 권한이 필요합니다. 설정에서 권한을 허용해주세요.

      70 |   const handleError = useCallback((error: string) => {
      71 |     if (__DEV__) {
    > 72 |       console.error('Location error:', error);
         |               ^
      73 |     }
      74 |     updateState({
      75 |       error,

      at error (src/hooks/useLocation.ts:72:15)
      at handleError (src/hooks/useLocation.ts:99:9)
      at asyncGeneratorStep (node_modules/@babel/runtime/helpers/asyncToGenerator.js:3:17)
      at _next (node_modules/@babel/runtime/helpers/asyncToGenerator.js:17:9)

    console.error
      Location error: 현재 위치를 가져올 수 없습니다.

      70 |   const handleError = useCallback((error: string) => {
      71 |     if (__DEV__) {
    > 72 |       console.error('Location error:', error);
         |               ^
      73 |     }
      74 |     updateState({
      75 |       error,

      at error (src/hooks/useLocation.ts:72:15)
      at Object.handleError (src/hooks/useLocation.ts:128:9)
      at asyncGeneratorStep (node_modules/@babel/runtime/helpers/asyncToGenerator.js:3:17)
      at _next (node_modules/@babel/runtime/helpers/asyncToGenerator.js:17:9)

    console.error
      Location error: GPS error

      70 |   const handleError = useCallback((error: string) => {
      71 |     if (__DEV__) {
    > 72 |       console.error('Location error:', error);
         |               ^
      73 |     }
      74 |     updateState({
      75 |       error,

      at error (src/hooks/useLocation.ts:72:15)
      at Object.handleError (src/hooks/useLocation.ts:132:7)
          at Generator.throw (<anonymous>)
      at asyncGeneratorStep (node_modules/@babel/runtime/helpers/asyncToGenerator.js:3:17)
      at _throw (node_modules/@babel/runtime/helpers/asyncToGenerator.js:20:9)

    console.error
      Location error: GPS error

      70 |   const handleError = useCallback((error: string) => {
      71 |     if (__DEV__) {
    > 72 |       console.error('Location error:', error);
         |               ^
      73 |     }
      74 |     updateState({
      75 |       error,

      at error (src/hooks/useLocation.ts:72:15)
      at Object.handleError (src/hooks/useLocation.ts:132:7)
          at Generator.throw (<anonymous>)
      at asyncGeneratorStep (node_modules/@babel/runtime/helpers/asyncToGenerator.js:3:17)
      at _throw (node_modules/@babel/runtime/helpers/asyncToGenerator.js:20:9)

    console.warn
      Location tracking already active

      141 |     if (trackingRef.current) {
      142 |       if (__DEV__) {
    > 143 |         console.warn('Location tracking already active');
          |                 ^
      144 |       }
      145 |       return true;
      146 |     }

      at Object.warn (src/hooks/useLocation.ts:143:17)
      at asyncGeneratorStep (node_modules/@babel/runtime/helpers/asyncToGenerator.js:3:17)
      at _next (node_modules/@babel/runtime/helpers/asyncToGenerator.js:17:9)
      at node_modules/@babel/runtime/helpers/asyncToGenerator.js:22:7
      at Object.startTracking (node_modules/@babel/runtime/helpers/asyncToGenerator.js:14:12)
      at startTracking (src/hooks/__tests__/useLocation.test.ts:258:44)
      at asyncGeneratorStep (node_modules/@babel/runtime/helpers/asyncToGenerator.js:3:17)
      at _next (node_modules/@babel/runtime/helpers/asyncToGenerator.js:17:9)
      at node_modules/@babel/runtime/helpers/asyncToGenerator.js:22:7
      at node_modules/@babel/runtime/helpers/asyncToGenerator.js:14:12
      at callback (node_modules/@testing-library/react-native/src/act.ts:31:24)
      at act (node_modules/react/cjs/react.development.js:2512:16)
      at actImplementation (node_modules/@testing-library/react-native/src/act.ts:30:25)
      at Object.<anonymous> (src/hooks/__tests__/useLocation.test.ts:257:16)
      at asyncGeneratorStep (node_modules/@babel/runtime/helpers/asyncToGenerator.js:3:17)
      at _next (node_modules/@babel/runtime/helpers/asyncToGenerator.js:17:9)

    console.error
      Location error: 위치 권한이 필요합니다. 설정에서 권한을 허용해주세요.

      70 |   const handleError = useCallback((error: string) => {
      71 |     if (__DEV__) {
    > 72 |       console.error('Location error:', error);
         |               ^
      73 |     }
      74 |     updateState({
      75 |       error,

      at error (src/hooks/useLocation.ts:72:15)
      at handleError (src/hooks/useLocation.ts:99:9)
      at asyncGeneratorStep (node_modules/@babel/runtime/helpers/asyncToGenerator.js:3:17)
      at _next (node_modules/@babel/runtime/helpers/asyncToGenerator.js:17:9)

    console.error
      Location error: 위치 추적을 시작할 수 없습니다.

      70 |   const handleError = useCallback((error: string) => {
      71 |     if (__DEV__) {
    > 72 |       console.error('Location error:', error);
         |               ^
      73 |     }
      74 |     updateState({
      75 |       error,

      at error (src/hooks/useLocation.ts:72:15)
      at Object.handleError (src/hooks/useLocation.ts:172:9)
      at asyncGeneratorStep (node_modules/@babel/runtime/helpers/asyncToGenerator.js:3:17)
      at _next (node_modules/@babel/runtime/helpers/asyncToGenerator.js:17:9)

    console.warn
      Location tracking is not active

      185 |     if (!trackingRef.current) {
      186 |       if (__DEV__) {
    > 187 |         console.warn('Location tracking is not active');
          |                 ^
      188 |       }
      189 |       return;
      190 |     }

      at Object.warn [as stopTracking] (src/hooks/useLocation.ts:187:17)
      at stopTracking (src/hooks/__tests__/useLocation.test.ts:347:24)
      at callback (node_modules/@testing-library/react-native/src/act.ts:31:24)
      at act (node_modules/react/cjs/react.development.js:2512:16)
      at actImplementation (node_modules/@testing-library/react-native/src/act.ts:30:25)
      at Object.<anonymous> (src/hooks/__tests__/useLocation.test.ts:346:10)
      at asyncGeneratorStep (node_modules/@babel/runtime/helpers/asyncToGenerator.js:3:17)
      at _next (node_modules/@babel/runtime/helpers/asyncToGenerator.js:17:9)

    console.error
      Location error: 위치 서비스가 비활성화되어 있습니다. 설정에서 위치 서비스를 활성화해주세요.

      70 |   const handleError = useCallback((error: string) => {
      71 |     if (__DEV__) {
    > 72 |       console.error('Location error:', error);
         |               ^
      73 |     }
      74 |     updateState({
      75 |       error,

      at error (src/hooks/useLocation.ts:72:15)
      at Object.handleError (src/hooks/useLocation.ts:236:9)
      at asyncGeneratorStep (node_modules/@babel/runtime/helpers/asyncToGenerator.js:3:17)
      at _next (node_modules/@babel/runtime/helpers/asyncToGenerator.js:17:9)

    console.error
      Location error: 위치 서비스 상태를 확인할 수 없습니다.

      70 |   const handleError = useCallback((error: string) => {
      71 |     if (__DEV__) {
    > 72 |       console.error('Location error:', error);
         |               ^
      73 |     }
      74 |     updateState({
      75 |       error,

      at error (src/hooks/useLocation.ts:72:15)
      at Object.handleError (src/hooks/useLocation.ts:240:7)
          at Generator.throw (<anonymous>)
      at asyncGeneratorStep (node_modules/@babel/runtime/helpers/asyncToGenerator.js:3:17)
      at _throw (node_modules/@babel/runtime/helpers/asyncToGenerator.js:20:9)

    console.error
      Warning: An update to HookContainer inside a test was not wrapped in act(...).
      
      When testing, code that causes React state updates should be wrapped into act(...):
      
      act(() => {
        /* fire events that update state */
      });
      /* assert on the output */
      
      This ensures that you're testing the behavior the user would see in the browser. Learn more at https://reactjs.org/link/wrap-tests-with-act
          at hookProps (/Users/younghwankang/Work/LiveMetro/node_modules/@testing-library/react-native/src/render-hook.tsx:45:28)

      52 |
      53 |   const updateState = useCallback((updates: Partial<UseLocationState>) => {
    > 54 |     setState(prevState => ({ ...prevState, ...updates }));
         |     ^
      55 |   }, []);
      56 |
      57 |   const handleLocationUpdate = useCallback((location: LocationCoordinates) => {

      at printWarning (node_modules/react-test-renderer/cjs/react-test-renderer.development.js:72:30)
      at error (node_modules/react-test-renderer/cjs/react-test-renderer.development.js:46:7)
      at warnIfUpdatesNotWrappedWithActDEV (node_modules/react-test-renderer/cjs/react-test-renderer.development.js:16677:9)
      at scheduleUpdateOnFiber (node_modules/react-test-renderer/cjs/react-test-renderer.development.js:14877:5)
      at dispatchSetState (node_modules/react-test-renderer/cjs/react-test-renderer.development.js:7510:7)
      at setState (src/hooks/useLocation.ts:54:5)
      at updateState (src/hooks/useLocation.ts:93:7)
      at asyncGeneratorStep (node_modules/@babel/runtime/helpers/asyncToGenerator.js:3:17)
      at _next (node_modules/@babel/runtime/helpers/asyncToGenerator.js:17:9)

PASS src/hooks/__tests__/useStationNavigation.test.ts
  ● Console

    console.error
      Error loading stations: Error: API error
          at Object.<anonymous> (/Users/younghwankang/Work/LiveMetro/src/hooks/__tests__/useStationNavigation.test.ts:328:60)
          at Generator.next (<anonymous>)
          at asyncGeneratorStep (/Users/younghwankang/Work/LiveMetro/node_modules/@babel/runtime/helpers/asyncToGenerator.js:3:17)
          at _next (/Users/younghwankang/Work/LiveMetro/node_modules/@babel/runtime/helpers/asyncToGenerator.js:17:9)
          at /Users/younghwankang/Work/LiveMetro/node_modules/@babel/runtime/helpers/asyncToGenerator.js:22:7
          at new Promise (<anonymous>)
          at Object.<anonymous> (/Users/younghwankang/Work/LiveMetro/node_modules/@babel/runtime/helpers/asyncToGenerator.js:14:12)
          at Promise.then.completed (/Users/younghwankang/Work/LiveMetro/node_modules/jest-circus/build/utils.js:298:28)
          at new Promise (<anonymous>)
          at callAsyncCircusFn (/Users/younghwankang/Work/LiveMetro/node_modules/jest-circus/build/utils.js:231:10)
          at _callCircusTest (/Users/younghwankang/Work/LiveMetro/node_modules/jest-circus/build/run.js:316:40)
          at _runTest (/Users/younghwankang/Work/LiveMetro/node_modules/jest-circus/build/run.js:252:3)
          at _runTestsForDescribeBlock (/Users/younghwankang/Work/LiveMetro/node_modules/jest-circus/build/run.js:126:9)
          at _runTestsForDescribeBlock (/Users/younghwankang/Work/LiveMetro/node_modules/jest-circus/build/run.js:121:9)
          at _runTestsForDescribeBlock (/Users/younghwankang/Work/LiveMetro/node_modules/jest-circus/build/run.js:121:9)
          at run (/Users/younghwankang/Work/LiveMetro/node_modules/jest-circus/build/run.js:71:3)
          at runAndTransformResultsToJestFormat (/Users/younghwankang/Work/LiveMetro/node_modules/jest-circus/build/legacy-code-todo-rewrite/jestAdapterInit.js:122:21)
          at jestAdapter (/Users/younghwankang/Work/LiveMetro/node_modules/jest-circus/build/legacy-code-todo-rewrite/jestAdapter.js:79:19)
          at runTestInternal (/Users/younghwankang/Work/LiveMetro/node_modules/jest-runner/build/runTest.js:367:16)
          at runTest (/Users/younghwankang/Work/LiveMetro/node_modules/jest-runner/build/runTest.js:444:34)
          at Object.worker (/Users/younghwankang/Work/LiveMetro/node_modules/jest-runner/build/testWorker.js:106:12)

      67 |       }
      68 |     } catch (err) {
    > 69 |       console.error('Error loading stations:', err);
         |               ^
      70 |       setError('역 정보를 불러오는데 실패했습니다.');
      71 |     } finally {
      72 |       setLoading(false);

      at error (src/hooks/useStationNavigation.ts:69:15)
          at Generator.throw (<anonymous>)
      at asyncGeneratorStep (node_modules/@babel/runtime/helpers/asyncToGenerator.js:3:17)
      at _throw (node_modules/@babel/runtime/helpers/asyncToGenerator.js:20:9)


Test Suites: 1 failed, 16 passed, 17 total
Tests:       15 failed, 9 skipped, 358 passed, 382 total
Snapshots:   0 total
Time:        1.985 s, estimated 2 s
Ran all test suites.
